Archive member included to satisfy reference by file (symbol)

../Libraries/lib\libgsl.a(blas.o)
                              Core/Src/calibrate.o (gsl_blas_dgemv)
../Libraries/lib\libgsl.a(error.o)
                              ../Libraries/lib\libgsl.a(blas.o) (gsl_error)
../Libraries/lib\libgsl.a(stream.o)
                              ../Libraries/lib\libgsl.a(error.o) (gsl_stream_printf)
../Libraries/lib\libgsl.a(lt12-init.o)
                              Core/Src/calibrate.o (gsl_matrix_alloc)
../Libraries/lib\libgsl.a(view.o)
                              Core/Src/calibrate.o (gsl_matrix_view_array)
../Libraries/lib\libgsl.a(lt89-view.o)
                              Core/Src/calibrate.o (gsl_vector_view_array)
../Libraries/lib\libgsl.a(init.o)
                              ../Libraries/lib\libgsl.a(lt12-init.o) (gsl_block_complex_long_double_alloc)
../Libraries/lib\libgslcblas.a(sasum.o)
                              ../Libraries/lib\libgsl.a(blas.o) (cblas_sasum)
../Libraries/lib\libgslcblas.a(saxpy.o)
                              ../Libraries/lib\libgsl.a(blas.o) (cblas_saxpy)
../Libraries/lib\libgslcblas.a(scasum.o)
                              ../Libraries/lib\libgsl.a(blas.o) (cblas_scasum)
../Libraries/lib\libgslcblas.a(scnrm2.o)
                              ../Libraries/lib\libgsl.a(blas.o) (cblas_scnrm2)
../Libraries/lib\libgslcblas.a(scopy.o)
                              ../Libraries/lib\libgsl.a(blas.o) (cblas_scopy)
../Libraries/lib\libgslcblas.a(sdot.o)
                              ../Libraries/lib\libgsl.a(blas.o) (cblas_sdot)
../Libraries/lib\libgslcblas.a(sdsdot.o)
                              ../Libraries/lib\libgsl.a(blas.o) (cblas_sdsdot)
../Libraries/lib\libgslcblas.a(sgemm.o)
                              ../Libraries/lib\libgsl.a(blas.o) (cblas_sgemm)
../Libraries/lib\libgslcblas.a(sgemv.o)
                              ../Libraries/lib\libgsl.a(blas.o) (cblas_sgemv)
../Libraries/lib\libgslcblas.a(sger.o)
                              ../Libraries/lib\libgsl.a(blas.o) (cblas_sger)
../Libraries/lib\libgslcblas.a(snrm2.o)
                              ../Libraries/lib\libgsl.a(blas.o) (cblas_snrm2)
../Libraries/lib\libgslcblas.a(srot.o)
                              ../Libraries/lib\libgsl.a(blas.o) (cblas_srot)
../Libraries/lib\libgslcblas.a(srotg.o)
                              ../Libraries/lib\libgsl.a(blas.o) (cblas_srotg)
../Libraries/lib\libgslcblas.a(srotm.o)
                              ../Libraries/lib\libgsl.a(blas.o) (cblas_srotm)
../Libraries/lib\libgslcblas.a(srotmg.o)
                              ../Libraries/lib\libgsl.a(blas.o) (cblas_srotmg)
../Libraries/lib\libgslcblas.a(sscal.o)
                              ../Libraries/lib\libgsl.a(blas.o) (cblas_sscal)
../Libraries/lib\libgslcblas.a(sswap.o)
                              ../Libraries/lib\libgsl.a(blas.o) (cblas_sswap)
../Libraries/lib\libgslcblas.a(ssymm.o)
                              ../Libraries/lib\libgsl.a(blas.o) (cblas_ssymm)
../Libraries/lib\libgslcblas.a(ssymv.o)
                              ../Libraries/lib\libgsl.a(blas.o) (cblas_ssymv)
../Libraries/lib\libgslcblas.a(ssyr.o)
                              ../Libraries/lib\libgsl.a(blas.o) (cblas_ssyr)
../Libraries/lib\libgslcblas.a(ssyr2.o)
                              ../Libraries/lib\libgsl.a(blas.o) (cblas_ssyr2)
../Libraries/lib\libgslcblas.a(ssyr2k.o)
                              ../Libraries/lib\libgsl.a(blas.o) (cblas_ssyr2k)
../Libraries/lib\libgslcblas.a(ssyrk.o)
                              ../Libraries/lib\libgsl.a(blas.o) (cblas_ssyrk)
../Libraries/lib\libgslcblas.a(strmm.o)
                              ../Libraries/lib\libgsl.a(blas.o) (cblas_strmm)
../Libraries/lib\libgslcblas.a(strmv.o)
                              ../Libraries/lib\libgsl.a(blas.o) (cblas_strmv)
../Libraries/lib\libgslcblas.a(strsm.o)
                              ../Libraries/lib\libgsl.a(blas.o) (cblas_strsm)
../Libraries/lib\libgslcblas.a(strsv.o)
                              ../Libraries/lib\libgsl.a(blas.o) (cblas_strsv)
../Libraries/lib\libgslcblas.a(dasum.o)
                              ../Libraries/lib\libgsl.a(blas.o) (cblas_dasum)
../Libraries/lib\libgslcblas.a(daxpy.o)
                              ../Libraries/lib\libgsl.a(blas.o) (cblas_daxpy)
../Libraries/lib\libgslcblas.a(dcopy.o)
                              ../Libraries/lib\libgsl.a(blas.o) (cblas_dcopy)
../Libraries/lib\libgslcblas.a(ddot.o)
                              ../Libraries/lib\libgsl.a(blas.o) (cblas_ddot)
../Libraries/lib\libgslcblas.a(dgemm.o)
                              ../Libraries/lib\libgsl.a(blas.o) (cblas_dgemm)
../Libraries/lib\libgslcblas.a(dgemv.o)
                              ../Libraries/lib\libgsl.a(blas.o) (cblas_dgemv)
../Libraries/lib\libgslcblas.a(dger.o)
                              ../Libraries/lib\libgsl.a(blas.o) (cblas_dger)
../Libraries/lib\libgslcblas.a(dnrm2.o)
                              ../Libraries/lib\libgsl.a(blas.o) (cblas_dnrm2)
[...]
Memory Configuration

Name             Origin             Length             Attributes
RAM              0x0000000020000000 0x0000000000018000 xrw
FLASH            0x0000000008000000 0x0000000000080000 xr
*default*        0x0000000000000000 0xffffffffffffffff

Linker script and memory map

LOAD c:/st/stm32cubeide_1.4.0/stm32cubeide/plugins/com.st.stm32cube.ide.mcu.externaltools.gnu-tools-for-stm32.7-2018-q2-update.win32_1.4.0.202007081208/tools/bin/../lib/gcc/arm-none-eabi/7.3.1/thumb/v7e-m/fpv4-sp/hard/crti.o
LOAD c:/st/stm32cubeide_1.4.0/stm32cubeide/plugins/com.st.stm32cube.ide.mcu.externaltools.gnu-tools-for-stm32.7-2018-q2-update.win32_1.4.0.202007081208/tools/bin/../lib/gcc/arm-none-eabi/7.3.1/thumb/v7e-m/fpv4-sp/hard/crtbegin.o
LOAD c:/st/stm32cubeide_1.4.0/stm32cubeide/plugins/com.st.stm32cube.ide.mcu.externaltools.gnu-tools-for-stm32.7-2018-q2-update.win32_1.4.0.202007081208/tools/bin/../lib/gcc/arm-none-eabi/7.3.1/../../../../arm-none-eabi/lib/thumb/v7e-m/fpv4-sp/hard/crt0.o
LOAD Core/Src/calibrate.o
LOAD Core/Src/clock_config.o
LOAD Core/Src/data_polling.o
LOAD Core/Src/dma_burst.o
LOAD Core/Src/gpio.o
LOAD Core/Src/ldm6dsl.o
LOAD Core/Src/main.o
LOAD Core/Src/nintegration.o
LOAD Core/Src/pwm.o
LOAD Core/Src/spi.o
LOAD Core/Src/stm32f4xx_hal_msp.o
LOAD Core/Src/stm32f4xx_it.o
LOAD Core/Src/syscalls.o
LOAD Core/Src/sysmem.o
LOAD Core/Src/system_stm32f4xx.o
LOAD Core/Src/uart.o
LOAD Core/Startup/startup_stm32f401retx.o
LOAD Drivers/STM32F4xx_HAL_Driver/Src/stm32f4xx_hal.o
LOAD Drivers/STM32F4xx_HAL_Driver/Src/stm32f4xx_hal_cortex.o
LOAD Drivers/STM32F4xx_HAL_Driver/Src/stm32f4xx_hal_dma.o
LOAD Drivers/STM32F4xx_HAL_Driver/Src/stm32f4xx_hal_dma_ex.o
LOAD Drivers/STM32F4xx_HAL_Driver/Src/stm32f4xx_hal_exti.o
LOAD Drivers/STM32F4xx_HAL_Driver/Src/stm32f4xx_hal_flash.o
LOAD Drivers/STM32F4xx_HAL_Driver/Src/stm32f4xx_hal_flash_ex.o
LOAD Drivers/STM32F4xx_HAL_Driver/Src/stm32f4xx_hal_flash_ramfunc.o
LOAD Drivers/STM32F4xx_HAL_Driver/Src/stm32f4xx_hal_gpio.o
LOAD Drivers/STM32F4xx_HAL_Driver/Src/stm32f4xx_hal_pwr.o
LOAD Drivers/STM32F4xx_HAL_Driver/Src/stm32f4xx_hal_pwr_ex.o
LOAD Drivers/STM32F4xx_HAL_Driver/Src/stm32f4xx_hal_rcc.o
LOAD Drivers/STM32F4xx_HAL_Driver/Src/stm32f4xx_hal_rcc_ex.o
LOAD Drivers/STM32F4xx_HAL_Driver/Src/stm32f4xx_hal_spi.o
LOAD Drivers/STM32F4xx_HAL_Driver/Src/stm32f4xx_hal_tim.o
LOAD Drivers/STM32F4xx_HAL_Driver/Src/stm32f4xx_hal_tim_ex.o
LOAD Drivers/STM32F4xx_HAL_Driver/Src/stm32f4xx_hal_uart.o
LOAD ../Libraries/lib\libgsl.a
LOAD ../Libraries/lib\libgslcblas.a
START GROUP
LOAD c:/st/stm32cubeide_1.4.0/stm32cubeide/plugins/com.st.stm32cube.ide.mcu.externaltools.gnu-tools-for-stm32.7-2018-q2-update.win32_1.4.0.202007081208/tools/bin/../lib/gcc/arm-none-eabi/7.3.1/../../../../arm-none-eabi/lib/thumb/v7e-m/fpv4-sp/hard\libc_nano.a
LOAD c:/st/stm32cubeide_1.4.0/stm32cubeide/plugins/com.st.stm32cube.ide.mcu.externaltools.gnu-tools-for-stm32.7-2018-q2-update.win32_1.4.0.202007081208/tools/bin/../lib/gcc/arm-none-eabi/7.3.1/../../../../arm-none-eabi/lib/thumb/v7e-m/fpv4-sp/hard\libm.a
END GROUP
START GROUP
LOAD c:/st/stm32cubeide_1.4.0/stm32cubeide/plugins/com.st.stm32cube.ide.mcu.externaltools.gnu-tools-for-stm32.7-2018-q2-update.win32_1.4.0.202007081208/tools/bin/../lib/gcc/arm-none-eabi/7.3.1/thumb/v7e-m/fpv4-sp/hard\libgcc.a
LOAD c:/st/stm32cubeide_1.4.0/stm32cubeide/plugins/com.st.stm32cube.ide.mcu.externaltools.gnu-tools-for-stm32.7-2018-q2-update.win32_1.4.0.202007081208/tools/bin/../lib/gcc/arm-none-eabi/7.3.1/../../../../arm-none-eabi/lib/thumb/v7e-m/fpv4-sp/hard\libc_nano.a
END GROUP
START GROUP
LOAD c:/st/stm32cubeide_1.4.0/stm32cubeide/plugins/com.st.stm32cube.ide.mcu.externaltools.gnu-tools-for-stm32.7-2018-q2-update.win32_1.4.0.202007081208/tools/bin/../lib/gcc/arm-none-eabi/7.3.1/thumb/v7e-m/fpv4-sp/hard\libgcc.a
LOAD c:/st/stm32cubeide_1.4.0/stm32cubeide/plugins/com.st.stm32cube.ide.mcu.externaltools.gnu-tools-for-stm32.7-2018-q2-update.win32_1.4.0.202007081208/tools/bin/../lib/gcc/arm-none-eabi/7.3.1/../../../../arm-none-eabi/lib/thumb/v7e-m/fpv4-sp/hard\libc_nano.a
LOAD c:/st/stm32cubeide_1.4.0/stm32cubeide/plugins/com.st.stm32cube.ide.mcu.externaltools.gnu-tools-for-stm32.7-2018-q2-update.win32_1.4.0.202007081208/tools/bin/../lib/gcc/arm-none-eabi/7.3.1/../../../../arm-none-eabi/lib/thumb/v7e-m/fpv4-sp/hard\libnosys.a
END GROUP
START GROUP
LOAD c:/st/stm32cubeide_1.4.0/stm32cubeide/plugins/com.st.stm32cube.ide.mcu.externaltools.gnu-tools-for-stm32.7-2018-q2-update.win32_1.4.0.202007081208/tools/bin/../lib/gcc/arm-none-eabi/7.3.1/thumb/v7e-m/fpv4-sp/hard\libgcc.a
LOAD c:/st/stm32cubeide_1.4.0/stm32cubeide/plugins/com.st.stm32cube.ide.mcu.externaltools.gnu-tools-for-stm32.7-2018-q2-update.win32_1.4.0.202007081208/tools/bin/../lib/gcc/arm-none-eabi/7.3.1/../../../../arm-none-eabi/lib/thumb/v7e-m/fpv4-sp/hard\libc_nano.a
LOAD c:/st/stm32cubeide_1.4.0/stm32cubeide/plugins/com.st.stm32cube.ide.mcu.externaltools.gnu-tools-for-stm32.7-2018-q2-update.win32_1.4.0.202007081208/tools/bin/../lib/gcc/arm-none-eabi/7.3.1/../../../../arm-none-eabi/lib/thumb/v7e-m/fpv4-sp/hard\libnosys.a
END GROUP
LOAD c:/st/stm32cubeide_1.4.0/stm32cubeide/plugins/com.st.stm32cube.ide.mcu.externaltools.gnu-tools-for-stm32.7-2018-q2-update.win32_1.4.0.202007081208/tools/bin/../lib/gcc/arm-none-eabi/7.3.1/thumb/v7e-m/fpv4-sp/hard/crtend.o
LOAD c:/st/stm32cubeide_1.4.0/stm32cubeide/plugins/com.st.stm32cube.ide.mcu.externaltools.gnu-tools-for-stm32.7-2018-q2-update.win32_1.4.0.202007081208/tools/bin/../lib/gcc/arm-none-eabi/7.3.1/thumb/v7e-m/fpv4-sp/hard/crtn.o
                0x0000000020018000                _estack = (ORIGIN (RAM) + LENGTH (RAM))
                0x0000000000000200                _Min_Heap_Size = 0x200
                0x0000000000000400                _Min_Stack_Size = 0x400

.isr_vector     0x0000000008000000      0x194
                0x0000000008000000                . = ALIGN (0x4)
 *(.isr_vector)
 .isr_vector    0x0000000008000000      0x194 Core/Startup/startup_stm32f401retx.o
                0x0000000008000000                g_pfnVectors
                0x0000000008000194                . = ALIGN (0x4)

.text           0x00000000080001a0    0x30ca4
                0x00000000080001a0                . = ALIGN (0x4)
 *(.text)
 .text          0x00000000080001a0       0x40 c:/st/stm32cubeide_1.4.0/stm32cubeide/plugins/com.st.stm32cube.ide.mcu.externaltools.gnu-tools-for-stm32.7-2018-q2-update.win32_1.4.0.202007081208/tools/bin/../lib/gcc/arm-none-eabi/7.3.1/thumb/v7e-m/fpv4-sp/hard/crtbegin.o
 .text          0x00000000080001e0     0x267c ../Libraries/lib\libgsl.a(blas.o)
                0x00000000080001e0                gsl_blas_sdsdot
                0x0000000008000224                gsl_blas_dsdot
                0x0000000008000268                gsl_blas_sdot
                0x00000000080002ac                gsl_blas_ddot
                0x00000000080002f0                gsl_blas_cdotu
                0x0000000008000330                gsl_blas_cdotc
                0x0000000008000370                gsl_blas_zdotu
                0x00000000080003b0                gsl_blas_zdotc
                0x00000000080003f0                gsl_blas_snrm2
                0x00000000080003fc                gsl_blas_dnrm2
                0x0000000008000408                gsl_blas_scnrm2
                0x0000000008000414                gsl_blas_dznrm2
                0x0000000008000420                gsl_blas_sasum
                0x000000000800042c                gsl_blas_dasum
                0x0000000008000438                gsl_blas_scasum
                0x0000000008000444                gsl_blas_dzasum
                0x0000000008000450                gsl_blas_isamax
                0x000000000800045c                gsl_blas_idamax
                0x0000000008000468                gsl_blas_icamax
                0x0000000008000474                gsl_blas_izamax
                0x0000000008000480                gsl_blas_sswap
                0x00000000080004c0                gsl_blas_dswap
                0x0000000008000500                gsl_blas_cswap
                0x0000000008000540                gsl_blas_zswap
                0x0000000008000580                gsl_blas_scopy
                0x00000000080005c0                gsl_blas_dcopy
                0x0000000008000600                gsl_blas_ccopy
                0x0000000008000640                gsl_blas_zcopy
                0x0000000008000680                gsl_blas_saxpy
                0x00000000080006c0                gsl_blas_daxpy
                0x0000000008000700                gsl_blas_caxpy
                0x000000000800074c                gsl_blas_zaxpy
                0x0000000008000798                gsl_blas_srotg
                0x00000000080007a4                gsl_blas_drotg
                0x00000000080007b0                gsl_blas_srot
                0x00000000080007f0                gsl_blas_drot
                0x0000000008000830                gsl_blas_srotmg
                0x000000000800083c                gsl_blas_drotmg
                0x0000000008000848                gsl_blas_srotm
                0x0000000008000888                gsl_blas_drotm
                0x00000000080008c8                gsl_blas_sscal
                0x00000000080008d4                gsl_blas_dscal
                0x00000000080008e0                gsl_blas_cscal
                0x0000000008000900                gsl_blas_zscal
                0x0000000008000920                gsl_blas_csscal
                0x000000000800092c                gsl_blas_zdscal
                0x0000000008000938                gsl_blas_sgemv
                0x00000000080009a8                gsl_blas_dgemv
                0x0000000008000a18                gsl_blas_cgemv
                0x0000000008000ab4                gsl_blas_zgemv
                0x0000000008000b50                gsl_blas_chemv
                0x0000000008000bdc                gsl_blas_zhemv
                0x0000000008000c68                gsl_blas_ssymv
                0x0000000008000ce0                gsl_blas_dsymv
                0x0000000008000d58                gsl_blas_strmv
                0x0000000008000dc4                gsl_blas_dtrmv
                0x0000000008000e30                gsl_blas_ctrmv
                0x0000000008000e9c                gsl_blas_ztrmv
                0x0000000008000f08                gsl_blas_strsv
                0x0000000008000f74                gsl_blas_dtrsv
                0x0000000008000fe0                gsl_blas_ctrsv
                0x000000000800104c                gsl_blas_ztrsv
                0x00000000080010b8                gsl_blas_sger
                0x0000000008001110                gsl_blas_dger
                0x0000000008001168                gsl_blas_cgeru
                0x00000000080011cc                gsl_blas_zgeru
                0x0000000008001230                gsl_blas_cgerc
                0x0000000008001294                gsl_blas_zgerc
                0x00000000080012f8                gsl_blas_cher
                0x0000000008001360                gsl_blas_zher
                0x00000000080013c8                gsl_blas_cher2
                0x0000000008001448                gsl_blas_zher2
                0x00000000080014c8                gsl_blas_ssyr
                0x0000000008001530                gsl_blas_dsyr
                0x0000000008001598                gsl_blas_ssyr2
                0x0000000008001610                gsl_blas_dsyr2
                0x0000000008001688                gsl_blas_sgemm
                0x0000000008001714                gsl_blas_dgemm
                0x00000000080017a0                gsl_blas_cgemm
                0x0000000008001840                gsl_blas_zgemm
                0x00000000080018e8                gsl_blas_ssymm
                0x0000000008001980                gsl_blas_dsymm
                0x0000000008001a18                gsl_blas_csymm
                0x0000000008001ad8                gsl_blas_zsymm
                0x0000000008001b90                gsl_blas_chemm
                0x0000000008001c50                gsl_blas_zhemm
                0x0000000008001d08                gsl_blas_ssyrk
                0x0000000008001d80                gsl_blas_dsyrk
                0x0000000008001df8                gsl_blas_csyrk
                0x0000000008001e88                gsl_blas_zsyrk
                0x0000000008001f18                gsl_blas_cherk
                0x0000000008001f90                gsl_blas_zherk
                0x0000000008002008                gsl_blas_ssyr2k
                0x00000000080020a8                gsl_blas_dsyr2k
                0x0000000008002148                gsl_blas_csyr2k
                0x0000000008002204                gsl_blas_zsyr2k
                0x00000000080022c0                gsl_blas_cher2k
                0x000000000800236c                gsl_blas_zher2k
                0x000000000800241c                gsl_blas_strmm
                0x000000000800249c                gsl_blas_dtrmm
                0x000000000800251c                gsl_blas_ctrmm
                0x00000000080025ac                gsl_blas_ztrmm
                0x000000000800263c                gsl_blas_strsm
                0x00000000080026bc                gsl_blas_dtrsm
                0x000000000800273c                gsl_blas_ctrsm
                0x00000000080027cc                gsl_blas_ztrsm
 .text          0x000000000800285c       0x78 ../Libraries/lib\libgsl.a(error.o)
                0x0000000008002860                gsl_error
                0x00000000080028b0                gsl_set_error_handler
                0x00000000080028c0                gsl_set_error_handler_off
 .text          0x00000000080028d4       0x78 ../Libraries/lib\libgsl.a(stream.o)
                0x00000000080028d4                gsl_stream_printf
                0x000000000800291c                gsl_set_stream_handler
                0x000000000800292c                gsl_set_stream
 .text          0x000000000800294c     0x2388 ../Libraries/lib\libgsl.a(lt12-init.o)
                0x000000000800294c                gsl_matrix_complex_long_double_alloc
                0x00000000080029a8                gsl_matrix_complex_long_double_calloc
                0x00000000080029e0                gsl_matrix_complex_long_double_alloc_from_block
                0x0000000008002a68                gsl_matrix_complex_long_double_alloc_from_matrix
                0x0000000008002af8                gsl_matrix_complex_long_double_free
                0x0000000008002b20                gsl_matrix_complex_long_double_set_identity
                0x0000000008002b80                gsl_matrix_complex_long_double_set_zero
                0x0000000008002bc4                gsl_matrix_complex_long_double_set_all
                0x0000000008002c1c                gsl_matrix_complex_alloc
                0x0000000008002c78                gsl_matrix_complex_calloc
                0x0000000008002cb0                gsl_matrix_complex_alloc_from_block
                0x0000000008002d38                gsl_matrix_complex_alloc_from_matrix
                0x0000000008002dc8                gsl_matrix_complex_free
                0x0000000008002df0                gsl_matrix_complex_set_identity
                0x0000000008002e50                gsl_matrix_complex_set_zero
                0x0000000008002e94                gsl_matrix_complex_set_all
                0x0000000008002eec                gsl_matrix_complex_float_alloc
                0x0000000008002f48                gsl_matrix_complex_float_calloc
                0x0000000008002f7c                gsl_matrix_complex_float_alloc_from_block
                0x0000000008003004                gsl_matrix_complex_float_alloc_from_matrix
                0x0000000008003094                gsl_matrix_complex_float_free
                0x00000000080030bc                gsl_matrix_complex_float_set_identity
                0x00000000080030fc                gsl_matrix_complex_float_set_zero
                0x0000000008003134                gsl_matrix_complex_float_set_all
                0x000000000800317c                gsl_matrix_long_double_alloc
                0x00000000080031d8                gsl_matrix_long_double_calloc
                0x000000000800320c                gsl_matrix_long_double_alloc_from_block
                0x0000000008003294                gsl_matrix_long_double_alloc_from_matrix
                0x0000000008003324                gsl_matrix_long_double_free
                0x000000000800334c                gsl_matrix_long_double_set_identity
                0x00000000080033a4                gsl_matrix_long_double_set_zero
                0x00000000080033e0                gsl_matrix_long_double_set_all
                0x0000000008003414                gsl_matrix_alloc
                0x0000000008003470                gsl_matrix_calloc
                0x00000000080034a4                gsl_matrix_alloc_from_block
                0x000000000800352c                gsl_matrix_alloc_from_matrix
                0x00000000080035bc                gsl_matrix_free
                0x00000000080035e4                gsl_matrix_set_identity
                0x000000000800363c                gsl_matrix_set_zero
                0x0000000008003678                gsl_matrix_set_all
                0x00000000080036ac                gsl_matrix_float_alloc
                0x0000000008003708                gsl_matrix_float_calloc
                0x000000000800373c                gsl_matrix_float_alloc_from_block
                0x00000000080037c4                gsl_matrix_float_alloc_from_matrix
                0x0000000008003854                gsl_matrix_float_free
                0x000000000800387c                gsl_matrix_float_set_identity
                0x00000000080038c4                gsl_matrix_float_set_zero
                0x00000000080038f8                gsl_matrix_float_set_all
                0x000000000800392c                gsl_matrix_ulong_alloc
                0x0000000008003988                gsl_matrix_ulong_calloc
                0x00000000080039c0                gsl_matrix_ulong_alloc_from_block
                0x0000000008003a48                gsl_matrix_ulong_alloc_from_matrix
                0x0000000008003ad8                gsl_matrix_ulong_free
                0x0000000008003b00                gsl_matrix_ulong_set_identity
                0x0000000008003b38                gsl_matrix_ulong_set_zero
                0x0000000008003b6c                gsl_matrix_ulong_set_all
                0x0000000008003ba0                gsl_matrix_long_alloc
                0x0000000008003bfc                gsl_matrix_long_calloc
                0x0000000008003c34                gsl_matrix_long_alloc_from_block
                0x0000000008003cbc                gsl_matrix_long_alloc_from_matrix
                0x0000000008003d4c                gsl_matrix_long_free
                0x0000000008003d74                gsl_matrix_long_set_identity
                0x0000000008003dac                gsl_matrix_long_set_zero
                0x0000000008003de0                gsl_matrix_long_set_all
                0x0000000008003e14                gsl_matrix_uint_alloc
                0x0000000008003e70                gsl_matrix_uint_calloc
                0x0000000008003ea8                gsl_matrix_uint_alloc_from_block
                0x0000000008003f30                gsl_matrix_uint_alloc_from_matrix
                0x0000000008003fc0                gsl_matrix_uint_free
                0x0000000008003fe8                gsl_matrix_uint_set_identity
                0x0000000008004020                gsl_matrix_uint_set_zero
                0x0000000008004054                gsl_matrix_uint_set_all
                0x0000000008004088                gsl_matrix_int_alloc
                0x00000000080040e4                gsl_matrix_int_calloc
                0x000000000800411c                gsl_matrix_int_alloc_from_block
                0x00000000080041a4                gsl_matrix_int_alloc_from_matrix
                0x0000000008004234                gsl_matrix_int_free
                0x000000000800425c                gsl_matrix_int_set_identity
                0x0000000008004294                gsl_matrix_int_set_zero
                0x00000000080042c8                gsl_matrix_int_set_all
                0x00000000080042fc                gsl_matrix_ushort_alloc
                0x0000000008004358                gsl_matrix_ushort_calloc
                0x0000000008004390                gsl_matrix_ushort_alloc_from_block
                0x0000000008004418                gsl_matrix_ushort_alloc_from_matrix
                0x00000000080044a8                gsl_matrix_ushort_free
                0x00000000080044d0                gsl_matrix_ushort_set_identity
                0x0000000008004508                gsl_matrix_ushort_set_zero
                0x000000000800453c                gsl_matrix_ushort_set_all
                0x0000000008004570                gsl_matrix_short_alloc
                0x00000000080045cc                gsl_matrix_short_calloc
                0x0000000008004604                gsl_matrix_short_alloc_from_block
                0x000000000800468c                gsl_matrix_short_alloc_from_matrix
                0x000000000800471c                gsl_matrix_short_free
                0x0000000008004744                gsl_matrix_short_set_identity
                0x000000000800477c                gsl_matrix_short_set_zero
                0x00000000080047b0                gsl_matrix_short_set_all
                0x00000000080047e4                gsl_matrix_uchar_alloc
                0x0000000008004840                gsl_matrix_uchar_calloc
                0x0000000008004870                gsl_matrix_uchar_alloc_from_block
                0x00000000080048f4                gsl_matrix_uchar_alloc_from_matrix
                0x0000000008004984                gsl_matrix_uchar_free
                0x00000000080049ac                gsl_matrix_uchar_set_identity
                0x00000000080049f4                gsl_matrix_uchar_set_zero
                0x0000000008004a28                gsl_matrix_uchar_set_all
                0x0000000008004a5c                gsl_matrix_char_alloc
                0x0000000008004ab8                gsl_matrix_char_calloc
                0x0000000008004ae8                gsl_matrix_char_alloc_from_block
                0x0000000008004b6c                gsl_matrix_char_alloc_from_matrix
                0x0000000008004bfc                gsl_matrix_char_free
                0x0000000008004c24                gsl_matrix_char_set_identity
                0x0000000008004c6c                gsl_matrix_char_set_zero
                0x0000000008004ca0                gsl_matrix_char_set_all
 .text          0x0000000008004cd4     0x20d0 ../Libraries/lib\libgsl.a(view.o)
                0x0000000008004cd4                gsl_matrix_complex_long_double_view_array
                0x0000000008004ce8                gsl_matrix_complex_long_double_view_array_with_tda
                0x0000000008004d2c                gsl_matrix_complex_long_double_view_vector
                0x0000000008004d8c                gsl_matrix_complex_long_double_view_vector_with_tda
                0x0000000008004e00                gsl_matrix_complex_view_array
                0x0000000008004e14                gsl_matrix_complex_view_array_with_tda
                0x0000000008004e58                gsl_matrix_complex_view_vector
                0x0000000008004eb8                gsl_matrix_complex_view_vector_with_tda
                0x0000000008004f2c                gsl_matrix_complex_float_view_array
                0x0000000008004f40                gsl_matrix_complex_float_view_array_with_tda
                0x0000000008004f84                gsl_matrix_complex_float_view_vector
                0x0000000008004fe4                gsl_matrix_complex_float_view_vector_with_tda
                0x0000000008005058                gsl_matrix_long_double_view_array
                0x000000000800506c                gsl_matrix_long_double_view_array_with_tda
                0x00000000080050b0                gsl_matrix_long_double_view_vector
                0x0000000008005110                gsl_matrix_long_double_view_vector_with_tda
                0x0000000008005184                gsl_matrix_view_array
                0x0000000008005198                gsl_matrix_view_array_with_tda
                0x00000000080051dc                gsl_matrix_view_vector
                0x000000000800523c                gsl_matrix_view_vector_with_tda
                0x00000000080052b0                gsl_matrix_float_view_array
                0x00000000080052c4                gsl_matrix_float_view_array_with_tda
                0x0000000008005308                gsl_matrix_float_view_vector
                0x0000000008005368                gsl_matrix_float_view_vector_with_tda
                0x00000000080053dc                gsl_matrix_ulong_view_array
                0x00000000080053f0                gsl_matrix_ulong_view_array_with_tda
                0x0000000008005434                gsl_matrix_ulong_view_vector
                0x0000000008005494                gsl_matrix_ulong_view_vector_with_tda
                0x0000000008005508                gsl_matrix_long_view_array
                0x000000000800551c                gsl_matrix_long_view_array_with_tda
                0x0000000008005560                gsl_matrix_long_view_vector
                0x00000000080055c0                gsl_matrix_long_view_vector_with_tda
                0x0000000008005634                gsl_matrix_uint_view_array
                0x0000000008005648                gsl_matrix_uint_view_array_with_tda
                0x000000000800568c                gsl_matrix_uint_view_vector
                0x00000000080056ec                gsl_matrix_uint_view_vector_with_tda
                0x0000000008005760                gsl_matrix_int_view_array
                0x0000000008005774                gsl_matrix_int_view_array_with_tda
                0x00000000080057b8                gsl_matrix_int_view_vector
                0x0000000008005818                gsl_matrix_int_view_vector_with_tda
                0x000000000800588c                gsl_matrix_ushort_view_array
                0x00000000080058a0                gsl_matrix_ushort_view_array_with_tda
                0x00000000080058e4                gsl_matrix_ushort_view_vector
                0x0000000008005944                gsl_matrix_ushort_view_vector_with_tda
                0x00000000080059b8                gsl_matrix_short_view_array
                0x00000000080059cc                gsl_matrix_short_view_array_with_tda
                0x0000000008005a10                gsl_matrix_short_view_vector
                0x0000000008005a70                gsl_matrix_short_view_vector_with_tda
                0x0000000008005ae4                gsl_matrix_uchar_view_array
                0x0000000008005af8                gsl_matrix_uchar_view_array_with_tda
                0x0000000008005b3c                gsl_matrix_uchar_view_vector
                0x0000000008005b9c                gsl_matrix_uchar_view_vector_with_tda
                0x0000000008005c10                gsl_matrix_char_view_array
                0x0000000008005c24                gsl_matrix_char_view_array_with_tda
                0x0000000008005c68                gsl_matrix_char_view_vector
                0x0000000008005cc8                gsl_matrix_char_view_vector_with_tda
                0x0000000008005d3c                gsl_matrix_complex_long_double_const_view_array
                0x0000000008005d50                gsl_matrix_complex_long_double_const_view_array_with_tda
                0x0000000008005d94                gsl_matrix_complex_long_double_const_view_vector
                0x0000000008005df4                gsl_matrix_complex_long_double_const_view_vector_with_tda
                0x0000000008005e68                gsl_matrix_complex_const_view_array
                0x0000000008005e7c                gsl_matrix_complex_const_view_array_with_tda
                0x0000000008005ec0                gsl_matrix_complex_const_view_vector
                0x0000000008005f20                gsl_matrix_complex_const_view_vector_with_tda
                0x0000000008005f94                gsl_matrix_complex_float_const_view_array
                0x0000000008005fa8                gsl_matrix_complex_float_const_view_array_with_tda
                0x0000000008005fec                gsl_matrix_complex_float_const_view_vector
                0x000000000800604c                gsl_matrix_complex_float_const_view_vector_with_tda
                0x00000000080060c0                gsl_matrix_long_double_const_view_array
                0x00000000080060d4                gsl_matrix_long_double_const_view_array_with_tda
                0x0000000008006118                gsl_matrix_long_double_const_view_vector
                0x0000000008006178                gsl_matrix_long_double_const_view_vector_with_tda
                0x00000000080061ec                gsl_matrix_const_view_array
                0x0000000008006200                gsl_matrix_const_view_array_with_tda
                0x0000000008006244                gsl_matrix_const_view_vector
                0x00000000080062a4                gsl_matrix_const_view_vector_with_tda
                0x0000000008006318                gsl_matrix_float_const_view_array
                0x000000000800632c                gsl_matrix_float_const_view_array_with_tda
                0x0000000008006370                gsl_matrix_float_const_view_vector
                0x00000000080063d0                gsl_matrix_float_const_view_vector_with_tda
                0x0000000008006444                gsl_matrix_ulong_const_view_array
                0x0000000008006458                gsl_matrix_ulong_const_view_array_with_tda
                0x000000000800649c                gsl_matrix_ulong_const_view_vector
                0x00000000080064fc                gsl_matrix_ulong_const_view_vector_with_tda
                0x0000000008006570                gsl_matrix_long_const_view_array
                0x0000000008006584                gsl_matrix_long_const_view_array_with_tda
                0x00000000080065c8                gsl_matrix_long_const_view_vector
                0x0000000008006628                gsl_matrix_long_const_view_vector_with_tda
                0x000000000800669c                gsl_matrix_uint_const_view_array
                0x00000000080066b0                gsl_matrix_uint_const_view_array_with_tda
                0x00000000080066f4                gsl_matrix_uint_const_view_vector
                0x0000000008006754                gsl_matrix_uint_const_view_vector_with_tda
                0x00000000080067c8                gsl_matrix_int_const_view_array
                0x00000000080067dc                gsl_matrix_int_const_view_array_with_tda
                0x0000000008006820                gsl_matrix_int_const_view_vector
                0x0000000008006880                gsl_matrix_int_const_view_vector_with_tda
                0x00000000080068f4                gsl_matrix_ushort_const_view_array
                0x0000000008006908                gsl_matrix_ushort_const_view_array_with_tda
                0x000000000800694c                gsl_matrix_ushort_const_view_vector
                0x00000000080069ac                gsl_matrix_ushort_const_view_vector_with_tda
                0x0000000008006a20                gsl_matrix_short_const_view_array
                0x0000000008006a34                gsl_matrix_short_const_view_array_with_tda
                0x0000000008006a78                gsl_matrix_short_const_view_vector
                0x0000000008006ad8                gsl_matrix_short_const_view_vector_with_tda
                0x0000000008006b4c                gsl_matrix_uchar_const_view_array
                0x0000000008006b60                gsl_matrix_uchar_const_view_array_with_tda
                0x0000000008006ba4                gsl_matrix_uchar_const_view_vector
                0x0000000008006c04                gsl_matrix_uchar_const_view_vector_with_tda
                0x0000000008006c78                gsl_matrix_char_const_view_array
                0x0000000008006c8c                gsl_matrix_char_const_view_array_with_tda
                0x0000000008006cd0                gsl_matrix_char_const_view_vector
                0x0000000008006d30                gsl_matrix_char_const_view_vector_with_tda
 .text          0x0000000008006da4      0x8c0 ../Libraries/lib\libgsl.a(lt89-view.o)
                0x0000000008006da4                gsl_vector_complex_long_double_view_array
                0x0000000008006db8                gsl_vector_complex_long_double_view_array_with_stride
                0x0000000008006df4                gsl_vector_complex_view_array
                0x0000000008006e08                gsl_vector_complex_view_array_with_stride
                0x0000000008006e44                gsl_vector_complex_float_view_array
                0x0000000008006e58                gsl_vector_complex_float_view_array_with_stride
                0x0000000008006e94                gsl_vector_long_double_view_array
                0x0000000008006ea8                gsl_vector_long_double_view_array_with_stride
                0x0000000008006ee4                gsl_vector_view_array
                0x0000000008006ef8                gsl_vector_view_array_with_stride
                0x0000000008006f34                gsl_vector_float_view_array
                0x0000000008006f48                gsl_vector_float_view_array_with_stride
                0x0000000008006f84                gsl_vector_ulong_view_array
                0x0000000008006f98                gsl_vector_ulong_view_array_with_stride
                0x0000000008006fd4                gsl_vector_long_view_array
                0x0000000008006fe8                gsl_vector_long_view_array_with_stride
                0x0000000008007024                gsl_vector_uint_view_array
                0x0000000008007038                gsl_vector_uint_view_array_with_stride
                0x0000000008007074                gsl_vector_int_view_array
                0x0000000008007088                gsl_vector_int_view_array_with_stride
                0x00000000080070c4                gsl_vector_ushort_view_array
                0x00000000080070d8                gsl_vector_ushort_view_array_with_stride
                0x0000000008007114                gsl_vector_short_view_array
                0x0000000008007128                gsl_vector_short_view_array_with_stride
                0x0000000008007164                gsl_vector_uchar_view_array
                0x0000000008007178                gsl_vector_uchar_view_array_with_stride
                0x00000000080071b4                gsl_vector_char_view_array
                0x00000000080071c8                gsl_vector_char_view_array_with_stride
                0x0000000008007204                gsl_vector_complex_long_double_const_view_array
                0x0000000008007218                gsl_vector_complex_long_double_const_view_array_with_stride
                0x0000000008007254                gsl_vector_complex_const_view_array
                0x0000000008007268                gsl_vector_complex_const_view_array_with_stride
                0x00000000080072a4                gsl_vector_complex_float_const_view_array
                0x00000000080072b8                gsl_vector_complex_float_const_view_array_with_stride
                0x00000000080072f4                gsl_vector_long_double_const_view_array
                0x0000000008007308                gsl_vector_long_double_const_view_array_with_stride
                0x0000000008007344                gsl_vector_const_view_array
                0x0000000008007358                gsl_vector_const_view_array_with_stride
                0x0000000008007394                gsl_vector_float_const_view_array
                0x00000000080073a8                gsl_vector_float_const_view_array_with_stride
                0x00000000080073e4                gsl_vector_ulong_const_view_array
                0x00000000080073f8                gsl_vector_ulong_const_view_array_with_stride
                0x0000000008007434                gsl_vector_long_const_view_array
                0x0000000008007448                gsl_vector_long_const_view_array_with_stride
                0x0000000008007484                gsl_vector_uint_const_view_array
                0x0000000008007498                gsl_vector_uint_const_view_array_with_stride
                0x00000000080074d4                gsl_vector_int_const_view_array
                0x00000000080074e8                gsl_vector_int_const_view_array_with_stride
                0x0000000008007524                gsl_vector_ushort_const_view_array
                0x0000000008007538                gsl_vector_ushort_const_view_array_with_stride
                0x0000000008007574                gsl_vector_short_const_view_array
                0x0000000008007588                gsl_vector_short_const_view_array_with_stride
                0x00000000080075c4                gsl_vector_uchar_const_view_array
                0x00000000080075d8                gsl_vector_uchar_const_view_array_with_stride
                0x0000000008007614                gsl_vector_char_const_view_array
                0x0000000008007628                gsl_vector_char_const_view_array_with_stride
 .text          0x0000000008007664      0x87c ../Libraries/lib\libgsl.a(init.o)
                0x0000000008007664                gsl_block_complex_long_double_alloc
                0x00000000080076b8                gsl_block_complex_long_double_calloc
                0x00000000080076e8                gsl_block_complex_long_double_free
                0x0000000008007700                gsl_block_complex_alloc
                0x0000000008007754                gsl_block_complex_calloc
                0x0000000008007784                gsl_block_complex_free
                0x000000000800779c                gsl_block_complex_float_alloc
                0x00000000080077f0                gsl_block_complex_float_calloc
                0x0000000008007820                gsl_block_complex_float_free
                0x0000000008007838                gsl_block_long_double_alloc
                0x000000000800788c                gsl_block_long_double_calloc
                0x00000000080078bc                gsl_block_long_double_free
                0x00000000080078d4                gsl_block_alloc
                0x0000000008007928                gsl_block_calloc
                0x0000000008007958                gsl_block_free
                0x0000000008007970                gsl_block_float_alloc
                0x00000000080079c4                gsl_block_float_calloc
                0x00000000080079f0                gsl_block_float_free
                0x0000000008007a08                gsl_block_ulong_alloc
                0x0000000008007a5c                gsl_block_ulong_calloc
                0x0000000008007a8c                gsl_block_ulong_free
                0x0000000008007aa4                gsl_block_long_alloc
                0x0000000008007af8                gsl_block_long_calloc
                0x0000000008007b28                gsl_block_long_free
                0x0000000008007b40                gsl_block_uint_alloc
                0x0000000008007b94                gsl_block_uint_calloc
                0x0000000008007bc4                gsl_block_uint_free
                0x0000000008007bdc                gsl_block_int_alloc
                0x0000000008007c30                gsl_block_int_calloc
                0x0000000008007c60                gsl_block_int_free
                0x0000000008007c78                gsl_block_ushort_alloc
                0x0000000008007ccc                gsl_block_ushort_calloc
                0x0000000008007cfc                gsl_block_ushort_free
                0x0000000008007d14                gsl_block_short_alloc
                0x0000000008007d68                gsl_block_short_calloc
                0x0000000008007d98                gsl_block_short_free
                0x0000000008007db0                gsl_block_uchar_alloc
                0x0000000008007e04                gsl_block_uchar_calloc
                0x0000000008007e30                gsl_block_uchar_free
                0x0000000008007e48                gsl_block_char_alloc
                0x0000000008007e9c                gsl_block_char_calloc
                0x0000000008007ec8                gsl_block_char_free
 .text          0x0000000008007ee0       0x30 ../Libraries/lib\libgslcblas.a(sasum.o)
                0x0000000008007ee0                cblas_sasum
 .text          0x0000000008007f10       0xfc ../Libraries/lib\libgslcblas.a(saxpy.o)
                0x0000000008007f10                cblas_saxpy
 .text          0x000000000800800c       0x84 ../Libraries/lib\libgslcblas.a(scasum.o)
                0x000000000800800c                cblas_scasum
 .text          0x0000000008008090      0x104 ../Libraries/lib\libgslcblas.a(scnrm2.o)
                0x0000000008008090                cblas_scnrm2
 .text          0x0000000008008194       0x40 ../Libraries/lib\libgslcblas.a(scopy.o)
                0x0000000008008194                cblas_scopy
 .text          0x00000000080081d4       0x50 ../Libraries/lib\libgslcblas.a(sdot.o)
                0x00000000080081d4                cblas_sdot
 .text          0x0000000008008224       0x98 ../Libraries/lib\libgslcblas.a(sdsdot.o)
                0x0000000008008224                cblas_sdsdot
 .text          0x00000000080082bc      0x540 ../Libraries/lib\libgslcblas.a(sgemm.o)
                0x00000000080082bc                cblas_sgemm
 .text          0x00000000080087fc      0x2f0 ../Libraries/lib\libgslcblas.a(sgemv.o)
                0x00000000080087fc                cblas_sgemv
 .text          0x0000000008008aec      0x228 ../Libraries/lib\libgslcblas.a(sger.o)
                0x0000000008008aec                cblas_sger
 .text          0x0000000008008d14       0xb8 ../Libraries/lib\libgslcblas.a(snrm2.o)
                0x0000000008008d14                cblas_snrm2
 .text          0x0000000008008dcc       0x60 ../Libraries/lib\libgslcblas.a(srot.o)
                0x0000000008008dcc                cblas_srot
 .text          0x0000000008008e2c      0x104 ../Libraries/lib\libgslcblas.a(srotg.o)
                0x0000000008008e2c                cblas_srotg
 .text          0x0000000008008f30       0xdc ../Libraries/lib\libgslcblas.a(srotm.o)
                0x0000000008008f30                cblas_srotm
 .text          0x000000000800900c      0x230 ../Libraries/lib\libgslcblas.a(srotmg.o)
                0x000000000800900c                cblas_srotmg
 .text          0x000000000800923c       0x24 ../Libraries/lib\libgslcblas.a(sscal.o)
                0x000000000800923c                cblas_sscal
 .text          0x0000000008009260       0x44 ../Libraries/lib\libgslcblas.a(sswap.o)
                0x0000000008009260                cblas_sswap
 .text          0x00000000080092a4      0x630 ../Libraries/lib\libgslcblas.a(ssymm.o)
                0x00000000080092a4                cblas_ssymm
 .text          0x00000000080098d4      0x3a0 ../Libraries/lib\libgslcblas.a(ssymv.o)
                0x00000000080098d4                cblas_ssymv
 .text          0x0000000008009c74      0x1b8 ../Libraries/lib\libgslcblas.a(ssyr.o)
                0x0000000008009c74                cblas_ssyr
 .text          0x0000000008009e2c      0x274 ../Libraries/lib\libgslcblas.a(ssyr2.o)
                0x0000000008009e2c                cblas_ssyr2
 .text          0x000000000800a0a0      0x618 ../Libraries/lib\libgslcblas.a(ssyr2k.o)
                0x000000000800a0a0                cblas_ssyr2k
 .text          0x000000000800a6b8      0x50c ../Libraries/lib\libgslcblas.a(ssyrk.o)
                0x000000000800a6b8                cblas_ssyrk
 .text          0x000000000800abc4      0x78c ../Libraries/lib\libgslcblas.a(strmm.o)
                0x000000000800abc4                cblas_strmm
 .text          0x000000000800b350      0x3a8 ../Libraries/lib\libgslcblas.a(strmv.o)
                0x000000000800b350                cblas_strmv
 .text          0x000000000800b6f8      0x990 ../Libraries/lib\libgslcblas.a(strsm.o)
                0x000000000800b6f8                cblas_strsm
 .text          0x000000000800c088      0x3f4 ../Libraries/lib\libgslcblas.a(strsv.o)
                0x000000000800c088                cblas_strsv
 .text          0x000000000800c47c       0x4c ../Libraries/lib\libgslcblas.a(dasum.o)
                0x000000000800c47c                cblas_dasum
 .text          0x000000000800c4c8      0x17c ../Libraries/lib\libgslcblas.a(daxpy.o)
                0x000000000800c4c8                cblas_daxpy
 .text          0x000000000800c644       0x44 ../Libraries/lib\libgslcblas.a(dcopy.o)
                0x000000000800c644                cblas_dcopy
 .text          0x000000000800c688       0x74 ../Libraries/lib\libgslcblas.a(ddot.o)
                0x000000000800c688                cblas_ddot
 .text          0x000000000800c6fc      0x69c ../Libraries/lib\libgslcblas.a(dgemm.o)
                0x000000000800c6fc                cblas_dgemm
 .text          0x000000000800cd98      0x3a0 ../Libraries/lib\libgslcblas.a(dgemv.o)
                0x000000000800cd98                cblas_dgemv
 .text          0x000000000800d138      0x2bc ../Libraries/lib\libgslcblas.a(dger.o)
                0x000000000800d138                cblas_dger
 *fill*         0x000000000800d3f4        0x4 
 .text          0x000000000800d3f8      0x114 ../Libraries/lib\libgslcblas.a(dnrm2.o)
                0x000000000800d3f8                cblas_dnrm2
 .text          0x000000000800d50c       0xe4 ../Libraries/lib\libgslcblas.a(drot.o)
                0x000000000800d50c                cblas_drot
 .text          0x000000000800d5f0      0x1b4 ../Libraries/lib\libgslcblas.a(drotg.o)
                0x000000000800d5f0                cblas_drotg
 *fill*         0x000000000800d7a4        0x4 
 .text          0x000000000800d7a8      0x1d0 ../Libraries/lib\libgslcblas.a(drotm.o)
                0x000000000800d7a8                cblas_drotm
 .text          0x000000000800d978      0x53c ../Libraries/lib\libgslcblas.a(drotmg.o)
                0x000000000800d978                cblas_drotmg
 .text          0x000000000800deb4       0x38 ../Libraries/lib\libgslcblas.a(dscal.o)
                0x000000000800deb4                cblas_dscal
 .text          0x000000000800deec       0x7c ../Libraries/lib\libgslcblas.a(dsdot.o)
                0x000000000800deec                cblas_dsdot
 .text          0x000000000800df68       0x50 ../Libraries/lib\libgslcblas.a(dswap.o)
                0x000000000800df68                cblas_dswap
 .text          0x000000000800dfb8      0x8cc ../Libraries/lib\libgslcblas.a(dsymm.o)
                0x000000000800dfb8                cblas_dsymm
 .text          0x000000000800e884      0x4f4 ../Libraries/lib\libgslcblas.a(dsymv.o)
                0x000000000800e884                cblas_dsymv
 .text          0x000000000800ed78      0x254 ../Libraries/lib\libgslcblas.a(dsyr.o)
                0x000000000800ed78                cblas_dsyr
 .text          0x000000000800efcc      0x374 ../Libraries/lib\libgslcblas.a(dsyr2.o)
                0x000000000800efcc                cblas_dsyr2
 .text          0x000000000800f340      0x8a8 ../Libraries/lib\libgslcblas.a(dsyr2k.o)
                0x000000000800f340                cblas_dsyr2k
 .text          0x000000000800fbe8      0x718 ../Libraries/lib\libgslcblas.a(dsyrk.o)
                0x000000000800fbe8                cblas_dsyrk
 .text          0x0000000008010300      0x9ec ../Libraries/lib\libgslcblas.a(dtrmm.o)
                0x0000000008010300                cblas_dtrmm
 .text          0x0000000008010cec      0x4dc ../Libraries/lib\libgslcblas.a(dtrmv.o)
                0x0000000008010cec                cblas_dtrmv
 .text          0x00000000080111c8      0xccc ../Libraries/lib\libgslcblas.a(dtrsm.o)
                0x00000000080111c8                cblas_dtrsm
 .text          0x0000000008011e94      0x52c ../Libraries/lib\libgslcblas.a(dtrsv.o)
                0x0000000008011e94                cblas_dtrsv
 .text          0x00000000080123c0       0x78 ../Libraries/lib\libgslcblas.a(dzasum.o)
                0x00000000080123c0                cblas_dzasum
 .text          0x0000000008012438      0x18c ../Libraries/lib\libgslcblas.a(dznrm2.o)
                0x0000000008012438                cblas_dznrm2
 .text          0x00000000080125c4       0xa0 ../Libraries/lib\libgslcblas.a(caxpy.o)
                0x00000000080125c4                cblas_caxpy
 .text          0x0000000008012664       0x44 ../Libraries/lib\libgslcblas.a(ccopy.o)
                0x0000000008012664                cblas_ccopy
 .text          0x00000000080126a8      0x128 ../Libraries/lib\libgslcblas.a(cdotc_sub.o)
                0x00000000080126a8                cblas_cdotc_sub
 .text          0x00000000080127d0      0x11c ../Libraries/lib\libgslcblas.a(cdotu_sub.o)
                0x00000000080127d0                cblas_cdotu_sub
 .text          0x00000000080128ec      0x7a0 ../Libraries/lib\libgslcblas.a(cgemm.o)
                0x00000000080128ec                cblas_cgemm
 .text          0x000000000801308c      0x530 ../Libraries/lib\libgslcblas.a(cgemv.o)
                0x000000000801308c                cblas_cgemv
 .text          0x00000000080135bc      0x2e8 ../Libraries/lib\libgslcblas.a(cgerc.o)
                0x00000000080135bc                cblas_cgerc
 .text          0x00000000080138a4      0x2e8 ../Libraries/lib\libgslcblas.a(cgeru.o)
                0x00000000080138a4                cblas_cgeru
 .text          0x0000000008013b8c      0x8a8 ../Libraries/lib\libgslcblas.a(chemm.o)
                0x0000000008013b8c                cblas_chemm
 .text          0x0000000008014434      0x588 ../Libraries/lib\libgslcblas.a(chemv.o)
                0x0000000008014434                cblas_chemv
 .text          0x00000000080149bc      0x2e0 ../Libraries/lib\libgslcblas.a(cher.o)
                0x00000000080149bc                cblas_cher
 .text          0x0000000008014c9c      0x3a4 ../Libraries/lib\libgslcblas.a(cher2.o)
                0x0000000008014c9c                cblas_cher2
 .text          0x0000000008015040      0x920 ../Libraries/lib\libgslcblas.a(cher2k.o)
                0x0000000008015040                cblas_cher2k
 .text          0x0000000008015960      0x6dc ../Libraries/lib\libgslcblas.a(cherk.o)
                0x0000000008015960                cblas_cherk
 .text          0x000000000801603c       0x4c ../Libraries/lib\libgslcblas.a(cscal.o)
                0x000000000801603c                cblas_cscal
 .text          0x0000000008016088       0x3c ../Libraries/lib\libgslcblas.a(csscal.o)
                0x0000000008016088                cblas_csscal
 .text          0x00000000080160c4       0x74 ../Libraries/lib\libgslcblas.a(cswap.o)
                0x00000000080160c4                cblas_cswap
 .text          0x0000000008016138      0x91c ../Libraries/lib\libgslcblas.a(csymm.o)
                0x0000000008016138                cblas_csymm
 .text          0x0000000008016a54      0x730 ../Libraries/lib\libgslcblas.a(csyr2k.o)
                0x0000000008016a54                cblas_csyr2k
 .text          0x0000000008017184      0x5f4 ../Libraries/lib\libgslcblas.a(csyrk.o)
                0x0000000008017184                cblas_csyrk
 .text          0x0000000008017778      0xaec ../Libraries/lib\libgslcblas.a(ctrmm.o)
                0x0000000008017778                cblas_ctrmm
 .text          0x0000000008018264      0x574 ../Libraries/lib\libgslcblas.a(ctrmv.o)
                0x0000000008018264                cblas_ctrmv
 .text          0x00000000080187d8     0x10e4 ../Libraries/lib\libgslcblas.a(ctrsm.o)
                0x0000000008018848                cblas_ctrsm
 .text          0x00000000080198bc      0x8a8 ../Libraries/lib\libgslcblas.a(ctrsv.o)
                0x000000000801992c                cblas_ctrsv
 .text          0x000000000801a164      0x128 ../Libraries/lib\libgslcblas.a(zaxpy.o)
                0x000000000801a164                cblas_zaxpy
 .text          0x000000000801a28c       0x4c ../Libraries/lib\libgslcblas.a(zcopy.o)
                0x000000000801a28c                cblas_zcopy
 .text          0x000000000801a2d8      0x120 ../Libraries/lib\libgslcblas.a(zdotc_sub.o)
                0x000000000801a2d8                cblas_zdotc_sub
 .text          0x000000000801a3f8      0x118 ../Libraries/lib\libgslcblas.a(zdotu_sub.o)
                0x000000000801a3f8                cblas_zdotu_sub
 .text          0x000000000801a510       0x4c ../Libraries/lib\libgslcblas.a(zdscal.o)
                0x000000000801a510                cblas_zdscal
 *fill*         0x000000000801a55c        0x4 
 .text          0x000000000801a560      0xcc8 ../Libraries/lib\libgslcblas.a(zgemm.o)
                0x000000000801a560                cblas_zgemm
 .text          0x000000000801b228      0x9f8 ../Libraries/lib\libgslcblas.a(zgemv.o)
                0x000000000801b228                cblas_zgemv
 .text          0x000000000801bc20      0x4b0 ../Libraries/lib\libgslcblas.a(zgerc.o)
                0x000000000801bc20                cblas_zgerc
 .text          0x000000000801c0d0      0x4ac ../Libraries/lib\libgslcblas.a(zgeru.o)
                0x000000000801c0d0                cblas_zgeru
 *fill*         0x000000000801c57c        0x4 
 .text          0x000000000801c580     0x1128 ../Libraries/lib\libgslcblas.a(zhemm.o)
                0x000000000801c580                cblas_zhemm
 .text          0x000000000801d6a8      0xa70 ../Libraries/lib\libgslcblas.a(zhemv.o)
                0x000000000801d6a8                cblas_zhemv
 .text          0x000000000801e118      0x4d8 ../Libraries/lib\libgslcblas.a(zher.o)
                0x000000000801e118                cblas_zher
 .text          0x000000000801e5f0      0x79c ../Libraries/lib\libgslcblas.a(zher2.o)
                0x000000000801e5f0                cblas_zher2
 *fill*         0x000000000801ed8c        0x4 
 .text          0x000000000801ed90     0x1230 ../Libraries/lib\libgslcblas.a(zher2k.o)
                0x000000000801ed90                cblas_zher2k
 .text          0x000000000801ffc0      0xb50 ../Libraries/lib\libgslcblas.a(zherk.o)
                0x000000000801ffc0                cblas_zherk
 .text          0x0000000008020b10       0xac ../Libraries/lib\libgslcblas.a(zscal.o)
                0x0000000008020b10                cblas_zscal
 .text          0x0000000008020bbc       0x74 ../Libraries/lib\libgslcblas.a(zswap.o)
                0x0000000008020bbc                cblas_zswap
 .text          0x0000000008020c30     0x1214 ../Libraries/lib\libgslcblas.a(zsymm.o)
                0x0000000008020c30                cblas_zsymm
 *fill*         0x0000000008021e44        0x4 
 .text          0x0000000008021e48      0xe88 ../Libraries/lib\libgslcblas.a(zsyr2k.o)
                0x0000000008021e48                cblas_zsyr2k
 .text          0x0000000008022cd0      0xb68 ../Libraries/lib\libgslcblas.a(zsyrk.o)
                0x0000000008022cd0                cblas_zsyrk
 .text          0x0000000008023838     0x17fc ../Libraries/lib\libgslcblas.a(ztrmm.o)
                0x0000000008023838                cblas_ztrmm
 *fill*         0x0000000008025034        0x4 
 .text          0x0000000008025038      0xa58 ../Libraries/lib\libgslcblas.a(ztrmv.o)
                0x0000000008025038                cblas_ztrmv
 .text          0x0000000008025a90     0x1c54 ../Libraries/lib\libgslcblas.a(ztrsm.o)
                0x0000000008025b00                cblas_ztrsm
 .text          0x00000000080276e4      0xe9c ../Libraries/lib\libgslcblas.a(ztrsv.o)
                0x0000000008027754                cblas_ztrsv
 .text          0x0000000008028580       0x54 ../Libraries/lib\libgslcblas.a(icamax.o)
                0x0000000008028580                cblas_icamax
 .text          0x00000000080285d4       0x5c ../Libraries/lib\libgslcblas.a(idamax.o)
                0x00000000080285d4                cblas_idamax
 .text          0x0000000008028630       0x48 ../Libraries/lib\libgslcblas.a(isamax.o)
                0x0000000008028630                cblas_isamax
 .text          0x0000000008028678       0x90 ../Libraries/lib\libgslcblas.a(izamax.o)
                0x0000000008028678                cblas_izamax
 .text          0x0000000008028708       0x3c ../Libraries/lib\libgslcblas.a(xerbla.o)
                0x0000000008028708                cblas_xerbla
 *fill*         0x0000000008028744        0xc 
 .text          0x0000000008028750       0xa0 c:/st/stm32cubeide_1.4.0/stm32cubeide/plugins/com.st.stm32cube.ide.mcu.externaltools.gnu-tools-for-stm32.7-2018-q2-update.win32_1.4.0.202007081208/tools/bin/../lib/gcc/arm-none-eabi/7.3.1/../../../../arm-none-eabi/lib/thumb/v7e-m/fpv4-sp/hard\libc_nano.a(lib_a-memchr.o)
                0x0000000008028750                memchr
 .text          0x00000000080287f0      0x378 c:/st/stm32cubeide_1.4.0/stm32cubeide/plugins/com.st.stm32cube.ide.mcu.externaltools.gnu-tools-for-stm32.7-2018-q2-update.win32_1.4.0.202007081208/tools/bin/../lib/gcc/arm-none-eabi/7.3.1/thumb/v7e-m/fpv4-sp/hard\libgcc.a(_arm_addsubdf3.o)
                0x00000000080287f0                __aeabi_drsub
                0x00000000080287f8                __aeabi_dsub
                0x00000000080287f8                __subdf3
                0x00000000080287fc                __aeabi_dadd
                0x00000000080287fc                __adddf3
                0x0000000008028a74                __floatunsidf
                0x0000000008028a74                __aeabi_ui2d
                0x0000000008028a94                __floatsidf
                0x0000000008028a94                __aeabi_i2d
                0x0000000008028ab8                __aeabi_f2d
                0x0000000008028ab8                __extendsfdf2
                0x0000000008028afc                __floatundidf
                0x0000000008028afc                __aeabi_ul2d
                0x0000000008028b0c                __floatdidf
                0x0000000008028b0c                __aeabi_l2d
 .text          0x0000000008028b68      0x424 c:/st/stm32cubeide_1.4.0/stm32cubeide/plugins/com.st.stm32cube.ide.mcu.externaltools.gnu-tools-for-stm32.7-2018-q2-update.win32_1.4.0.202007081208/tools/bin/../lib/gcc/arm-none-eabi/7.3.1/thumb/v7e-m/fpv4-sp/hard\libgcc.a(_arm_muldivdf3.o)
                0x0000000008028b68                __aeabi_dmul
                0x0000000008028b68                __muldf3
                0x0000000008028dbc                __divdf3
                0x0000000008028dbc                __aeabi_ddiv
 .text          0x0000000008028f8c      0x110 c:/st/stm32cubeide_1.4.0/stm32cubeide/plugins/com.st.stm32cube.ide.mcu.externaltools.gnu-tools-for-stm32.7-2018-q2-update.win32_1.4.0.202007081208/tools/bin/../lib/gcc/arm-none-eabi/7.3.1/thumb/v7e-m/fpv4-sp/hard\libgcc.a(_arm_cmpdf2.o)
                0x0000000008028f8c                __gtdf2
                0x0000000008028f8c                __gedf2
                0x0000000008028f94                __ltdf2
                0x0000000008028f94                __ledf2
                0x0000000008028f9c                __nedf2
                0x0000000008028f9c                __eqdf2
                0x0000000008028f9c                __cmpdf2
                0x0000000008029018                __aeabi_cdrcmple
                0x0000000008029028                __aeabi_cdcmpeq
                0x0000000008029028                __aeabi_cdcmple
                0x0000000008029038                __aeabi_dcmpeq
                0x000000000802904c                __aeabi_dcmplt
                0x0000000008029060                __aeabi_dcmple
                0x0000000008029074                __aeabi_dcmpge
                0x0000000008029088                __aeabi_dcmpgt
 .text          0x000000000802909c       0x2c c:/st/stm32cubeide_1.4.0/stm32cubeide/plugins/com.st.stm32cube.ide.mcu.externaltools.gnu-tools-for-stm32.7-2018-q2-update.win32_1.4.0.202007081208/tools/bin/../lib/gcc/arm-none-eabi/7.3.1/thumb/v7e-m/fpv4-sp/hard\libgcc.a(_arm_unorddf2.o)
                0x000000000802909c                __unorddf2
                0x000000000802909c                __aeabi_dcmpun
 .text          0x00000000080290c8       0xa0 c:/st/stm32cubeide_1.4.0/stm32cubeide/plugins/com.st.stm32cube.ide.mcu.externaltools.gnu-tools-for-stm32.7-2018-q2-update.win32_1.4.0.202007081208/tools/bin/../lib/gcc/arm-none-eabi/7.3.1/thumb/v7e-m/fpv4-sp/hard\libgcc.a(_arm_truncdfsf2.o)
                0x00000000080290c8                __truncdfsf2
                0x00000000080290c8                __aeabi_d2f
 .text          0x0000000008029168       0x30 c:/st/stm32cubeide_1.4.0/stm32cubeide/plugins/com.st.stm32cube.ide.mcu.externaltools.gnu-tools-for-stm32.7-2018-q2-update.win32_1.4.0.202007081208/tools/bin/../lib/gcc/arm-none-eabi/7.3.1/thumb/v7e-m/fpv4-sp/hard\libgcc.a(_aeabi_uldivmod.o)
                0x0000000008029168                __aeabi_uldivmod
 .text          0x0000000008029198      0x2cc c:/st/stm32cubeide_1.4.0/stm32cubeide/plugins/com.st.stm32cube.ide.mcu.externaltools.gnu-tools-for-stm32.7-2018-q2-update.win32_1.4.0.202007081208/tools/bin/../lib/gcc/arm-none-eabi/7.3.1/thumb/v7e-m/fpv4-sp/hard\libgcc.a(_udivmoddi4.o)
                0x0000000008029198                __udivmoddi4
 .text          0x0000000008029464        0x4 c:/st/stm32cubeide_1.4.0/stm32cubeide/plugins/com.st.stm32cube.ide.mcu.externaltools.gnu-tools-for-stm32.7-2018-q2-update.win32_1.4.0.202007081208/tools/bin/../lib/gcc/arm-none-eabi/7.3.1/thumb/v7e-m/fpv4-sp/hard\libgcc.a(_dvmd_tls.o)
                0x0000000008029464                __aeabi_idiv0
                0x0000000008029464                __aeabi_ldiv0
 *(.text*)
 .text.CalibrationSetup
                0x0000000008029468       0xcc Core/Src/calibrate.o
                0x0000000008029468                CalibrationSetup
 .text.PolyVal  0x0000000008029534       0xbc Core/Src/calibrate.o
                0x0000000008029534                PolyVal
 .text.Calibrate
                0x00000000080295f0      0x2e0 Core/Src/calibrate.o
                0x00000000080295f0                Calibrate
 .text.SystemClock_Config
                0x00000000080298d0       0xd8 Core/Src/clock_config.o
                0x00000000080298d0                SystemClock_Config
 .text.HAL_SPI_TxRxCpltCallback
                0x00000000080299a8       0x4c Core/Src/dma_burst.o
                0x00000000080299a8                HAL_SPI_TxRxCpltCallback
 .text.DMA_FSM_BURST6
                0x00000000080299f4      0x220 Core/Src/dma_burst.o
                0x00000000080299f4                DMA_FSM_BURST6
 .text.MX_GPIO_Init
                0x0000000008029c14      0x118 Core/Src/gpio.o
                0x0000000008029c14                MX_GPIO_Init
 .text.Buffer_Init
                0x0000000008029d2c       0xc4 Core/Src/ldm6dsl.o
                0x0000000008029d2c                Buffer_Init
 .text.Calib_Buffer_Init
                0x0000000008029df0       0xd2 Core/Src/ldm6dsl.o
                0x0000000008029df0                Calib_Buffer_Init
 *fill*         0x0000000008029ec2        0x2 
 .text.chipSelection
                0x0000000008029ec4       0xfc Core/Src/ldm6dsl.o
                0x0000000008029ec4                chipSelection
 .text.resetAll
                0x0000000008029fc0       0x44 Core/Src/ldm6dsl.o
                0x0000000008029fc0                resetAll
 .text.setupAll
                0x000000000802a004       0x80 Core/Src/ldm6dsl.o
                0x000000000802a004                setupAll
 .text.PEDO_config
                0x000000000802a084       0xe0 Core/Src/ldm6dsl.o
                0x000000000802a084                PEDO_config
 .text.IMU_config
                0x000000000802a164       0xb0 Core/Src/ldm6dsl.o
                0x000000000802a164                IMU_config
 .text.IMU_reset
                0x000000000802a214       0xb0 Core/Src/ldm6dsl.o
                0x000000000802a214                IMU_reset
 .text.TimeStamp_config
                0x000000000802a2c4       0x9c Core/Src/ldm6dsl.o
                0x000000000802a2c4                TimeStamp_config
 .text.INTTrigger
                0x000000000802a360       0x8c Core/Src/ldm6dsl.o
                0x000000000802a360                INTTrigger
 .text.FIFO_config
                0x000000000802a3ec       0xb0 Core/Src/ldm6dsl.o
                0x000000000802a3ec                FIFO_config
 .text.main     0x000000000802a49c      0x258 Core/Src/main.o
                0x000000000802a49c                main
 .text.Error_Handler
                0x000000000802a6f4        0x6 Core/Src/main.o
                0x000000000802a6f4                Error_Handler
 *fill*         0x000000000802a6fa        0x2 
 .text.OMEmean  0x000000000802a6fc      0x2f4 Core/Src/nintegration.o
                0x000000000802a6fc                OMEmean
 .text.ArrShifter
                0x000000000802a9f0       0x7c Core/Src/nintegration.o
                0x000000000802a9f0                ArrShifter
 .text.IntegrateOmBar
                0x000000000802aa6c      0x5d0 Core/Src/nintegration.o
                0x000000000802aa6c                IntegrateOmBar
 .text.ResetIntegration
                0x000000000802b03c       0xdc Core/Src/nintegration.o
                0x000000000802b03c                ResetIntegration
 .text.MX_TIM4_Init
                0x000000000802b118       0xec Core/Src/pwm.o
                0x000000000802b118                MX_TIM4_Init
 .text.MX_SPI1_Init
                0x000000000802b204       0x70 Core/Src/spi.o
                0x000000000802b204                MX_SPI1_Init
 .text.MX_SPI1_Init_8BIT
                0x000000000802b274       0x6c Core/Src/spi.o
                0x000000000802b274                MX_SPI1_Init_8BIT
 .text.spi_DMA_RX
                0x000000000802b2e0       0x3c Core/Src/spi.o
                0x000000000802b2e0                spi_DMA_RX
 .text.spi_RX   0x000000000802b31c       0x50 Core/Src/spi.o
                0x000000000802b31c                spi_RX
 .text.spi_write
                0x000000000802b36c       0x4c Core/Src/spi.o
                0x000000000802b36c                spi_write
 .text.HAL_MspInit
                0x000000000802b3b8       0x50 Core/Src/stm32f4xx_hal_msp.o
                0x000000000802b3b8                HAL_MspInit
 .text.HAL_TIM_Base_MspInit
                0x000000000802b408       0x70 Core/Src/stm32f4xx_hal_msp.o
                0x000000000802b408                HAL_TIM_Base_MspInit
 .text.HAL_TIM_MspPostInit
                0x000000000802b478       0xc4 Core/Src/stm32f4xx_hal_msp.o
                0x000000000802b478                HAL_TIM_MspPostInit
 .text.HAL_UART_MspInit
                0x000000000802b53c      0x1d8 Core/Src/stm32f4xx_hal_msp.o
                0x000000000802b53c                HAL_UART_MspInit
 .text.HAL_SPI_MspInit
                0x000000000802b714      0x164 Core/Src/stm32f4xx_hal_msp.o
                0x000000000802b714                HAL_SPI_MspInit
 .text.NMI_Handler
                0x000000000802b878       0x10 Core/Src/stm32f4xx_it.o
                0x000000000802b878                NMI_Handler
 .text.HardFault_Handler
                0x000000000802b888        0x6 Core/Src/stm32f4xx_it.o
                0x000000000802b888                HardFault_Handler
 .text.MemManage_Handler
                0x000000000802b88e        0x6 Core/Src/stm32f4xx_it.o
                0x000000000802b88e                MemManage_Handler
 .text.BusFault_Handler
                0x000000000802b894        0x6 Core/Src/stm32f4xx_it.o
                0x000000000802b894                BusFault_Handler
 .text.UsageFault_Handler
                0x000000000802b89a        0x6 Core/Src/stm32f4xx_it.o
                0x000000000802b89a                UsageFault_Handler
 .text.SVC_Handler
                0x000000000802b8a0        0xe Core/Src/stm32f4xx_it.o
                0x000000000802b8a0                SVC_Handler
 .text.DebugMon_Handler
                0x000000000802b8ae        0xe Core/Src/stm32f4xx_it.o
                0x000000000802b8ae                DebugMon_Handler
 .text.PendSV_Handler
                0x000000000802b8bc        0xe Core/Src/stm32f4xx_it.o
                0x000000000802b8bc                PendSV_Handler
 .text.SysTick_Handler
                0x000000000802b8ca        0xc Core/Src/stm32f4xx_it.o
                0x000000000802b8ca                SysTick_Handler
 *fill*         0x000000000802b8d6        0x2 
 .text.USART1_IRQHandler
                0x000000000802b8d8       0x14 Core/Src/stm32f4xx_it.o
                0x000000000802b8d8                USART1_IRQHandler
 .text.DMA2_Stream2_IRQHandler
                0x000000000802b8ec       0x14 Core/Src/stm32f4xx_it.o
                0x000000000802b8ec                DMA2_Stream2_IRQHandler
 .text.DMA2_Stream7_IRQHandler
                0x000000000802b900       0x14 Core/Src/stm32f4xx_it.o
                0x000000000802b900                DMA2_Stream7_IRQHandler
 .text.DMA2_Stream0_IRQHandler
                0x000000000802b914       0x14 Core/Src/stm32f4xx_it.o
                0x000000000802b914                DMA2_Stream0_IRQHandler
 .text.DMA2_Stream3_IRQHandler
                0x000000000802b928       0x14 Core/Src/stm32f4xx_it.o
                0x000000000802b928                DMA2_Stream3_IRQHandler
 .text._getpid  0x000000000802b93c       0x10 Core/Src/syscalls.o
                0x000000000802b93c                _getpid
 .text._kill    0x000000000802b94c       0x20 Core/Src/syscalls.o
                0x000000000802b94c                _kill
 .text._exit    0x000000000802b96c       0x14 Core/Src/syscalls.o
                0x000000000802b96c                _exit
 .text._read    0x000000000802b980       0x3a Core/Src/syscalls.o
                0x000000000802b980                _read
 .text._write   0x000000000802b9ba       0x38 Core/Src/syscalls.o
                0x000000000802b9ba                _write
 .text._close   0x000000000802b9f2       0x18 Core/Src/syscalls.o
                0x000000000802b9f2                _close
 .text._fstat   0x000000000802ba0a       0x20 Core/Src/syscalls.o
                0x000000000802ba0a                _fstat
 .text._isatty  0x000000000802ba2a       0x16 Core/Src/syscalls.o
                0x000000000802ba2a                _isatty
 .text._lseek   0x000000000802ba40       0x1a Core/Src/syscalls.o
                0x000000000802ba40                _lseek
 *fill*         0x000000000802ba5a        0x2 
 .text._sbrk    0x000000000802ba5c       0x58 Core/Src/sysmem.o
                0x000000000802ba5c                _sbrk
 .text.SystemInit
                0x000000000802bab4       0x2c Core/Src/system_stm32f4xx.o
                0x000000000802bab4                SystemInit
 .text.MX_USART1_UART_Init
                0x000000000802bae0       0x54 Core/Src/uart.o
                0x000000000802bae0                MX_USART1_UART_Init
 .text.MX_USART2_UART_Init
                0x000000000802bb34       0x54 Core/Src/uart.o
                0x000000000802bb34                MX_USART2_UART_Init
 .text.MX_DMA_Init
                0x000000000802bb88       0x70 Core/Src/uart.o
                0x000000000802bb88                MX_DMA_Init
 .text.TransmitData
                0x000000000802bbf8      0x19c Core/Src/uart.o
                0x000000000802bbf8                TransmitData
 .text.HAL_UART_TxCpltCallback
                0x000000000802bd94       0x1c Core/Src/uart.o
                0x000000000802bd94                HAL_UART_TxCpltCallback
 .text.Reset_Handler
                0x000000000802bdb0       0x50 Core/Startup/startup_stm32f401retx.o
                0x000000000802bdb0                Reset_Handler
 .text.Default_Handler
                0x000000000802be00        0x2 Core/Startup/startup_stm32f401retx.o
                0x000000000802be00                RTC_Alarm_IRQHandler
                0x000000000802be00                EXTI2_IRQHandler
                0x000000000802be00                SPI4_IRQHandler
                0x000000000802be00                TIM1_CC_IRQHandler
                0x000000000802be00                DMA2_Stream5_IRQHandler
                0x000000000802be00                DMA1_Stream5_IRQHandler
                0x000000000802be00                PVD_IRQHandler
                0x000000000802be00                SDIO_IRQHandler
                0x000000000802be00                TAMP_STAMP_IRQHandler
                0x000000000802be00                EXTI3_IRQHandler
                0x000000000802be00                TIM1_UP_TIM10_IRQHandler
                0x000000000802be00                I2C3_ER_IRQHandler
                0x000000000802be00                EXTI0_IRQHandler
                0x000000000802be00                I2C2_EV_IRQHandler
                0x000000000802be00                DMA1_Stream2_IRQHandler
                0x000000000802be00                FPU_IRQHandler
                0x000000000802be00                SPI1_IRQHandler
                0x000000000802be00                TIM1_BRK_TIM9_IRQHandler
                0x000000000802be00                USART6_IRQHandler
                0x000000000802be00                TIM4_IRQHandler
                0x000000000802be00                I2C1_EV_IRQHandler
                0x000000000802be00                DMA1_Stream6_IRQHandler
                0x000000000802be00                DMA1_Stream1_IRQHandler
                0x000000000802be00                TIM3_IRQHandler
                0x000000000802be00                RCC_IRQHandler
                0x000000000802be00                Default_Handler
                0x000000000802be00                EXTI15_10_IRQHandler
                0x000000000802be00                ADC_IRQHandler
                0x000000000802be00                DMA1_Stream7_IRQHandler
                0x000000000802be00                TIM5_IRQHandler
                0x000000000802be00                I2C3_EV_IRQHandler
                0x000000000802be00                EXTI9_5_IRQHandler
                0x000000000802be00                RTC_WKUP_IRQHandler
                0x000000000802be00                SPI2_IRQHandler
                0x000000000802be00                DMA1_Stream0_IRQHandler
                0x000000000802be00                EXTI4_IRQHandler
                0x000000000802be00                WWDG_IRQHandler
                0x000000000802be00                TIM2_IRQHandler
                0x000000000802be00                OTG_FS_WKUP_IRQHandler
                0x000000000802be00                TIM1_TRG_COM_TIM11_IRQHandler
                0x000000000802be00                EXTI1_IRQHandler
                0x000000000802be00                USART2_IRQHandler
                0x000000000802be00                I2C2_ER_IRQHandler
                0x000000000802be00                DMA2_Stream1_IRQHandler
                0x000000000802be00                FLASH_IRQHandler
                0x000000000802be00                DMA2_Stream4_IRQHandler
                0x000000000802be00                OTG_FS_IRQHandler
                0x000000000802be00                SPI3_IRQHandler
                0x000000000802be00                DMA1_Stream4_IRQHandler
                0x000000000802be00                I2C1_ER_IRQHandler
                0x000000000802be00                DMA2_Stream6_IRQHandler
                0x000000000802be00                DMA1_Stream3_IRQHandler
 *fill*         0x000000000802be02        0x2 
 .text.HAL_Init
                0x000000000802be04       0x44 Drivers/STM32F4xx_HAL_Driver/Src/stm32f4xx_hal.o
                0x000000000802be04                HAL_Init
 .text.HAL_InitTick
                0x000000000802be48       0x60 Drivers/STM32F4xx_HAL_Driver/Src/stm32f4xx_hal.o
                0x000000000802be48                HAL_InitTick
 .text.HAL_IncTick
                0x000000000802bea8       0x28 Drivers/STM32F4xx_HAL_Driver/Src/stm32f4xx_hal.o
                0x000000000802bea8                HAL_IncTick
 .text.HAL_GetTick
                0x000000000802bed0       0x18 Drivers/STM32F4xx_HAL_Driver/Src/stm32f4xx_hal.o
                0x000000000802bed0                HAL_GetTick
 .text.HAL_Delay
                0x000000000802bee8       0x44 Drivers/STM32F4xx_HAL_Driver/Src/stm32f4xx_hal.o
                0x000000000802bee8                HAL_Delay
 .text.__NVIC_SetPriorityGrouping
                0x000000000802bf2c       0x48 Drivers/STM32F4xx_HAL_Driver/Src/stm32f4xx_hal_cortex.o
 .text.__NVIC_GetPriorityGrouping
                0x000000000802bf74       0x1c Drivers/STM32F4xx_HAL_Driver/Src/stm32f4xx_hal_cortex.o
 .text.__NVIC_EnableIRQ
                0x000000000802bf90       0x3c Drivers/STM32F4xx_HAL_Driver/Src/stm32f4xx_hal_cortex.o
 .text.__NVIC_SetPriority
                0x000000000802bfcc       0x54 Drivers/STM32F4xx_HAL_Driver/Src/stm32f4xx_hal_cortex.o
 .text.NVIC_EncodePriority
                0x000000000802c020       0x66 Drivers/STM32F4xx_HAL_Driver/Src/stm32f4xx_hal_cortex.o
 *fill*         0x000000000802c086        0x2 
 .text.SysTick_Config
                0x000000000802c088       0x44 Drivers/STM32F4xx_HAL_Driver/Src/stm32f4xx_hal_cortex.o
 .text.HAL_NVIC_SetPriorityGrouping
                0x000000000802c0cc       0x16 Drivers/STM32F4xx_HAL_Driver/Src/stm32f4xx_hal_cortex.o
                0x000000000802c0cc                HAL_NVIC_SetPriorityGrouping
 .text.HAL_NVIC_SetPriority
                0x000000000802c0e2       0x38 Drivers/STM32F4xx_HAL_Driver/Src/stm32f4xx_hal_cortex.o
                0x000000000802c0e2                HAL_NVIC_SetPriority
 .text.HAL_NVIC_EnableIRQ
                0x000000000802c11a       0x1c Drivers/STM32F4xx_HAL_Driver/Src/stm32f4xx_hal_cortex.o
                0x000000000802c11a                HAL_NVIC_EnableIRQ
 .text.HAL_SYSTICK_Config
                0x000000000802c136       0x18 Drivers/STM32F4xx_HAL_Driver/Src/stm32f4xx_hal_cortex.o
                0x000000000802c136                HAL_SYSTICK_Config
 *fill*         0x000000000802c14e        0x2 
 .text.HAL_DMA_Init
                0x000000000802c150      0x15c Drivers/STM32F4xx_HAL_Driver/Src/stm32f4xx_hal_dma.o
                0x000000000802c150                HAL_DMA_Init
 .text.HAL_DMA_Start_IT
                0x000000000802c2ac       0xb0 Drivers/STM32F4xx_HAL_Driver/Src/stm32f4xx_hal_dma.o
                0x000000000802c2ac                HAL_DMA_Start_IT
 .text.HAL_DMA_Abort_IT
                0x000000000802c35c       0x44 Drivers/STM32F4xx_HAL_Driver/Src/stm32f4xx_hal_dma.o
                0x000000000802c35c                HAL_DMA_Abort_IT
 .text.HAL_DMA_IRQHandler
                0x000000000802c3a0      0x314 Drivers/STM32F4xx_HAL_Driver/Src/stm32f4xx_hal_dma.o
                0x000000000802c3a0                HAL_DMA_IRQHandler
 .text.DMA_SetConfig
                0x000000000802c6b4       0x5c Drivers/STM32F4xx_HAL_Driver/Src/stm32f4xx_hal_dma.o
 .text.DMA_CalcBaseAndBitshift
                0x000000000802c710       0x6c Drivers/STM32F4xx_HAL_Driver/Src/stm32f4xx_hal_dma.o
 .text.DMA_CheckFifoParam
                0x000000000802c77c       0xf4 Drivers/STM32F4xx_HAL_Driver/Src/stm32f4xx_hal_dma.o
 .text.HAL_GPIO_Init
                0x000000000802c870      0x304 Drivers/STM32F4xx_HAL_Driver/Src/stm32f4xx_hal_gpio.o
                0x000000000802c870                HAL_GPIO_Init
 .text.HAL_GPIO_ReadPin
                0x000000000802cb74       0x30 Drivers/STM32F4xx_HAL_Driver/Src/stm32f4xx_hal_gpio.o
                0x000000000802cb74                HAL_GPIO_ReadPin
 .text.HAL_GPIO_WritePin
                0x000000000802cba4       0x32 Drivers/STM32F4xx_HAL_Driver/Src/stm32f4xx_hal_gpio.o
                0x000000000802cba4                HAL_GPIO_WritePin
 *fill*         0x000000000802cbd6        0x2 
 .text.HAL_RCC_OscConfig
                0x000000000802cbd8      0x4e0 Drivers/STM32F4xx_HAL_Driver/Src/stm32f4xx_hal_rcc.o
                0x000000000802cbd8                HAL_RCC_OscConfig
 .text.HAL_RCC_ClockConfig
                0x000000000802d0b8      0x1cc Drivers/STM32F4xx_HAL_Driver/Src/stm32f4xx_hal_rcc.o
                0x000000000802d0b8                HAL_RCC_ClockConfig
 .text.HAL_RCC_GetSysClockFreq
                0x000000000802d284      0x1b0 Drivers/STM32F4xx_HAL_Driver/Src/stm32f4xx_hal_rcc.o
                0x000000000802d284                HAL_RCC_GetSysClockFreq
 .text.HAL_RCC_GetHCLKFreq
                0x000000000802d434       0x18 Drivers/STM32F4xx_HAL_Driver/Src/stm32f4xx_hal_rcc.o
                0x000000000802d434                HAL_RCC_GetHCLKFreq
 .text.HAL_RCC_GetPCLK1Freq
                0x000000000802d44c       0x28 Drivers/STM32F4xx_HAL_Driver/Src/stm32f4xx_hal_rcc.o
                0x000000000802d44c                HAL_RCC_GetPCLK1Freq
 .text.HAL_RCC_GetPCLK2Freq
                0x000000000802d474       0x28 Drivers/STM32F4xx_HAL_Driver/Src/stm32f4xx_hal_rcc.o
                0x000000000802d474                HAL_RCC_GetPCLK2Freq
 .text.HAL_SPI_Init
                0x000000000802d49c       0xc8 Drivers/STM32F4xx_HAL_Driver/Src/stm32f4xx_hal_spi.o
                0x000000000802d49c                HAL_SPI_Init
 .text.HAL_SPI_Transmit
                0x000000000802d564      0x268 Drivers/STM32F4xx_HAL_Driver/Src/stm32f4xx_hal_spi.o
                0x000000000802d564                HAL_SPI_Transmit
 .text.HAL_SPI_TransmitReceive
                0x000000000802d7cc      0x344 Drivers/STM32F4xx_HAL_Driver/Src/stm32f4xx_hal_spi.o
                0x000000000802d7cc                HAL_SPI_TransmitReceive
 .text.HAL_SPI_TransmitReceive_DMA
                0x000000000802db10      0x204 Drivers/STM32F4xx_HAL_Driver/Src/stm32f4xx_hal_spi.o
                0x000000000802db10                HAL_SPI_TransmitReceive_DMA
 .text.HAL_SPI_DMAPause
                0x000000000802dd14       0x44 Drivers/STM32F4xx_HAL_Driver/Src/stm32f4xx_hal_spi.o
                0x000000000802dd14                HAL_SPI_DMAPause
 .text.HAL_SPI_DMAResume
                0x000000000802dd58       0x44 Drivers/STM32F4xx_HAL_Driver/Src/stm32f4xx_hal_spi.o
                0x000000000802dd58                HAL_SPI_DMAResume
 .text.HAL_SPI_RxCpltCallback
                0x000000000802dd9c       0x14 Drivers/STM32F4xx_HAL_Driver/Src/stm32f4xx_hal_spi.o
                0x000000000802dd9c                HAL_SPI_RxCpltCallback
 .text.HAL_SPI_RxHalfCpltCallback
                0x000000000802ddb0       0x14 Drivers/STM32F4xx_HAL_Driver/Src/stm32f4xx_hal_spi.o
                0x000000000802ddb0                HAL_SPI_RxHalfCpltCallback
 .text.HAL_SPI_TxRxHalfCpltCallback
                0x000000000802ddc4       0x14 Drivers/STM32F4xx_HAL_Driver/Src/stm32f4xx_hal_spi.o
                0x000000000802ddc4                HAL_SPI_TxRxHalfCpltCallback
 .text.HAL_SPI_ErrorCallback
                0x000000000802ddd8       0x14 Drivers/STM32F4xx_HAL_Driver/Src/stm32f4xx_hal_spi.o
                0x000000000802ddd8                HAL_SPI_ErrorCallback
 .text.SPI_DMAReceiveCplt
                0x000000000802ddec       0x84 Drivers/STM32F4xx_HAL_Driver/Src/stm32f4xx_hal_spi.o
 .text.SPI_DMATransmitReceiveCplt
                0x000000000802de70       0x90 Drivers/STM32F4xx_HAL_Driver/Src/stm32f4xx_hal_spi.o
 .text.SPI_DMAHalfReceiveCplt
                0x000000000802df00       0x1c Drivers/STM32F4xx_HAL_Driver/Src/stm32f4xx_hal_spi.o
 .text.SPI_DMAHalfTransmitReceiveCplt
                0x000000000802df1c       0x1c Drivers/STM32F4xx_HAL_Driver/Src/stm32f4xx_hal_spi.o
 .text.SPI_DMAError
                0x000000000802df38       0x40 Drivers/STM32F4xx_HAL_Driver/Src/stm32f4xx_hal_spi.o
 .text.SPI_WaitFlagStateUntilTimeout
                0x000000000802df78       0xd4 Drivers/STM32F4xx_HAL_Driver/Src/stm32f4xx_hal_spi.o
 .text.SPI_EndRxTransaction
                0x000000000802e04c       0xca Drivers/STM32F4xx_HAL_Driver/Src/stm32f4xx_hal_spi.o
 *fill*         0x000000000802e116        0x2 
 .text.SPI_EndRxTxTransaction
                0x000000000802e118       0x84 Drivers/STM32F4xx_HAL_Driver/Src/stm32f4xx_hal_spi.o
 .text.HAL_TIM_Base_Init
                0x000000000802e19c       0x56 Drivers/STM32F4xx_HAL_Driver/Src/stm32f4xx_hal_tim.o
                0x000000000802e19c                HAL_TIM_Base_Init
 .text.HAL_TIM_PWM_Init
                0x000000000802e1f2       0x56 Drivers/STM32F4xx_HAL_Driver/Src/stm32f4xx_hal_tim.o
                0x000000000802e1f2                HAL_TIM_PWM_Init
 .text.HAL_TIM_PWM_MspInit
                0x000000000802e248       0x14 Drivers/STM32F4xx_HAL_Driver/Src/stm32f4xx_hal_tim.o
                0x000000000802e248                HAL_TIM_PWM_MspInit
 .text.HAL_TIM_PWM_Start
                0x000000000802e25c       0x64 Drivers/STM32F4xx_HAL_Driver/Src/stm32f4xx_hal_tim.o
                0x000000000802e25c                HAL_TIM_PWM_Start
 .text.HAL_TIM_PWM_Stop
                0x000000000802e2c0       0x98 Drivers/STM32F4xx_HAL_Driver/Src/stm32f4xx_hal_tim.o
                0x000000000802e2c0                HAL_TIM_PWM_Stop
 .text.HAL_TIM_PWM_ConfigChannel
                0x000000000802e358      0x18c Drivers/STM32F4xx_HAL_Driver/Src/stm32f4xx_hal_tim.o
                0x000000000802e358                HAL_TIM_PWM_ConfigChannel
 .text.HAL_TIM_ConfigClockSource
                0x000000000802e4e4      0x16e Drivers/STM32F4xx_HAL_Driver/Src/stm32f4xx_hal_tim.o
                0x000000000802e4e4                HAL_TIM_ConfigClockSource
 *fill*         0x000000000802e652        0x2 
 .text.TIM_Base_SetConfig
                0x000000000802e654      0x100 Drivers/STM32F4xx_HAL_Driver/Src/stm32f4xx_hal_tim.o
                0x000000000802e654                TIM_Base_SetConfig
 .text.TIM_OC1_SetConfig
                0x000000000802e754       0xcc Drivers/STM32F4xx_HAL_Driver/Src/stm32f4xx_hal_tim.o
 .text.TIM_OC2_SetConfig
                0x000000000802e820       0xd8 Drivers/STM32F4xx_HAL_Driver/Src/stm32f4xx_hal_tim.o
                0x000000000802e820                TIM_OC2_SetConfig
 .text.TIM_OC3_SetConfig
                0x000000000802e8f8       0xd4 Drivers/STM32F4xx_HAL_Driver/Src/stm32f4xx_hal_tim.o
 .text.TIM_OC4_SetConfig
                0x000000000802e9cc       0xa0 Drivers/STM32F4xx_HAL_Driver/Src/stm32f4xx_hal_tim.o
 .text.TIM_TI1_ConfigInputStage
                0x000000000802ea6c       0x5e Drivers/STM32F4xx_HAL_Driver/Src/stm32f4xx_hal_tim.o
 .text.TIM_TI2_ConfigInputStage
                0x000000000802eaca       0x60 Drivers/STM32F4xx_HAL_Driver/Src/stm32f4xx_hal_tim.o
 .text.TIM_ITRx_SetConfig
                0x000000000802eb2a       0x36 Drivers/STM32F4xx_HAL_Driver/Src/stm32f4xx_hal_tim.o
 .text.TIM_ETR_SetConfig
                0x000000000802eb60       0x40 Drivers/STM32F4xx_HAL_Driver/Src/stm32f4xx_hal_tim.o
                0x000000000802eb60                TIM_ETR_SetConfig
 .text.TIM_CCxChannelCmd
                0x000000000802eba0       0x4a Drivers/STM32F4xx_HAL_Driver/Src/stm32f4xx_hal_tim.o
                0x000000000802eba0                TIM_CCxChannelCmd
 *fill*         0x000000000802ebea        0x2 
 .text.HAL_TIMEx_MasterConfigSynchronization
                0x000000000802ebec       0xdc Drivers/STM32F4xx_HAL_Driver/Src/stm32f4xx_hal_tim_ex.o
                0x000000000802ebec                HAL_TIMEx_MasterConfigSynchronization
 .text.HAL_UART_Init
                0x000000000802ecc8       0x9a Drivers/STM32F4xx_HAL_Driver/Src/stm32f4xx_hal_uart.o
                0x000000000802ecc8                HAL_UART_Init
 *fill*         0x000000000802ed62        0x2 
 .text.HAL_UART_Transmit_DMA
                0x000000000802ed64       0xd8 Drivers/STM32F4xx_HAL_Driver/Src/stm32f4xx_hal_uart.o
                0x000000000802ed64                HAL_UART_Transmit_DMA
 .text.HAL_UART_DMAPause
                0x000000000802ee3c       0xc8 Drivers/STM32F4xx_HAL_Driver/Src/stm32f4xx_hal_uart.o
                0x000000000802ee3c                HAL_UART_DMAPause
 .text.HAL_UART_DMAResume
                0x000000000802ef04       0xa2 Drivers/STM32F4xx_HAL_Driver/Src/stm32f4xx_hal_uart.o
                0x000000000802ef04                HAL_UART_DMAResume
 *fill*         0x000000000802efa6        0x2 
 .text.HAL_UART_IRQHandler
                0x000000000802efa8      0x200 Drivers/STM32F4xx_HAL_Driver/Src/stm32f4xx_hal_uart.o
                0x000000000802efa8                HAL_UART_IRQHandler
 .text.HAL_UART_TxHalfCpltCallback
                0x000000000802f1a8       0x14 Drivers/STM32F4xx_HAL_Driver/Src/stm32f4xx_hal_uart.o
                0x000000000802f1a8                HAL_UART_TxHalfCpltCallback
 .text.HAL_UART_RxCpltCallback
                0x000000000802f1bc       0x14 Drivers/STM32F4xx_HAL_Driver/Src/stm32f4xx_hal_uart.o
                0x000000000802f1bc                HAL_UART_RxCpltCallback
 .text.HAL_UART_ErrorCallback
                0x000000000802f1d0       0x14 Drivers/STM32F4xx_HAL_Driver/Src/stm32f4xx_hal_uart.o
                0x000000000802f1d0                HAL_UART_ErrorCallback
 .text.UART_DMATransmitCplt
                0x000000000802f1e4       0x52 Drivers/STM32F4xx_HAL_Driver/Src/stm32f4xx_hal_uart.o
 .text.UART_DMATxHalfCplt
                0x000000000802f236       0x1c Drivers/STM32F4xx_HAL_Driver/Src/stm32f4xx_hal_uart.o
 .text.UART_DMAError
                0x000000000802f252       0x94 Drivers/STM32F4xx_HAL_Driver/Src/stm32f4xx_hal_uart.o
 .text.UART_EndTxTransfer
                0x000000000802f2e6       0x2c Drivers/STM32F4xx_HAL_Driver/Src/stm32f4xx_hal_uart.o
 .text.UART_EndRxTransfer
                0x000000000802f312       0x3c Drivers/STM32F4xx_HAL_Driver/Src/stm32f4xx_hal_uart.o
 .text.UART_DMAAbortOnError
                0x000000000802f34e       0x28 Drivers/STM32F4xx_HAL_Driver/Src/stm32f4xx_hal_uart.o
 .text.UART_Transmit_IT
                0x000000000802f376       0xac Drivers/STM32F4xx_HAL_Driver/Src/stm32f4xx_hal_uart.o
 .text.UART_EndTransmit_IT
                0x000000000802f422       0x30 Drivers/STM32F4xx_HAL_Driver/Src/stm32f4xx_hal_uart.o
 .text.UART_Receive_IT
                0x000000000802f452      0x102 Drivers/STM32F4xx_HAL_Driver/Src/stm32f4xx_hal_uart.o
 .text.UART_SetConfig
                0x000000000802f554      0x6f8 Drivers/STM32F4xx_HAL_Driver/Src/stm32f4xx_hal_uart.o
 .text.abort    0x000000000802fc4c        0xe c:/st/stm32cubeide_1.4.0/stm32cubeide/plugins/com.st.stm32cube.ide.mcu.externaltools.gnu-tools-for-stm32.7-2018-q2-update.win32_1.4.0.202007081208/tools/bin/../lib/gcc/arm-none-eabi/7.3.1/../../../../arm-none-eabi/lib/thumb/v7e-m/fpv4-sp/hard\libc_nano.a(lib_a-abort.o)
                0x000000000802fc4c                abort
 *fill*         0x000000000802fc5a        0x2 
 .text.__errno  0x000000000802fc5c        0xc c:/st/stm32cubeide_1.4.0/stm32cubeide/plugins/com.st.stm32cube.ide.mcu.externaltools.gnu-tools-for-stm32.7-2018-q2-update.win32_1.4.0.202007081208/tools/bin/../lib/gcc/arm-none-eabi/7.3.1/../../../../arm-none-eabi/lib/thumb/v7e-m/fpv4-sp/hard\libc_nano.a(lib_a-errno.o)
                0x000000000802fc5c                __errno
 .text.__sflush_r
                0x000000000802fc68      0x10c c:/st/stm32cubeide_1.4.0/stm32cubeide/plugins/com.st.stm32cube.ide.mcu.externaltools.gnu-tools-for-stm32.7-2018-q2-update.win32_1.4.0.202007081208/tools/bin/../lib/gcc/arm-none-eabi/7.3.1/../../../../arm-none-eabi/lib/thumb/v7e-m/fpv4-sp/hard\libc_nano.a(lib_a-fflush.o)
                0x000000000802fc68                __sflush_r
 .text._fflush_r
                0x000000000802fd74       0x54 c:/st/stm32cubeide_1.4.0/stm32cubeide/plugins/com.st.stm32cube.ide.mcu.externaltools.gnu-tools-for-stm32.7-2018-q2-update.win32_1.4.0.202007081208/tools/bin/../lib/gcc/arm-none-eabi/7.3.1/../../../../arm-none-eabi/lib/thumb/v7e-m/fpv4-sp/hard\libc_nano.a(lib_a-fflush.o)
                0x000000000802fd74                _fflush_r
 .text.fflush   0x000000000802fdc8       0x24 c:/st/stm32cubeide_1.4.0/stm32cubeide/plugins/com.st.stm32cube.ide.mcu.externaltools.gnu-tools-for-stm32.7-2018-q2-update.win32_1.4.0.202007081208/tools/bin/../lib/gcc/arm-none-eabi/7.3.1/../../../../arm-none-eabi/lib/thumb/v7e-m/fpv4-sp/hard\libc_nano.a(lib_a-fflush.o)
                0x000000000802fdc8                fflush
 .text.std      0x000000000802fdec       0x48 c:/st/stm32cubeide_1.4.0/stm32cubeide/plugins/com.st.stm32cube.ide.mcu.externaltools.gnu-tools-for-stm32.7-2018-q2-update.win32_1.4.0.202007081208/tools/bin/../lib/gcc/arm-none-eabi/7.3.1/../../../../arm-none-eabi/lib/thumb/v7e-m/fpv4-sp/hard\libc_nano.a(lib_a-findfp.o)
 .text._cleanup_r
                0x000000000802fe34        0xc c:/st/stm32cubeide_1.4.0/stm32cubeide/plugins/com.st.stm32cube.ide.mcu.externaltools.gnu-tools-for-stm32.7-2018-q2-update.win32_1.4.0.202007081208/tools/bin/../lib/gcc/arm-none-eabi/7.3.1/../../../../arm-none-eabi/lib/thumb/v7e-m/fpv4-sp/hard\libc_nano.a(lib_a-findfp.o)
                0x000000000802fe34                _cleanup_r
 .text.__sfmoreglue
                0x000000000802fe40       0x2c c:/st/stm32cubeide_1.4.0/stm32cubeide/plugins/com.st.stm32cube.ide.mcu.externaltools.gnu-tools-for-stm32.7-2018-q2-update.win32_1.4.0.202007081208/tools/bin/../lib/gcc/arm-none-eabi/7.3.1/../../../../arm-none-eabi/lib/thumb/v7e-m/fpv4-sp/hard\libc_nano.a(lib_a-findfp.o)
                0x000000000802fe40                __sfmoreglue
 .text.__sinit  0x000000000802fe6c       0x60 c:/st/stm32cubeide_1.4.0/stm32cubeide/plugins/com.st.stm32cube.ide.mcu.externaltools.gnu-tools-for-stm32.7-2018-q2-update.win32_1.4.0.202007081208/tools/bin/../lib/gcc/arm-none-eabi/7.3.1/../../../../arm-none-eabi/lib/thumb/v7e-m/fpv4-sp/hard\libc_nano.a(lib_a-findfp.o)
                0x000000000802fe6c                __sinit
 .text.__sfp    0x000000000802fecc       0x78 c:/st/stm32cubeide_1.4.0/stm32cubeide/plugins/com.st.stm32cube.ide.mcu.externaltools.gnu-tools-for-stm32.7-2018-q2-update.win32_1.4.0.202007081208/tools/bin/../lib/gcc/arm-none-eabi/7.3.1/../../../../arm-none-eabi/lib/thumb/v7e-m/fpv4-sp/hard\libc_nano.a(lib_a-findfp.o)
                0x000000000802fecc                __sfp