stm32f4xx_it.c:36:6:NMI_Handler	4	static,ignoring_inline_asm
stm32f4xx_it.c:44:6:HardFault_Handler	4	static
stm32f4xx_it.c:55:6:MemManage_Handler	4	static
stm32f4xx_it.c:65:6:BusFault_Handler	4	static
stm32f4xx_it.c:75:6:UsageFault_Handler	4	static
stm32f4xx_it.c:85:6:SVC_Handler	4	static
stm32f4xx_it.c:92:6:DebugMon_Handler	4	static
stm32f4xx_it.c:99:6:PendSV_Handler	4	static
stm32f4xx_it.c:106:6:SysTick_Handler	8	static
stm32f4xx_it.c:112:6:USART1_IRQHandler	8	static
stm32f4xx_it.c:120:6:DMA2_Stream2_IRQHandler	8	static
stm32f4xx_it.c:128:6:DMA2_Stream7_IRQHandler	8	static
stm32f4xx_it.c:134:6:DMA2_Stream0_IRQHandler	8	static
stm32f4xx_it.c:142:6:DMA2_Stream3_IRQHandler	8	static
