Archive member included to satisfy reference by file (symbol)

../Libraries/lib\libgsl.a(blas.o)
                              Core/Src/calibrate.o (gsl_blas_dgemv)
../Libraries/lib\libgsl.a(error.o)
                              ../Libraries/lib\libgsl.a(blas.o) (gsl_error)
../Libraries/lib\libgsl.a(stream.o)
                              ../Libraries/lib\libgsl.a(error.o) (gsl_stream_printf)
../Libraries/lib\libgsl.a(lt12-init.o)
                              Core/Src/calibrate.o (gsl_matrix_alloc)
../Libraries/lib\libgsl.a(matrix.o)
                              Core/Src/calibrate.o (gsl_matrix_set)
../Libraries/lib\libgsl.a(vector.o)
                              ../Libraries/lib\libgsl.a(matrix.o) (gsl_check_range)
../Libraries/lib\libgsl.a(lt89-view.o)
                              Core/Src/calibrate.o (gsl_vector_view_array)
../Libraries/lib\libgsl.a(init.o)
                              ../Libraries/lib\libgsl.a(lt12-init.o) (gsl_block_complex_long_double_alloc)
../Libraries/lib\libgslcblas.a(sasum.o)
                              ../Libraries/lib\libgsl.a(blas.o) (cblas_sasum)
../Libraries/lib\libgslcblas.a(saxpy.o)
                              ../Libraries/lib\libgsl.a(blas.o) (cblas_saxpy)
../Libraries/lib\libgslcblas.a(scasum.o)
                              ../Libraries/lib\libgsl.a(blas.o) (cblas_scasum)
../Libraries/lib\libgslcblas.a(scnrm2.o)
                              ../Libraries/lib\libgsl.a(blas.o) (cblas_scnrm2)
../Libraries/lib\libgslcblas.a(scopy.o)
                              ../Libraries/lib\libgsl.a(blas.o) (cblas_scopy)
../Libraries/lib\libgslcblas.a(sdot.o)
                              ../Libraries/lib\libgsl.a(blas.o) (cblas_sdot)
../Libraries/lib\libgslcblas.a(sdsdot.o)
                              ../Libraries/lib\libgsl.a(blas.o) (cblas_sdsdot)
../Libraries/lib\libgslcblas.a(sgemm.o)
                              ../Libraries/lib\libgsl.a(blas.o) (cblas_sgemm)
../Libraries/lib\libgslcblas.a(sgemv.o)
                              ../Libraries/lib\libgsl.a(blas.o) (cblas_sgemv)
../Libraries/lib\libgslcblas.a(sger.o)
                              ../Libraries/lib\libgsl.a(blas.o) (cblas_sger)
../Libraries/lib\libgslcblas.a(snrm2.o)
                              ../Libraries/lib\libgsl.a(blas.o) (cblas_snrm2)
../Libraries/lib\libgslcblas.a(srot.o)
                              ../Libraries/lib\libgsl.a(blas.o) (cblas_srot)
../Libraries/lib\libgslcblas.a(srotg.o)
                              ../Libraries/lib\libgsl.a(blas.o) (cblas_srotg)
../Libraries/lib\libgslcblas.a(srotm.o)
                              ../Libraries/lib\libgsl.a(blas.o) (cblas_srotm)
../Libraries/lib\libgslcblas.a(srotmg.o)
                              ../Libraries/lib\libgsl.a(blas.o) (cblas_srotmg)
../Libraries/lib\libgslcblas.a(sscal.o)
                              ../Libraries/lib\libgsl.a(blas.o) (cblas_sscal)
../Libraries/lib\libgslcblas.a(sswap.o)
                              ../Libraries/lib\libgsl.a(blas.o) (cblas_sswap)
../Libraries/lib\libgslcblas.a(ssymm.o)
                              ../Libraries/lib\libgsl.a(blas.o) (cblas_ssymm)
../Libraries/lib\libgslcblas.a(ssymv.o)
                              ../Libraries/lib\libgsl.a(blas.o) (cblas_ssymv)
../Libraries/lib\libgslcblas.a(ssyr.o)
                              ../Libraries/lib\libgsl.a(blas.o) (cblas_ssyr)
../Libraries/lib\libgslcblas.a(ssyr2.o)
                              ../Libraries/lib\libgsl.a(blas.o) (cblas_ssyr2)
../Libraries/lib\libgslcblas.a(ssyr2k.o)
                              ../Libraries/lib\libgsl.a(blas.o) (cblas_ssyr2k)
../Libraries/lib\libgslcblas.a(ssyrk.o)
                              ../Libraries/lib\libgsl.a(blas.o) (cblas_ssyrk)
../Libraries/lib\libgslcblas.a(strmm.o)
                              ../Libraries/lib\libgsl.a(blas.o) (cblas_strmm)
../Libraries/lib\libgslcblas.a(strmv.o)
                              ../Libraries/lib\libgsl.a(blas.o) (cblas_strmv)
../Libraries/lib\libgslcblas.a(strsm.o)
                              ../Libraries/lib\libgsl.a(blas.o) (cblas_strsm)
../Libraries/lib\libgslcblas.a(strsv.o)
                              ../Libraries/lib\libgsl.a(blas.o) (cblas_strsv)
../Libraries/lib\libgslcblas.a(dasum.o)
                              ../Libraries/lib\libgsl.a(blas.o) (cblas_dasum)
../Libraries/lib\libgslcblas.a(daxpy.o)
                              ../Libraries/lib\libgsl.a(blas.o) (cblas_daxpy)
../Libraries/lib\libgslcblas.a(dcopy.o)
                              ../Libraries/lib\libgsl.a(blas.o) (cblas_dcopy)
../Libraries/lib\libgslcblas.a(ddot.o)
                              ../Libraries/lib\libgsl.a(blas.o) (cblas_ddot)
../Libraries/lib\libgslcblas.a(dgemm.o)
                              ../Libraries/lib\libgsl.a(blas.o) (cblas_dgemm)
../Libraries/lib\libgslcblas.a(dgemv.o)
                              ../Libraries/lib\libgsl.a(blas.o) (cblas_dgemv)
../Libraries/lib\libgslcblas.a(dger.o)
                              ../Libraries/lib\libgsl.a(blas.o) (cblas_dger)
[...]
Memory Configuration

Name             Origin             Length             Attributes
RAM              0x0000000020000000 0x0000000000018000 xrw
FLASH            0x0000000008000000 0x0000000000080000 xr
*default*        0x0000000000000000 0xffffffffffffffff

Linker script and memory map

LOAD c:/st/stm32cubeide_1.4.0/stm32cubeide/plugins/com.st.stm32cube.ide.mcu.externaltools.gnu-tools-for-stm32.7-2018-q2-update.win32_1.4.0.202007081208/tools/bin/../lib/gcc/arm-none-eabi/7.3.1/thumb/v7e-m/fpv4-sp/hard/crti.o
LOAD c:/st/stm32cubeide_1.4.0/stm32cubeide/plugins/com.st.stm32cube.ide.mcu.externaltools.gnu-tools-for-stm32.7-2018-q2-update.win32_1.4.0.202007081208/tools/bin/../lib/gcc/arm-none-eabi/7.3.1/thumb/v7e-m/fpv4-sp/hard/crtbegin.o
LOAD c:/st/stm32cubeide_1.4.0/stm32cubeide/plugins/com.st.stm32cube.ide.mcu.externaltools.gnu-tools-for-stm32.7-2018-q2-update.win32_1.4.0.202007081208/tools/bin/../lib/gcc/arm-none-eabi/7.3.1/../../../../arm-none-eabi/lib/thumb/v7e-m/fpv4-sp/hard/crt0.o
LOAD Core/Src/calibrate.o
LOAD Core/Src/clock_config.o
LOAD Core/Src/data_polling.o
LOAD Core/Src/dma_burst.o
LOAD Core/Src/gpio.o
LOAD Core/Src/ldm6dsl.o
LOAD Core/Src/main.o
LOAD Core/Src/nintegration.o
LOAD Core/Src/pwm.o
LOAD Core/Src/spi.o
LOAD Core/Src/stm32f4xx_hal_msp.o
LOAD Core/Src/stm32f4xx_it.o
LOAD Core/Src/syscalls.o
LOAD Core/Src/sysmem.o
LOAD Core/Src/system_stm32f4xx.o
LOAD Core/Src/uart.o
LOAD Core/Startup/startup_stm32f401retx.o
LOAD Drivers/STM32F4xx_HAL_Driver/Src/stm32f4xx_hal.o
LOAD Drivers/STM32F4xx_HAL_Driver/Src/stm32f4xx_hal_cortex.o
LOAD Drivers/STM32F4xx_HAL_Driver/Src/stm32f4xx_hal_dma.o
LOAD Drivers/STM32F4xx_HAL_Driver/Src/stm32f4xx_hal_dma_ex.o
LOAD Drivers/STM32F4xx_HAL_Driver/Src/stm32f4xx_hal_exti.o
LOAD Drivers/STM32F4xx_HAL_Driver/Src/stm32f4xx_hal_flash.o
LOAD Drivers/STM32F4xx_HAL_Driver/Src/stm32f4xx_hal_flash_ex.o
LOAD Drivers/STM32F4xx_HAL_Driver/Src/stm32f4xx_hal_flash_ramfunc.o
LOAD Drivers/STM32F4xx_HAL_Driver/Src/stm32f4xx_hal_gpio.o
LOAD Drivers/STM32F4xx_HAL_Driver/Src/stm32f4xx_hal_pwr.o
LOAD Drivers/STM32F4xx_HAL_Driver/Src/stm32f4xx_hal_pwr_ex.o
LOAD Drivers/STM32F4xx_HAL_Driver/Src/stm32f4xx_hal_rcc.o
LOAD Drivers/STM32F4xx_HAL_Driver/Src/stm32f4xx_hal_rcc_ex.o
LOAD Drivers/STM32F4xx_HAL_Driver/Src/stm32f4xx_hal_spi.o
LOAD Drivers/STM32F4xx_HAL_Driver/Src/stm32f4xx_hal_tim.o
LOAD Drivers/STM32F4xx_HAL_Driver/Src/stm32f4xx_hal_tim_ex.o
LOAD Drivers/STM32F4xx_HAL_Driver/Src/stm32f4xx_hal_uart.o
LOAD ../Libraries/lib\libgsl.a
LOAD ../Libraries/lib\libgslcblas.a
START GROUP
LOAD c:/st/stm32cubeide_1.4.0/stm32cubeide/plugins/com.st.stm32cube.ide.mcu.externaltools.gnu-tools-for-stm32.7-2018-q2-update.win32_1.4.0.202007081208/tools/bin/../lib/gcc/arm-none-eabi/7.3.1/../../../../arm-none-eabi/lib/thumb/v7e-m/fpv4-sp/hard\libc_nano.a
LOAD c:/st/stm32cubeide_1.4.0/stm32cubeide/plugins/com.st.stm32cube.ide.mcu.externaltools.gnu-tools-for-stm32.7-2018-q2-update.win32_1.4.0.202007081208/tools/bin/../lib/gcc/arm-none-eabi/7.3.1/../../../../arm-none-eabi/lib/thumb/v7e-m/fpv4-sp/hard\libm.a
END GROUP
START GROUP
LOAD c:/st/stm32cubeide_1.4.0/stm32cubeide/plugins/com.st.stm32cube.ide.mcu.externaltools.gnu-tools-for-stm32.7-2018-q2-update.win32_1.4.0.202007081208/tools/bin/../lib/gcc/arm-none-eabi/7.3.1/thumb/v7e-m/fpv4-sp/hard\libgcc.a
LOAD c:/st/stm32cubeide_1.4.0/stm32cubeide/plugins/com.st.stm32cube.ide.mcu.externaltools.gnu-tools-for-stm32.7-2018-q2-update.win32_1.4.0.202007081208/tools/bin/../lib/gcc/arm-none-eabi/7.3.1/../../../../arm-none-eabi/lib/thumb/v7e-m/fpv4-sp/hard\libc_nano.a
END GROUP
START GROUP
LOAD c:/st/stm32cubeide_1.4.0/stm32cubeide/plugins/com.st.stm32cube.ide.mcu.externaltools.gnu-tools-for-stm32.7-2018-q2-update.win32_1.4.0.202007081208/tools/bin/../lib/gcc/arm-none-eabi/7.3.1/thumb/v7e-m/fpv4-sp/hard\libgcc.a
LOAD c:/st/stm32cubeide_1.4.0/stm32cubeide/plugins/com.st.stm32cube.ide.mcu.externaltools.gnu-tools-for-stm32.7-2018-q2-update.win32_1.4.0.202007081208/tools/bin/../lib/gcc/arm-none-eabi/7.3.1/../../../../arm-none-eabi/lib/thumb/v7e-m/fpv4-sp/hard\libc_nano.a
LOAD c:/st/stm32cubeide_1.4.0/stm32cubeide/plugins/com.st.stm32cube.ide.mcu.externaltools.gnu-tools-for-stm32.7-2018-q2-update.win32_1.4.0.202007081208/tools/bin/../lib/gcc/arm-none-eabi/7.3.1/../../../../arm-none-eabi/lib/thumb/v7e-m/fpv4-sp/hard\libnosys.a
END GROUP
START GROUP
LOAD c:/st/stm32cubeide_1.4.0/stm32cubeide/plugins/com.st.stm32cube.ide.mcu.externaltools.gnu-tools-for-stm32.7-2018-q2-update.win32_1.4.0.202007081208/tools/bin/../lib/gcc/arm-none-eabi/7.3.1/thumb/v7e-m/fpv4-sp/hard\libgcc.a
LOAD c:/st/stm32cubeide_1.4.0/stm32cubeide/plugins/com.st.stm32cube.ide.mcu.externaltools.gnu-tools-for-stm32.7-2018-q2-update.win32_1.4.0.202007081208/tools/bin/../lib/gcc/arm-none-eabi/7.3.1/../../../../arm-none-eabi/lib/thumb/v7e-m/fpv4-sp/hard\libc_nano.a
LOAD c:/st/stm32cubeide_1.4.0/stm32cubeide/plugins/com.st.stm32cube.ide.mcu.externaltools.gnu-tools-for-stm32.7-2018-q2-update.win32_1.4.0.202007081208/tools/bin/../lib/gcc/arm-none-eabi/7.3.1/../../../../arm-none-eabi/lib/thumb/v7e-m/fpv4-sp/hard\libnosys.a
END GROUP
LOAD c:/st/stm32cubeide_1.4.0/stm32cubeide/plugins/com.st.stm32cube.ide.mcu.externaltools.gnu-tools-for-stm32.7-2018-q2-update.win32_1.4.0.202007081208/tools/bin/../lib/gcc/arm-none-eabi/7.3.1/thumb/v7e-m/fpv4-sp/hard/crtend.o
LOAD c:/st/stm32cubeide_1.4.0/stm32cubeide/plugins/com.st.stm32cube.ide.mcu.externaltools.gnu-tools-for-stm32.7-2018-q2-update.win32_1.4.0.202007081208/tools/bin/../lib/gcc/arm-none-eabi/7.3.1/thumb/v7e-m/fpv4-sp/hard/crtn.o
                0x0000000020018000                _estack = (ORIGIN (RAM) + LENGTH (RAM))
                0x0000000000000200                _Min_Heap_Size = 0x200
                0x0000000000000400                _Min_Stack_Size = 0x400

.isr_vector     0x0000000008000000      0x194
                0x0000000008000000                . = ALIGN (0x4)
 *(.isr_vector)
 .isr_vector    0x0000000008000000      0x194 Core/Startup/startup_stm32f401retx.o
                0x0000000008000000                g_pfnVectors
                0x0000000008000194                . = ALIGN (0x4)

.text           0x00000000080001a0    0x2ff28
                0x00000000080001a0                . = ALIGN (0x4)
 *(.text)
 .text          0x00000000080001a0       0x40 c:/st/stm32cubeide_1.4.0/stm32cubeide/plugins/com.st.stm32cube.ide.mcu.externaltools.gnu-tools-for-stm32.7-2018-q2-update.win32_1.4.0.202007081208/tools/bin/../lib/gcc/arm-none-eabi/7.3.1/thumb/v7e-m/fpv4-sp/hard/crtbegin.o
 .text          0x00000000080001e0     0x267c ../Libraries/lib\libgsl.a(blas.o)
                0x00000000080001e0                gsl_blas_sdsdot
                0x0000000008000224                gsl_blas_dsdot
                0x0000000008000268                gsl_blas_sdot
                0x00000000080002ac                gsl_blas_ddot
                0x00000000080002f0                gsl_blas_cdotu
                0x0000000008000330                gsl_blas_cdotc
                0x0000000008000370                gsl_blas_zdotu
                0x00000000080003b0                gsl_blas_zdotc
                0x00000000080003f0                gsl_blas_snrm2
                0x00000000080003fc                gsl_blas_dnrm2
                0x0000000008000408                gsl_blas_scnrm2
                0x0000000008000414                gsl_blas_dznrm2
                0x0000000008000420                gsl_blas_sasum
                0x000000000800042c                gsl_blas_dasum
                0x0000000008000438                gsl_blas_scasum
                0x0000000008000444                gsl_blas_dzasum
                0x0000000008000450                gsl_blas_isamax
                0x000000000800045c                gsl_blas_idamax
                0x0000000008000468                gsl_blas_icamax
                0x0000000008000474                gsl_blas_izamax
                0x0000000008000480                gsl_blas_sswap
                0x00000000080004c0                gsl_blas_dswap
                0x0000000008000500                gsl_blas_cswap
                0x0000000008000540                gsl_blas_zswap
                0x0000000008000580                gsl_blas_scopy
                0x00000000080005c0                gsl_blas_dcopy
                0x0000000008000600                gsl_blas_ccopy
                0x0000000008000640                gsl_blas_zcopy
                0x0000000008000680                gsl_blas_saxpy
                0x00000000080006c0                gsl_blas_daxpy
                0x0000000008000700                gsl_blas_caxpy
                0x000000000800074c                gsl_blas_zaxpy
                0x0000000008000798                gsl_blas_srotg
                0x00000000080007a4                gsl_blas_drotg
                0x00000000080007b0                gsl_blas_srot
                0x00000000080007f0                gsl_blas_drot
                0x0000000008000830                gsl_blas_srotmg
                0x000000000800083c                gsl_blas_drotmg
                0x0000000008000848                gsl_blas_srotm
                0x0000000008000888                gsl_blas_drotm
                0x00000000080008c8                gsl_blas_sscal
                0x00000000080008d4                gsl_blas_dscal
                0x00000000080008e0                gsl_blas_cscal
                0x0000000008000900                gsl_blas_zscal
                0x0000000008000920                gsl_blas_csscal
                0x000000000800092c                gsl_blas_zdscal
                0x0000000008000938                gsl_blas_sgemv
                0x00000000080009a8                gsl_blas_dgemv
                0x0000000008000a18                gsl_blas_cgemv
                0x0000000008000ab4                gsl_blas_zgemv
                0x0000000008000b50                gsl_blas_chemv
                0x0000000008000bdc                gsl_blas_zhemv
                0x0000000008000c68                gsl_blas_ssymv
                0x0000000008000ce0                gsl_blas_dsymv
                0x0000000008000d58                gsl_blas_strmv
                0x0000000008000dc4                gsl_blas_dtrmv
                0x0000000008000e30                gsl_blas_ctrmv
                0x0000000008000e9c                gsl_blas_ztrmv
                0x0000000008000f08                gsl_blas_strsv
                0x0000000008000f74                gsl_blas_dtrsv
                0x0000000008000fe0                gsl_blas_ctrsv
                0x000000000800104c                gsl_blas_ztrsv
                0x00000000080010b8                gsl_blas_sger
                0x0000000008001110                gsl_blas_dger
                0x0000000008001168                gsl_blas_cgeru
                0x00000000080011cc                gsl_blas_zgeru
                0x0000000008001230                gsl_blas_cgerc
                0x0000000008001294                gsl_blas_zgerc
                0x00000000080012f8                gsl_blas_cher
                0x0000000008001360                gsl_blas_zher
                0x00000000080013c8                gsl_blas_cher2
                0x0000000008001448                gsl_blas_zher2
                0x00000000080014c8                gsl_blas_ssyr
                0x0000000008001530                gsl_blas_dsyr
                0x0000000008001598                gsl_blas_ssyr2
                0x0000000008001610                gsl_blas_dsyr2
                0x0000000008001688                gsl_blas_sgemm
                0x0000000008001714                gsl_blas_dgemm
                0x00000000080017a0                gsl_blas_cgemm
                0x0000000008001840                gsl_blas_zgemm
                0x00000000080018e8                gsl_blas_ssymm
                0x0000000008001980                gsl_blas_dsymm
                0x0000000008001a18                gsl_blas_csymm
                0x0000000008001ad8                gsl_blas_zsymm
                0x0000000008001b90                gsl_blas_chemm
                0x0000000008001c50                gsl_blas_zhemm
                0x0000000008001d08                gsl_blas_ssyrk
                0x0000000008001d80                gsl_blas_dsyrk
                0x0000000008001df8                gsl_blas_csyrk
                0x0000000008001e88                gsl_blas_zsyrk
                0x0000000008001f18                gsl_blas_cherk
                0x0000000008001f90                gsl_blas_zherk
                0x0000000008002008                gsl_blas_ssyr2k
                0x00000000080020a8                gsl_blas_dsyr2k
                0x0000000008002148                gsl_blas_csyr2k
                0x0000000008002204                gsl_blas_zsyr2k
                0x00000000080022c0                gsl_blas_cher2k
                0x000000000800236c                gsl_blas_zher2k
                0x000000000800241c                gsl_blas_strmm
                0x000000000800249c                gsl_blas_dtrmm
                0x000000000800251c                gsl_blas_ctrmm
                0x00000000080025ac                gsl_blas_ztrmm
                0x000000000800263c                gsl_blas_strsm
                0x00000000080026bc                gsl_blas_dtrsm
                0x000000000800273c                gsl_blas_ctrsm
                0x00000000080027cc                gsl_blas_ztrsm
 .text          0x000000000800285c       0x78 ../Libraries/lib\libgsl.a(error.o)
                0x0000000008002860                gsl_error
                0x00000000080028b0                gsl_set_error_handler
                0x00000000080028c0                gsl_set_error_handler_off
 .text          0x00000000080028d4       0x78 ../Libraries/lib\libgsl.a(stream.o)
                0x00000000080028d4                gsl_stream_printf
                0x000000000800291c                gsl_set_stream_handler
                0x000000000800292c                gsl_set_stream
 .text          0x000000000800294c     0x2388 ../Libraries/lib\libgsl.a(lt12-init.o)
                0x000000000800294c                gsl_matrix_complex_long_double_alloc
                0x00000000080029a8                gsl_matrix_complex_long_double_calloc
                0x00000000080029e0                gsl_matrix_complex_long_double_alloc_from_block
                0x0000000008002a68                gsl_matrix_complex_long_double_alloc_from_matrix
                0x0000000008002af8                gsl_matrix_complex_long_double_free
                0x0000000008002b20                gsl_matrix_complex_long_double_set_identity
                0x0000000008002b80                gsl_matrix_complex_long_double_set_zero
                0x0000000008002bc4                gsl_matrix_complex_long_double_set_all
                0x0000000008002c1c                gsl_matrix_complex_alloc
                0x0000000008002c78                gsl_matrix_complex_calloc
                0x0000000008002cb0                gsl_matrix_complex_alloc_from_block
                0x0000000008002d38                gsl_matrix_complex_alloc_from_matrix
                0x0000000008002dc8                gsl_matrix_complex_free
                0x0000000008002df0                gsl_matrix_complex_set_identity
                0x0000000008002e50                gsl_matrix_complex_set_zero
                0x0000000008002e94                gsl_matrix_complex_set_all
                0x0000000008002eec                gsl_matrix_complex_float_alloc
                0x0000000008002f48                gsl_matrix_complex_float_calloc
                0x0000000008002f7c                gsl_matrix_complex_float_alloc_from_block
                0x0000000008003004                gsl_matrix_complex_float_alloc_from_matrix
                0x0000000008003094                gsl_matrix_complex_float_free
                0x00000000080030bc                gsl_matrix_complex_float_set_identity
                0x00000000080030fc                gsl_matrix_complex_float_set_zero
                0x0000000008003134                gsl_matrix_complex_float_set_all
                0x000000000800317c                gsl_matrix_long_double_alloc
                0x00000000080031d8                gsl_matrix_long_double_calloc
                0x000000000800320c                gsl_matrix_long_double_alloc_from_block
                0x0000000008003294                gsl_matrix_long_double_alloc_from_matrix
                0x0000000008003324                gsl_matrix_long_double_free
                0x000000000800334c                gsl_matrix_long_double_set_identity
                0x00000000080033a4                gsl_matrix_long_double_set_zero
                0x00000000080033e0                gsl_matrix_long_double_set_all
                0x0000000008003414                gsl_matrix_alloc
                0x0000000008003470                gsl_matrix_calloc
                0x00000000080034a4                gsl_matrix_alloc_from_block
                0x000000000800352c                gsl_matrix_alloc_from_matrix
                0x00000000080035bc                gsl_matrix_free
                0x00000000080035e4                gsl_matrix_set_identity
                0x000000000800363c                gsl_matrix_set_zero
                0x0000000008003678                gsl_matrix_set_all
                0x00000000080036ac                gsl_matrix_float_alloc
                0x0000000008003708                gsl_matrix_float_calloc
                0x000000000800373c                gsl_matrix_float_alloc_from_block
                0x00000000080037c4                gsl_matrix_float_alloc_from_matrix
                0x0000000008003854                gsl_matrix_float_free
                0x000000000800387c                gsl_matrix_float_set_identity
                0x00000000080038c4                gsl_matrix_float_set_zero
                0x00000000080038f8                gsl_matrix_float_set_all
                0x000000000800392c                gsl_matrix_ulong_alloc
                0x0000000008003988                gsl_matrix_ulong_calloc
                0x00000000080039c0                gsl_matrix_ulong_alloc_from_block
                0x0000000008003a48                gsl_matrix_ulong_alloc_from_matrix
                0x0000000008003ad8                gsl_matrix_ulong_free
                0x0000000008003b00                gsl_matrix_ulong_set_identity
                0x0000000008003b38                gsl_matrix_ulong_set_zero
                0x0000000008003b6c                gsl_matrix_ulong_set_all
                0x0000000008003ba0                gsl_matrix_long_alloc
                0x0000000008003bfc                gsl_matrix_long_calloc
                0x0000000008003c34                gsl_matrix_long_alloc_from_block
                0x0000000008003cbc                gsl_matrix_long_alloc_from_matrix
                0x0000000008003d4c                gsl_matrix_long_free
                0x0000000008003d74                gsl_matrix_long_set_identity
                0x0000000008003dac                gsl_matrix_long_set_zero
                0x0000000008003de0                gsl_matrix_long_set_all
                0x0000000008003e14                gsl_matrix_uint_alloc
                0x0000000008003e70                gsl_matrix_uint_calloc
                0x0000000008003ea8                gsl_matrix_uint_alloc_from_block
                0x0000000008003f30                gsl_matrix_uint_alloc_from_matrix
                0x0000000008003fc0                gsl_matrix_uint_free
                0x0000000008003fe8                gsl_matrix_uint_set_identity
                0x0000000008004020                gsl_matrix_uint_set_zero
                0x0000000008004054                gsl_matrix_uint_set_all
                0x0000000008004088                gsl_matrix_int_alloc
                0x00000000080040e4                gsl_matrix_int_calloc
                0x000000000800411c                gsl_matrix_int_alloc_from_block
                0x00000000080041a4                gsl_matrix_int_alloc_from_matrix
                0x0000000008004234                gsl_matrix_int_free
                0x000000000800425c                gsl_matrix_int_set_identity
                0x0000000008004294                gsl_matrix_int_set_zero
                0x00000000080042c8                gsl_matrix_int_set_all
                0x00000000080042fc                gsl_matrix_ushort_alloc
                0x0000000008004358                gsl_matrix_ushort_calloc
                0x0000000008004390                gsl_matrix_ushort_alloc_from_block
                0x0000000008004418                gsl_matrix_ushort_alloc_from_matrix
                0x00000000080044a8                gsl_matrix_ushort_free
                0x00000000080044d0                gsl_matrix_ushort_set_identity
                0x0000000008004508                gsl_matrix_ushort_set_zero
                0x000000000800453c                gsl_matrix_ushort_set_all
                0x0000000008004570                gsl_matrix_short_alloc
                0x00000000080045cc                gsl_matrix_short_calloc
                0x0000000008004604                gsl_matrix_short_alloc_from_block
                0x000000000800468c                gsl_matrix_short_alloc_from_matrix
                0x000000000800471c                gsl_matrix_short_free
                0x0000000008004744                gsl_matrix_short_set_identity
                0x000000000800477c                gsl_matrix_short_set_zero
                0x00000000080047b0                gsl_matrix_short_set_all
                0x00000000080047e4                gsl_matrix_uchar_alloc
                0x0000000008004840                gsl_matrix_uchar_calloc
                0x0000000008004870                gsl_matrix_uchar_alloc_from_block
                0x00000000080048f4                gsl_matrix_uchar_alloc_from_matrix
                0x0000000008004984                gsl_matrix_uchar_free
                0x00000000080049ac                gsl_matrix_uchar_set_identity
                0x00000000080049f4                gsl_matrix_uchar_set_zero
                0x0000000008004a28                gsl_matrix_uchar_set_all
                0x0000000008004a5c                gsl_matrix_char_alloc
                0x0000000008004ab8                gsl_matrix_char_calloc
                0x0000000008004ae8                gsl_matrix_char_alloc_from_block
                0x0000000008004b6c                gsl_matrix_char_alloc_from_matrix
                0x0000000008004bfc                gsl_matrix_char_free
                0x0000000008004c24                gsl_matrix_char_set_identity
                0x0000000008004c6c                gsl_matrix_char_set_zero
                0x0000000008004ca0                gsl_matrix_char_set_all
 *fill*         0x0000000008004cd4        0x4 
 .text          0x0000000008004cd8     0x140c ../Libraries/lib\libgsl.a(matrix.o)
                0x0000000008004cd8                gsl_matrix_complex_long_double_get
                0x0000000008004d50                gsl_matrix_complex_long_double_set
                0x0000000008004dbc                gsl_matrix_complex_long_double_ptr
                0x0000000008004e14                gsl_matrix_complex_long_double_const_ptr
                0x0000000008004e6c                gsl_matrix_complex_get
                0x0000000008004ee4                gsl_matrix_complex_set
                0x0000000008004f50                gsl_matrix_complex_ptr
                0x0000000008004fa8                gsl_matrix_complex_const_ptr
                0x0000000008005000                gsl_matrix_complex_float_get
                0x000000000800507c                gsl_matrix_complex_float_set
                0x00000000080050e8                gsl_matrix_complex_float_ptr
                0x0000000008005140                gsl_matrix_complex_float_const_ptr
                0x0000000008005198                gsl_matrix_long_double_get
                0x0000000008005200                gsl_matrix_long_double_set
                0x0000000008005258                gsl_matrix_long_double_ptr
                0x00000000080052b0                gsl_matrix_long_double_const_ptr
                0x0000000008005308                gsl_matrix_get
                0x0000000008005370                gsl_matrix_set
                0x00000000080053c8                gsl_matrix_ptr
                0x0000000008005420                gsl_matrix_const_ptr
                0x0000000008005478                gsl_matrix_float_get
                0x00000000080054dc                gsl_matrix_float_set
                0x0000000008005534                gsl_matrix_float_ptr
                0x000000000800558c                gsl_matrix_float_const_ptr
                0x00000000080055e4                gsl_matrix_ulong_get
                0x000000000800563c                gsl_matrix_ulong_set
                0x0000000008005698                gsl_matrix_ulong_ptr
                0x00000000080056f0                gsl_matrix_ulong_const_ptr
                0x0000000008005748                gsl_matrix_long_get
                0x00000000080057a0                gsl_matrix_long_set
                0x00000000080057fc                gsl_matrix_long_ptr
                0x0000000008005854                gsl_matrix_long_const_ptr
                0x00000000080058ac                gsl_matrix_uint_get
                0x0000000008005904                gsl_matrix_uint_set
                0x0000000008005960                gsl_matrix_uint_ptr
                0x00000000080059b8                gsl_matrix_uint_const_ptr
                0x0000000008005a10                gsl_matrix_int_get
                0x0000000008005a68                gsl_matrix_int_set
                0x0000000008005ac4                gsl_matrix_int_ptr
                0x0000000008005b1c                gsl_matrix_int_const_ptr
                0x0000000008005b74                gsl_matrix_ushort_get
                0x0000000008005bcc                gsl_matrix_ushort_set
                0x0000000008005c28                gsl_matrix_ushort_ptr
                0x0000000008005c80                gsl_matrix_ushort_const_ptr
                0x0000000008005cd8                gsl_matrix_short_get
                0x0000000008005d30                gsl_matrix_short_set
                0x0000000008005d8c                gsl_matrix_short_ptr
                0x0000000008005de4                gsl_matrix_short_const_ptr
                0x0000000008005e3c                gsl_matrix_uchar_get
                0x0000000008005e90                gsl_matrix_uchar_set
                0x0000000008005ee8                gsl_matrix_uchar_ptr
                0x0000000008005f3c                gsl_matrix_uchar_const_ptr
                0x0000000008005f90                gsl_matrix_char_get
                0x0000000008005fe4                gsl_matrix_char_set
                0x000000000800603c                gsl_matrix_char_ptr
                0x0000000008006090                gsl_matrix_char_const_ptr
 .text          0x00000000080060e4      0x8c0 ../Libraries/lib\libgsl.a(lt89-view.o)
                0x00000000080060e4                gsl_vector_complex_long_double_view_array
                0x00000000080060f8                gsl_vector_complex_long_double_view_array_with_stride
                0x0000000008006134                gsl_vector_complex_view_array
                0x0000000008006148                gsl_vector_complex_view_array_with_stride
                0x0000000008006184                gsl_vector_complex_float_view_array
                0x0000000008006198                gsl_vector_complex_float_view_array_with_stride
                0x00000000080061d4                gsl_vector_long_double_view_array
                0x00000000080061e8                gsl_vector_long_double_view_array_with_stride
                0x0000000008006224                gsl_vector_view_array
                0x0000000008006238                gsl_vector_view_array_with_stride
                0x0000000008006274                gsl_vector_float_view_array
                0x0000000008006288                gsl_vector_float_view_array_with_stride
                0x00000000080062c4                gsl_vector_ulong_view_array
                0x00000000080062d8                gsl_vector_ulong_view_array_with_stride
                0x0000000008006314                gsl_vector_long_view_array
                0x0000000008006328                gsl_vector_long_view_array_with_stride
                0x0000000008006364                gsl_vector_uint_view_array
                0x0000000008006378                gsl_vector_uint_view_array_with_stride
                0x00000000080063b4                gsl_vector_int_view_array
                0x00000000080063c8                gsl_vector_int_view_array_with_stride
                0x0000000008006404                gsl_vector_ushort_view_array
                0x0000000008006418                gsl_vector_ushort_view_array_with_stride
                0x0000000008006454                gsl_vector_short_view_array
                0x0000000008006468                gsl_vector_short_view_array_with_stride
                0x00000000080064a4                gsl_vector_uchar_view_array
                0x00000000080064b8                gsl_vector_uchar_view_array_with_stride
                0x00000000080064f4                gsl_vector_char_view_array
                0x0000000008006508                gsl_vector_char_view_array_with_stride
                0x0000000008006544                gsl_vector_complex_long_double_const_view_array
                0x0000000008006558                gsl_vector_complex_long_double_const_view_array_with_stride
                0x0000000008006594                gsl_vector_complex_const_view_array
                0x00000000080065a8                gsl_vector_complex_const_view_array_with_stride
                0x00000000080065e4                gsl_vector_complex_float_const_view_array
                0x00000000080065f8                gsl_vector_complex_float_const_view_array_with_stride
                0x0000000008006634                gsl_vector_long_double_const_view_array
                0x0000000008006648                gsl_vector_long_double_const_view_array_with_stride
                0x0000000008006684                gsl_vector_const_view_array
                0x0000000008006698                gsl_vector_const_view_array_with_stride
                0x00000000080066d4                gsl_vector_float_const_view_array
                0x00000000080066e8                gsl_vector_float_const_view_array_with_stride
                0x0000000008006724                gsl_vector_ulong_const_view_array
                0x0000000008006738                gsl_vector_ulong_const_view_array_with_stride
                0x0000000008006774                gsl_vector_long_const_view_array
                0x0000000008006788                gsl_vector_long_const_view_array_with_stride
                0x00000000080067c4                gsl_vector_uint_const_view_array
                0x00000000080067d8                gsl_vector_uint_const_view_array_with_stride
                0x0000000008006814                gsl_vector_int_const_view_array
                0x0000000008006828                gsl_vector_int_const_view_array_with_stride
                0x0000000008006864                gsl_vector_ushort_const_view_array
                0x0000000008006878                gsl_vector_ushort_const_view_array_with_stride
                0x00000000080068b4                gsl_vector_short_const_view_array
                0x00000000080068c8                gsl_vector_short_const_view_array_with_stride
                0x0000000008006904                gsl_vector_uchar_const_view_array
                0x0000000008006918                gsl_vector_uchar_const_view_array_with_stride
                0x0000000008006954                gsl_vector_char_const_view_array
                0x0000000008006968                gsl_vector_char_const_view_array_with_stride
 .text          0x00000000080069a4      0x87c ../Libraries/lib\libgsl.a(init.o)
                0x00000000080069a4                gsl_block_complex_long_double_alloc
                0x00000000080069f8                gsl_block_complex_long_double_calloc
                0x0000000008006a28                gsl_block_complex_long_double_free
                0x0000000008006a40                gsl_block_complex_alloc
                0x0000000008006a94                gsl_block_complex_calloc
                0x0000000008006ac4                gsl_block_complex_free
                0x0000000008006adc                gsl_block_complex_float_alloc
                0x0000000008006b30                gsl_block_complex_float_calloc
                0x0000000008006b60                gsl_block_complex_float_free
                0x0000000008006b78                gsl_block_long_double_alloc
                0x0000000008006bcc                gsl_block_long_double_calloc
                0x0000000008006bfc                gsl_block_long_double_free
                0x0000000008006c14                gsl_block_alloc
                0x0000000008006c68                gsl_block_calloc
                0x0000000008006c98                gsl_block_free
                0x0000000008006cb0                gsl_block_float_alloc
                0x0000000008006d04                gsl_block_float_calloc
                0x0000000008006d30                gsl_block_float_free
                0x0000000008006d48                gsl_block_ulong_alloc
                0x0000000008006d9c                gsl_block_ulong_calloc
                0x0000000008006dcc                gsl_block_ulong_free
                0x0000000008006de4                gsl_block_long_alloc
                0x0000000008006e38                gsl_block_long_calloc
                0x0000000008006e68                gsl_block_long_free
                0x0000000008006e80                gsl_block_uint_alloc
                0x0000000008006ed4                gsl_block_uint_calloc
                0x0000000008006f04                gsl_block_uint_free
                0x0000000008006f1c                gsl_block_int_alloc
                0x0000000008006f70                gsl_block_int_calloc
                0x0000000008006fa0                gsl_block_int_free
                0x0000000008006fb8                gsl_block_ushort_alloc
                0x000000000800700c                gsl_block_ushort_calloc
                0x000000000800703c                gsl_block_ushort_free
                0x0000000008007054                gsl_block_short_alloc
                0x00000000080070a8                gsl_block_short_calloc
                0x00000000080070d8                gsl_block_short_free
                0x00000000080070f0                gsl_block_uchar_alloc
                0x0000000008007144                gsl_block_uchar_calloc
                0x0000000008007170                gsl_block_uchar_free
                0x0000000008007188                gsl_block_char_alloc
                0x00000000080071dc                gsl_block_char_calloc
                0x0000000008007208                gsl_block_char_free
 .text          0x0000000008007220       0x30 ../Libraries/lib\libgslcblas.a(sasum.o)
                0x0000000008007220                cblas_sasum
 .text          0x0000000008007250       0xfc ../Libraries/lib\libgslcblas.a(saxpy.o)
                0x0000000008007250                cblas_saxpy
 .text          0x000000000800734c       0x84 ../Libraries/lib\libgslcblas.a(scasum.o)
                0x000000000800734c                cblas_scasum
 .text          0x00000000080073d0      0x104 ../Libraries/lib\libgslcblas.a(scnrm2.o)
                0x00000000080073d0                cblas_scnrm2
 .text          0x00000000080074d4       0x40 ../Libraries/lib\libgslcblas.a(scopy.o)
                0x00000000080074d4                cblas_scopy
 .text          0x0000000008007514       0x50 ../Libraries/lib\libgslcblas.a(sdot.o)
                0x0000000008007514                cblas_sdot
 .text          0x0000000008007564       0x98 ../Libraries/lib\libgslcblas.a(sdsdot.o)
                0x0000000008007564                cblas_sdsdot
 .text          0x00000000080075fc      0x540 ../Libraries/lib\libgslcblas.a(sgemm.o)
                0x00000000080075fc                cblas_sgemm
 .text          0x0000000008007b3c      0x2f0 ../Libraries/lib\libgslcblas.a(sgemv.o)
                0x0000000008007b3c                cblas_sgemv
 .text          0x0000000008007e2c      0x228 ../Libraries/lib\libgslcblas.a(sger.o)
                0x0000000008007e2c                cblas_sger
 .text          0x0000000008008054       0xb8 ../Libraries/lib\libgslcblas.a(snrm2.o)
                0x0000000008008054                cblas_snrm2
 .text          0x000000000800810c       0x60 ../Libraries/lib\libgslcblas.a(srot.o)
                0x000000000800810c                cblas_srot
 .text          0x000000000800816c      0x104 ../Libraries/lib\libgslcblas.a(srotg.o)
                0x000000000800816c                cblas_srotg
 .text          0x0000000008008270       0xdc ../Libraries/lib\libgslcblas.a(srotm.o)
                0x0000000008008270                cblas_srotm
 .text          0x000000000800834c      0x230 ../Libraries/lib\libgslcblas.a(srotmg.o)
                0x000000000800834c                cblas_srotmg
 .text          0x000000000800857c       0x24 ../Libraries/lib\libgslcblas.a(sscal.o)
                0x000000000800857c                cblas_sscal
 .text          0x00000000080085a0       0x44 ../Libraries/lib\libgslcblas.a(sswap.o)
                0x00000000080085a0                cblas_sswap
 .text          0x00000000080085e4      0x630 ../Libraries/lib\libgslcblas.a(ssymm.o)
                0x00000000080085e4                cblas_ssymm
 .text          0x0000000008008c14      0x3a0 ../Libraries/lib\libgslcblas.a(ssymv.o)
                0x0000000008008c14                cblas_ssymv
 .text          0x0000000008008fb4      0x1b8 ../Libraries/lib\libgslcblas.a(ssyr.o)
                0x0000000008008fb4                cblas_ssyr
 .text          0x000000000800916c      0x274 ../Libraries/lib\libgslcblas.a(ssyr2.o)
                0x000000000800916c                cblas_ssyr2
 .text          0x00000000080093e0      0x618 ../Libraries/lib\libgslcblas.a(ssyr2k.o)
                0x00000000080093e0                cblas_ssyr2k
 .text          0x00000000080099f8      0x50c ../Libraries/lib\libgslcblas.a(ssyrk.o)
                0x00000000080099f8                cblas_ssyrk
 .text          0x0000000008009f04      0x78c ../Libraries/lib\libgslcblas.a(strmm.o)
                0x0000000008009f04                cblas_strmm
 .text          0x000000000800a690      0x3a8 ../Libraries/lib\libgslcblas.a(strmv.o)
                0x000000000800a690                cblas_strmv
 .text          0x000000000800aa38      0x990 ../Libraries/lib\libgslcblas.a(strsm.o)
                0x000000000800aa38                cblas_strsm
 .text          0x000000000800b3c8      0x3f4 ../Libraries/lib\libgslcblas.a(strsv.o)
                0x000000000800b3c8                cblas_strsv
 .text          0x000000000800b7bc       0x4c ../Libraries/lib\libgslcblas.a(dasum.o)
                0x000000000800b7bc                cblas_dasum
 .text          0x000000000800b808      0x17c ../Libraries/lib\libgslcblas.a(daxpy.o)
                0x000000000800b808                cblas_daxpy
 .text          0x000000000800b984       0x44 ../Libraries/lib\libgslcblas.a(dcopy.o)
                0x000000000800b984                cblas_dcopy
 .text          0x000000000800b9c8       0x74 ../Libraries/lib\libgslcblas.a(ddot.o)
                0x000000000800b9c8                cblas_ddot
 .text          0x000000000800ba3c      0x69c ../Libraries/lib\libgslcblas.a(dgemm.o)
                0x000000000800ba3c                cblas_dgemm
 .text          0x000000000800c0d8      0x3a0 ../Libraries/lib\libgslcblas.a(dgemv.o)
                0x000000000800c0d8                cblas_dgemv
 .text          0x000000000800c478      0x2bc ../Libraries/lib\libgslcblas.a(dger.o)
                0x000000000800c478                cblas_dger
 *fill*         0x000000000800c734        0x4 
 .text          0x000000000800c738      0x114 ../Libraries/lib\libgslcblas.a(dnrm2.o)
                0x000000000800c738                cblas_dnrm2
 .text          0x000000000800c84c       0xe4 ../Libraries/lib\libgslcblas.a(drot.o)
                0x000000000800c84c                cblas_drot
 .text          0x000000000800c930      0x1b4 ../Libraries/lib\libgslcblas.a(drotg.o)
                0x000000000800c930                cblas_drotg
 *fill*         0x000000000800cae4        0x4 
 .text          0x000000000800cae8      0x1d0 ../Libraries/lib\libgslcblas.a(drotm.o)
                0x000000000800cae8                cblas_drotm
 .text          0x000000000800ccb8      0x53c ../Libraries/lib\libgslcblas.a(drotmg.o)
                0x000000000800ccb8                cblas_drotmg
 .text          0x000000000800d1f4       0x38 ../Libraries/lib\libgslcblas.a(dscal.o)
                0x000000000800d1f4                cblas_dscal
 .text          0x000000000800d22c       0x7c ../Libraries/lib\libgslcblas.a(dsdot.o)
                0x000000000800d22c                cblas_dsdot
 .text          0x000000000800d2a8       0x50 ../Libraries/lib\libgslcblas.a(dswap.o)
                0x000000000800d2a8                cblas_dswap
 .text          0x000000000800d2f8      0x8cc ../Libraries/lib\libgslcblas.a(dsymm.o)
                0x000000000800d2f8                cblas_dsymm
 .text          0x000000000800dbc4      0x4f4 ../Libraries/lib\libgslcblas.a(dsymv.o)
                0x000000000800dbc4                cblas_dsymv
 .text          0x000000000800e0b8      0x254 ../Libraries/lib\libgslcblas.a(dsyr.o)
                0x000000000800e0b8                cblas_dsyr
 .text          0x000000000800e30c      0x374 ../Libraries/lib\libgslcblas.a(dsyr2.o)
                0x000000000800e30c                cblas_dsyr2
 .text          0x000000000800e680      0x8a8 ../Libraries/lib\libgslcblas.a(dsyr2k.o)
                0x000000000800e680                cblas_dsyr2k
 .text          0x000000000800ef28      0x718 ../Libraries/lib\libgslcblas.a(dsyrk.o)
                0x000000000800ef28                cblas_dsyrk
 .text          0x000000000800f640      0x9ec ../Libraries/lib\libgslcblas.a(dtrmm.o)
                0x000000000800f640                cblas_dtrmm
 .text          0x000000000801002c      0x4dc ../Libraries/lib\libgslcblas.a(dtrmv.o)
                0x000000000801002c                cblas_dtrmv
 .text          0x0000000008010508      0xccc ../Libraries/lib\libgslcblas.a(dtrsm.o)
                0x0000000008010508                cblas_dtrsm
 .text          0x00000000080111d4      0x52c ../Libraries/lib\libgslcblas.a(dtrsv.o)
                0x00000000080111d4                cblas_dtrsv
 .text          0x0000000008011700       0x78 ../Libraries/lib\libgslcblas.a(dzasum.o)
                0x0000000008011700                cblas_dzasum
 .text          0x0000000008011778      0x18c ../Libraries/lib\libgslcblas.a(dznrm2.o)
                0x0000000008011778                cblas_dznrm2
 .text          0x0000000008011904       0xa0 ../Libraries/lib\libgslcblas.a(caxpy.o)
                0x0000000008011904                cblas_caxpy
 .text          0x00000000080119a4       0x44 ../Libraries/lib\libgslcblas.a(ccopy.o)
                0x00000000080119a4                cblas_ccopy
 .text          0x00000000080119e8      0x128 ../Libraries/lib\libgslcblas.a(cdotc_sub.o)
                0x00000000080119e8                cblas_cdotc_sub
 .text          0x0000000008011b10      0x11c ../Libraries/lib\libgslcblas.a(cdotu_sub.o)
                0x0000000008011b10                cblas_cdotu_sub
 .text          0x0000000008011c2c      0x7a0 ../Libraries/lib\libgslcblas.a(cgemm.o)
                0x0000000008011c2c                cblas_cgemm
 .text          0x00000000080123cc      0x530 ../Libraries/lib\libgslcblas.a(cgemv.o)
                0x00000000080123cc                cblas_cgemv
 .text          0x00000000080128fc      0x2e8 ../Libraries/lib\libgslcblas.a(cgerc.o)
                0x00000000080128fc                cblas_cgerc
 .text          0x0000000008012be4      0x2e8 ../Libraries/lib\libgslcblas.a(cgeru.o)
                0x0000000008012be4                cblas_cgeru
 .text          0x0000000008012ecc      0x8a8 ../Libraries/lib\libgslcblas.a(chemm.o)
                0x0000000008012ecc                cblas_chemm
 .text          0x0000000008013774      0x588 ../Libraries/lib\libgslcblas.a(chemv.o)
                0x0000000008013774                cblas_chemv
 .text          0x0000000008013cfc      0x2e0 ../Libraries/lib\libgslcblas.a(cher.o)
                0x0000000008013cfc                cblas_cher
 .text          0x0000000008013fdc      0x3a4 ../Libraries/lib\libgslcblas.a(cher2.o)
                0x0000000008013fdc                cblas_cher2
 .text          0x0000000008014380      0x920 ../Libraries/lib\libgslcblas.a(cher2k.o)
                0x0000000008014380                cblas_cher2k
 .text          0x0000000008014ca0      0x6dc ../Libraries/lib\libgslcblas.a(cherk.o)
                0x0000000008014ca0                cblas_cherk
 .text          0x000000000801537c       0x4c ../Libraries/lib\libgslcblas.a(cscal.o)
                0x000000000801537c                cblas_cscal
 .text          0x00000000080153c8       0x3c ../Libraries/lib\libgslcblas.a(csscal.o)
                0x00000000080153c8                cblas_csscal
 .text          0x0000000008015404       0x74 ../Libraries/lib\libgslcblas.a(cswap.o)
                0x0000000008015404                cblas_cswap
 .text          0x0000000008015478      0x91c ../Libraries/lib\libgslcblas.a(csymm.o)
                0x0000000008015478                cblas_csymm
 .text          0x0000000008015d94      0x730 ../Libraries/lib\libgslcblas.a(csyr2k.o)
                0x0000000008015d94                cblas_csyr2k
 .text          0x00000000080164c4      0x5f4 ../Libraries/lib\libgslcblas.a(csyrk.o)
                0x00000000080164c4                cblas_csyrk
 .text          0x0000000008016ab8      0xaec ../Libraries/lib\libgslcblas.a(ctrmm.o)
                0x0000000008016ab8                cblas_ctrmm
 .text          0x00000000080175a4      0x574 ../Libraries/lib\libgslcblas.a(ctrmv.o)
                0x00000000080175a4                cblas_ctrmv
 .text          0x0000000008017b18     0x10e4 ../Libraries/lib\libgslcblas.a(ctrsm.o)
                0x0000000008017b88                cblas_ctrsm
 .text          0x0000000008018bfc      0x8a8 ../Libraries/lib\libgslcblas.a(ctrsv.o)
                0x0000000008018c6c                cblas_ctrsv
 .text          0x00000000080194a4      0x128 ../Libraries/lib\libgslcblas.a(zaxpy.o)
                0x00000000080194a4                cblas_zaxpy
 .text          0x00000000080195cc       0x4c ../Libraries/lib\libgslcblas.a(zcopy.o)
                0x00000000080195cc                cblas_zcopy
 .text          0x0000000008019618      0x120 ../Libraries/lib\libgslcblas.a(zdotc_sub.o)
                0x0000000008019618                cblas_zdotc_sub
 .text          0x0000000008019738      0x118 ../Libraries/lib\libgslcblas.a(zdotu_sub.o)
                0x0000000008019738                cblas_zdotu_sub
 .text          0x0000000008019850       0x4c ../Libraries/lib\libgslcblas.a(zdscal.o)
                0x0000000008019850                cblas_zdscal
 *fill*         0x000000000801989c        0x4 
 .text          0x00000000080198a0      0xcc8 ../Libraries/lib\libgslcblas.a(zgemm.o)
                0x00000000080198a0                cblas_zgemm
 .text          0x000000000801a568      0x9f8 ../Libraries/lib\libgslcblas.a(zgemv.o)
                0x000000000801a568                cblas_zgemv
 .text          0x000000000801af60      0x4b0 ../Libraries/lib\libgslcblas.a(zgerc.o)
                0x000000000801af60                cblas_zgerc
 .text          0x000000000801b410      0x4ac ../Libraries/lib\libgslcblas.a(zgeru.o)
                0x000000000801b410                cblas_zgeru
 *fill*         0x000000000801b8bc        0x4 
 .text          0x000000000801b8c0     0x1128 ../Libraries/lib\libgslcblas.a(zhemm.o)
                0x000000000801b8c0                cblas_zhemm
 .text          0x000000000801c9e8      0xa70 ../Libraries/lib\libgslcblas.a(zhemv.o)
                0x000000000801c9e8                cblas_zhemv
 .text          0x000000000801d458      0x4d8 ../Libraries/lib\libgslcblas.a(zher.o)
                0x000000000801d458                cblas_zher
 .text          0x000000000801d930      0x79c ../Libraries/lib\libgslcblas.a(zher2.o)
                0x000000000801d930                cblas_zher2
 *fill*         0x000000000801e0cc        0x4 
 .text          0x000000000801e0d0     0x1230 ../Libraries/lib\libgslcblas.a(zher2k.o)
                0x000000000801e0d0                cblas_zher2k
 .text          0x000000000801f300      0xb50 ../Libraries/lib\libgslcblas.a(zherk.o)
                0x000000000801f300                cblas_zherk
 .text          0x000000000801fe50       0xac ../Libraries/lib\libgslcblas.a(zscal.o)
                0x000000000801fe50                cblas_zscal
 .text          0x000000000801fefc       0x74 ../Libraries/lib\libgslcblas.a(zswap.o)
                0x000000000801fefc                cblas_zswap
 .text          0x000000000801ff70     0x1214 ../Libraries/lib\libgslcblas.a(zsymm.o)
                0x000000000801ff70                cblas_zsymm
 *fill*         0x0000000008021184        0x4 
 .text          0x0000000008021188      0xe88 ../Libraries/lib\libgslcblas.a(zsyr2k.o)
                0x0000000008021188                cblas_zsyr2k
 .text          0x0000000008022010      0xb68 ../Libraries/lib\libgslcblas.a(zsyrk.o)
                0x0000000008022010                cblas_zsyrk
 .text          0x0000000008022b78     0x17fc ../Libraries/lib\libgslcblas.a(ztrmm.o)
                0x0000000008022b78                cblas_ztrmm
 *fill*         0x0000000008024374        0x4 
 .text          0x0000000008024378      0xa58 ../Libraries/lib\libgslcblas.a(ztrmv.o)
                0x0000000008024378                cblas_ztrmv
 .text          0x0000000008024dd0     0x1c54 ../Libraries/lib\libgslcblas.a(ztrsm.o)
                0x0000000008024e40                cblas_ztrsm
 .text          0x0000000008026a24      0xe9c ../Libraries/lib\libgslcblas.a(ztrsv.o)
                0x0000000008026a94                cblas_ztrsv
 .text          0x00000000080278c0       0x54 ../Libraries/lib\libgslcblas.a(icamax.o)
                0x00000000080278c0                cblas_icamax
 .text          0x0000000008027914       0x5c ../Libraries/lib\libgslcblas.a(idamax.o)
                0x0000000008027914                cblas_idamax
 .text          0x0000000008027970       0x48 ../Libraries/lib\libgslcblas.a(isamax.o)
                0x0000000008027970                cblas_isamax
 .text          0x00000000080279b8       0x90 ../Libraries/lib\libgslcblas.a(izamax.o)
                0x00000000080279b8                cblas_izamax
 .text          0x0000000008027a48       0x3c ../Libraries/lib\libgslcblas.a(xerbla.o)
                0x0000000008027a48                cblas_xerbla
 *fill*         0x0000000008027a84        0xc 
 .text          0x0000000008027a90       0xa0 c:/st/stm32cubeide_1.4.0/stm32cubeide/plugins/com.st.stm32cube.ide.mcu.externaltools.gnu-tools-for-stm32.7-2018-q2-update.win32_1.4.0.202007081208/tools/bin/../lib/gcc/arm-none-eabi/7.3.1/../../../../arm-none-eabi/lib/thumb/v7e-m/fpv4-sp/hard\libc_nano.a(lib_a-memchr.o)
                0x0000000008027a90                memchr
 .text          0x0000000008027b30      0x378 c:/st/stm32cubeide_1.4.0/stm32cubeide/plugins/com.st.stm32cube.ide.mcu.externaltools.gnu-tools-for-stm32.7-2018-q2-update.win32_1.4.0.202007081208/tools/bin/../lib/gcc/arm-none-eabi/7.3.1/thumb/v7e-m/fpv4-sp/hard\libgcc.a(_arm_addsubdf3.o)
                0x0000000008027b30                __aeabi_drsub
                0x0000000008027b38                __aeabi_dsub
                0x0000000008027b38                __subdf3
                0x0000000008027b3c                __aeabi_dadd
                0x0000000008027b3c                __adddf3
                0x0000000008027db4                __floatunsidf
                0x0000000008027db4                __aeabi_ui2d
                0x0000000008027dd4                __floatsidf
                0x0000000008027dd4                __aeabi_i2d
                0x0000000008027df8                __aeabi_f2d
                0x0000000008027df8                __extendsfdf2
                0x0000000008027e3c                __floatundidf
                0x0000000008027e3c                __aeabi_ul2d
                0x0000000008027e4c                __floatdidf
                0x0000000008027e4c                __aeabi_l2d
 .text          0x0000000008027ea8      0x424 c:/st/stm32cubeide_1.4.0/stm32cubeide/plugins/com.st.stm32cube.ide.mcu.externaltools.gnu-tools-for-stm32.7-2018-q2-update.win32_1.4.0.202007081208/tools/bin/../lib/gcc/arm-none-eabi/7.3.1/thumb/v7e-m/fpv4-sp/hard\libgcc.a(_arm_muldivdf3.o)
                0x0000000008027ea8                __aeabi_dmul
                0x0000000008027ea8                __muldf3
                0x00000000080280fc                __divdf3
                0x00000000080280fc                __aeabi_ddiv
 .text          0x00000000080282cc      0x110 c:/st/stm32cubeide_1.4.0/stm32cubeide/plugins/com.st.stm32cube.ide.mcu.externaltools.gnu-tools-for-stm32.7-2018-q2-update.win32_1.4.0.202007081208/tools/bin/../lib/gcc/arm-none-eabi/7.3.1/thumb/v7e-m/fpv4-sp/hard\libgcc.a(_arm_cmpdf2.o)
                0x00000000080282cc                __gtdf2
                0x00000000080282cc                __gedf2
                0x00000000080282d4                __ltdf2
                0x00000000080282d4                __ledf2
                0x00000000080282dc                __nedf2
                0x00000000080282dc                __eqdf2
                0x00000000080282dc                __cmpdf2
                0x0000000008028358                __aeabi_cdrcmple
                0x0000000008028368                __aeabi_cdcmpeq
                0x0000000008028368                __aeabi_cdcmple
                0x0000000008028378                __aeabi_dcmpeq
                0x000000000802838c                __aeabi_dcmplt
                0x00000000080283a0                __aeabi_dcmple
                0x00000000080283b4                __aeabi_dcmpge
                0x00000000080283c8                __aeabi_dcmpgt
 .text          0x00000000080283dc       0x2c c:/st/stm32cubeide_1.4.0/stm32cubeide/plugins/com.st.stm32cube.ide.mcu.externaltools.gnu-tools-for-stm32.7-2018-q2-update.win32_1.4.0.202007081208/tools/bin/../lib/gcc/arm-none-eabi/7.3.1/thumb/v7e-m/fpv4-sp/hard\libgcc.a(_arm_unorddf2.o)
                0x00000000080283dc                __unorddf2
                0x00000000080283dc                __aeabi_dcmpun
 .text          0x0000000008028408       0xa0 c:/st/stm32cubeide_1.4.0/stm32cubeide/plugins/com.st.stm32cube.ide.mcu.externaltools.gnu-tools-for-stm32.7-2018-q2-update.win32_1.4.0.202007081208/tools/bin/../lib/gcc/arm-none-eabi/7.3.1/thumb/v7e-m/fpv4-sp/hard\libgcc.a(_arm_truncdfsf2.o)
                0x0000000008028408                __truncdfsf2
                0x0000000008028408                __aeabi_d2f
 .text          0x00000000080284a8       0x30 c:/st/stm32cubeide_1.4.0/stm32cubeide/plugins/com.st.stm32cube.ide.mcu.externaltools.gnu-tools-for-stm32.7-2018-q2-update.win32_1.4.0.202007081208/tools/bin/../lib/gcc/arm-none-eabi/7.3.1/thumb/v7e-m/fpv4-sp/hard\libgcc.a(_aeabi_uldivmod.o)
                0x00000000080284a8                __aeabi_uldivmod
 .text          0x00000000080284d8      0x2cc c:/st/stm32cubeide_1.4.0/stm32cubeide/plugins/com.st.stm32cube.ide.mcu.externaltools.gnu-tools-for-stm32.7-2018-q2-update.win32_1.4.0.202007081208/tools/bin/../lib/gcc/arm-none-eabi/7.3.1/thumb/v7e-m/fpv4-sp/hard\libgcc.a(_udivmoddi4.o)
                0x00000000080284d8                __udivmoddi4
 .text          0x00000000080287a4        0x4 c:/st/stm32cubeide_1.4.0/stm32cubeide/plugins/com.st.stm32cube.ide.mcu.externaltools.gnu-tools-for-stm32.7-2018-q2-update.win32_1.4.0.202007081208/tools/bin/../lib/gcc/arm-none-eabi/7.3.1/thumb/v7e-m/fpv4-sp/hard\libgcc.a(_dvmd_tls.o)
                0x00000000080287a4                __aeabi_idiv0
                0x00000000080287a4                __aeabi_ldiv0
 *(.text*)
 .text.Init_3by3_Matrix
                0x00000000080287a8       0x6a Core/Src/calibrate.o
                0x00000000080287a8                Init_3by3_Matrix
 *fill*         0x0000000008028812        0x6 
 .text.CalibrationSetup
                0x0000000008028818       0x7c Core/Src/calibrate.o
                0x0000000008028818                CalibrationSetup
 .text.PolyVal  0x0000000008028894       0x5c Core/Src/calibrate.o
                0x0000000008028894                PolyVal
 .text.Calibrate
                0x00000000080288f0      0x280 Core/Src/calibrate.o
                0x00000000080288f0                Calibrate
 .text.SystemClock_Config
                0x0000000008028b70       0xd8 Core/Src/clock_config.o
                0x0000000008028b70                SystemClock_Config
 .text.HAL_SPI_TxRxCpltCallback
                0x0000000008028c48       0x4c Core/Src/dma_burst.o
                0x0000000008028c48                HAL_SPI_TxRxCpltCallback
 .text.DMA_FSM_BURST6
                0x0000000008028c94      0x25c Core/Src/dma_burst.o
                0x0000000008028c94                DMA_FSM_BURST6
 .text.MX_GPIO_Init
                0x0000000008028ef0      0x118 Core/Src/gpio.o
                0x0000000008028ef0                MX_GPIO_Init
 .text.Buffer_Init
                0x0000000008029008       0xc4 Core/Src/ldm6dsl.o
                0x0000000008029008                Buffer_Init
 .text.Calib_Buffer_Init
                0x00000000080290cc       0xd2 Core/Src/ldm6dsl.o
                0x00000000080290cc                Calib_Buffer_Init
 *fill*         0x000000000802919e        0x2 
 .text.chipSelection
                0x00000000080291a0       0xfc Core/Src/ldm6dsl.o
                0x00000000080291a0                chipSelection
 .text.resetAll
                0x000000000802929c       0x44 Core/Src/ldm6dsl.o
                0x000000000802929c                resetAll
 .text.setupAll
                0x00000000080292e0       0x80 Core/Src/ldm6dsl.o
                0x00000000080292e0                setupAll
 .text.PEDO_config
                0x0000000008029360       0xe0 Core/Src/ldm6dsl.o
                0x0000000008029360                PEDO_config
 .text.IMU_config
                0x0000000008029440       0xb0 Core/Src/ldm6dsl.o
                0x0000000008029440                IMU_config
 .text.IMU_reset
                0x00000000080294f0       0xb0 Core/Src/ldm6dsl.o
                0x00000000080294f0                IMU_reset
 .text.TimeStamp_config
                0x00000000080295a0       0x9c Core/Src/ldm6dsl.o
                0x00000000080295a0                TimeStamp_config
 .text.INTTrigger
                0x000000000802963c       0x8c Core/Src/ldm6dsl.o
                0x000000000802963c                INTTrigger
 .text.FIFO_config
                0x00000000080296c8       0xb0 Core/Src/ldm6dsl.o
                0x00000000080296c8                FIFO_config
 .text.main     0x0000000008029778      0x1fc Core/Src/main.o
                0x0000000008029778                main
 .text.Error_Handler
                0x0000000008029974        0x6 Core/Src/main.o
                0x0000000008029974                Error_Handler
 *fill*         0x000000000802997a        0x2 
 .text.OMEmean  0x000000000802997c      0x2bc Core/Src/nintegration.o
                0x000000000802997c                OMEmean
 .text.ArrShifter
                0x0000000008029c38       0xb8 Core/Src/nintegration.o
                0x0000000008029c38                ArrShifter
 .text.Nintegration
                0x0000000008029cf0      0x848 Core/Src/nintegration.o
                0x0000000008029cf0                Nintegration
 .text.HAL_UART_TxCpltCallback
                0x000000000802a538       0x1c Core/Src/nintegration.o
                0x000000000802a538                HAL_UART_TxCpltCallback
 .text.MX_TIM4_Init
                0x000000000802a554       0xec Core/Src/pwm.o
                0x000000000802a554                MX_TIM4_Init
 .text.MX_SPI1_Init
                0x000000000802a640       0x70 Core/Src/spi.o
                0x000000000802a640                MX_SPI1_Init
 .text.MX_SPI1_Init_8BIT
                0x000000000802a6b0       0x6c Core/Src/spi.o
                0x000000000802a6b0                MX_SPI1_Init_8BIT
 .text.spi_DMA_RX
                0x000000000802a71c       0x3c Core/Src/spi.o
                0x000000000802a71c                spi_DMA_RX
 .text.spi_RX   0x000000000802a758       0x50 Core/Src/spi.o
                0x000000000802a758                spi_RX
 .text.spi_write
                0x000000000802a7a8       0x4c Core/Src/spi.o
                0x000000000802a7a8                spi_write
 .text.HAL_MspInit
                0x000000000802a7f4       0x50 Core/Src/stm32f4xx_hal_msp.o
                0x000000000802a7f4                HAL_MspInit
 .text.HAL_TIM_Base_MspInit
                0x000000000802a844       0x70 Core/Src/stm32f4xx_hal_msp.o
                0x000000000802a844                HAL_TIM_Base_MspInit
 .text.HAL_TIM_MspPostInit
                0x000000000802a8b4       0xc4 Core/Src/stm32f4xx_hal_msp.o
                0x000000000802a8b4                HAL_TIM_MspPostInit
 .text.HAL_UART_MspInit
                0x000000000802a978      0x1d8 Core/Src/stm32f4xx_hal_msp.o
                0x000000000802a978                HAL_UART_MspInit
 .text.HAL_SPI_MspInit
                0x000000000802ab50      0x164 Core/Src/stm32f4xx_hal_msp.o
                0x000000000802ab50                HAL_SPI_MspInit
 .text.NMI_Handler
                0x000000000802acb4       0x10 Core/Src/stm32f4xx_it.o
                0x000000000802acb4                NMI_Handler
 .text.HardFault_Handler
                0x000000000802acc4        0x6 Core/Src/stm32f4xx_it.o
                0x000000000802acc4                HardFault_Handler
 .text.MemManage_Handler
                0x000000000802acca        0x6 Core/Src/stm32f4xx_it.o
                0x000000000802acca                MemManage_Handler
 .text.BusFault_Handler
                0x000000000802acd0        0x6 Core/Src/stm32f4xx_it.o
                0x000000000802acd0                BusFault_Handler
 .text.UsageFault_Handler
                0x000000000802acd6        0x6 Core/Src/stm32f4xx_it.o
                0x000000000802acd6                UsageFault_Handler
 .text.SVC_Handler
                0x000000000802acdc        0xe Core/Src/stm32f4xx_it.o
                0x000000000802acdc                SVC_Handler
 .text.DebugMon_Handler
                0x000000000802acea        0xe Core/Src/stm32f4xx_it.o
                0x000000000802acea                DebugMon_Handler
 .text.PendSV_Handler
                0x000000000802acf8        0xe Core/Src/stm32f4xx_it.o
                0x000000000802acf8                PendSV_Handler
 .text.SysTick_Handler
                0x000000000802ad06        0xc Core/Src/stm32f4xx_it.o
                0x000000000802ad06                SysTick_Handler
 *fill*         0x000000000802ad12        0x2 
 .text.USART1_IRQHandler
                0x000000000802ad14       0x14 Core/Src/stm32f4xx_it.o
                0x000000000802ad14                USART1_IRQHandler
 .text.DMA2_Stream2_IRQHandler
                0x000000000802ad28       0x14 Core/Src/stm32f4xx_it.o
                0x000000000802ad28                DMA2_Stream2_IRQHandler
 .text.DMA2_Stream7_IRQHandler
                0x000000000802ad3c       0x14 Core/Src/stm32f4xx_it.o
                0x000000000802ad3c                DMA2_Stream7_IRQHandler
 .text.DMA2_Stream0_IRQHandler
                0x000000000802ad50       0x14 Core/Src/stm32f4xx_it.o
                0x000000000802ad50                DMA2_Stream0_IRQHandler
 .text.DMA2_Stream3_IRQHandler
                0x000000000802ad64       0x14 Core/Src/stm32f4xx_it.o
                0x000000000802ad64                DMA2_Stream3_IRQHandler
 .text._getpid  0x000000000802ad78       0x10 Core/Src/syscalls.o
                0x000000000802ad78                _getpid
 .text._kill    0x000000000802ad88       0x20 Core/Src/syscalls.o
                0x000000000802ad88                _kill
 .text._exit    0x000000000802ada8       0x14 Core/Src/syscalls.o
                0x000000000802ada8                _exit
 .text._read    0x000000000802adbc       0x3a Core/Src/syscalls.o
                0x000000000802adbc                _read
 .text._write   0x000000000802adf6       0x38 Core/Src/syscalls.o
                0x000000000802adf6                _write
 .text._close   0x000000000802ae2e       0x18 Core/Src/syscalls.o
                0x000000000802ae2e                _close
 .text._fstat   0x000000000802ae46       0x20 Core/Src/syscalls.o
                0x000000000802ae46                _fstat
 .text._isatty  0x000000000802ae66       0x16 Core/Src/syscalls.o
                0x000000000802ae66                _isatty
 .text._lseek   0x000000000802ae7c       0x1a Core/Src/syscalls.o
                0x000000000802ae7c                _lseek
 *fill*         0x000000000802ae96        0x2 
 .text._sbrk    0x000000000802ae98       0x58 Core/Src/sysmem.o
                0x000000000802ae98                _sbrk
 .text.SystemInit
                0x000000000802aef0       0x2c Core/Src/system_stm32f4xx.o
                0x000000000802aef0                SystemInit
 .text.MX_USART1_UART_Init
                0x000000000802af1c       0x54 Core/Src/uart.o
                0x000000000802af1c                MX_USART1_UART_Init
 .text.MX_USART2_UART_Init
                0x000000000802af70       0x54 Core/Src/uart.o
                0x000000000802af70                MX_USART2_UART_Init
 .text.MX_DMA_Init
                0x000000000802afc4       0x70 Core/Src/uart.o
                0x000000000802afc4                MX_DMA_Init
 .text.Reset_Handler
                0x000000000802b034       0x50 Core/Startup/startup_stm32f401retx.o
                0x000000000802b034                Reset_Handler
 .text.Default_Handler
                0x000000000802b084        0x2 Core/Startup/startup_stm32f401retx.o
                0x000000000802b084                RTC_Alarm_IRQHandler
                0x000000000802b084                EXTI2_IRQHandler
                0x000000000802b084                SPI4_IRQHandler
                0x000000000802b084                TIM1_CC_IRQHandler
                0x000000000802b084                DMA2_Stream5_IRQHandler
                0x000000000802b084                DMA1_Stream5_IRQHandler
                0x000000000802b084                PVD_IRQHandler
                0x000000000802b084                SDIO_IRQHandler
                0x000000000802b084                TAMP_STAMP_IRQHandler
                0x000000000802b084                EXTI3_IRQHandler
                0x000000000802b084                TIM1_UP_TIM10_IRQHandler
                0x000000000802b084                I2C3_ER_IRQHandler
                0x000000000802b084                EXTI0_IRQHandler
                0x000000000802b084                I2C2_EV_IRQHandler
                0x000000000802b084                DMA1_Stream2_IRQHandler
                0x000000000802b084                FPU_IRQHandler
                0x000000000802b084                SPI1_IRQHandler
                0x000000000802b084                TIM1_BRK_TIM9_IRQHandler
                0x000000000802b084                USART6_IRQHandler
                0x000000000802b084                TIM4_IRQHandler
                0x000000000802b084                I2C1_EV_IRQHandler
                0x000000000802b084                DMA1_Stream6_IRQHandler
                0x000000000802b084                DMA1_Stream1_IRQHandler
                0x000000000802b084                TIM3_IRQHandler
                0x000000000802b084                RCC_IRQHandler
                0x000000000802b084                Default_Handler
                0x000000000802b084                EXTI15_10_IRQHandler
                0x000000000802b084                ADC_IRQHandler
                0x000000000802b084                DMA1_Stream7_IRQHandler
                0x000000000802b084                TIM5_IRQHandler
                0x000000000802b084                I2C3_EV_IRQHandler
                0x000000000802b084                EXTI9_5_IRQHandler
                0x000000000802b084                RTC_WKUP_IRQHandler
                0x000000000802b084                SPI2_IRQHandler
                0x000000000802b084                DMA1_Stream0_IRQHandler
                0x000000000802b084                EXTI4_IRQHandler
                0x000000000802b084                WWDG_IRQHandler
                0x000000000802b084                TIM2_IRQHandler
                0x000000000802b084                OTG_FS_WKUP_IRQHandler
                0x000000000802b084                TIM1_TRG_COM_TIM11_IRQHandler
                0x000000000802b084                EXTI1_IRQHandler
                0x000000000802b084                USART2_IRQHandler
                0x000000000802b084                I2C2_ER_IRQHandler
                0x000000000802b084                DMA2_Stream1_IRQHandler
                0x000000000802b084                FLASH_IRQHandler
                0x000000000802b084                DMA2_Stream4_IRQHandler
                0x000000000802b084                OTG_FS_IRQHandler
                0x000000000802b084                SPI3_IRQHandler
                0x000000000802b084                DMA1_Stream4_IRQHandler
                0x000000000802b084                I2C1_ER_IRQHandler
                0x000000000802b084                DMA2_Stream6_IRQHandler
                0x000000000802b084                DMA1_Stream3_IRQHandler
 *fill*         0x000000000802b086        0x2 
 .text.HAL_Init
                0x000000000802b088       0x44 Drivers/STM32F4xx_HAL_Driver/Src/stm32f4xx_hal.o
                0x000000000802b088                HAL_Init
 .text.HAL_InitTick
                0x000000000802b0cc       0x60 Drivers/STM32F4xx_HAL_Driver/Src/stm32f4xx_hal.o
                0x000000000802b0cc                HAL_InitTick
 .text.HAL_IncTick
                0x000000000802b12c       0x28 Drivers/STM32F4xx_HAL_Driver/Src/stm32f4xx_hal.o
                0x000000000802b12c                HAL_IncTick
 .text.HAL_GetTick
                0x000000000802b154       0x18 Drivers/STM32F4xx_HAL_Driver/Src/stm32f4xx_hal.o
                0x000000000802b154                HAL_GetTick
 .text.HAL_Delay
                0x000000000802b16c       0x44 Drivers/STM32F4xx_HAL_Driver/Src/stm32f4xx_hal.o
                0x000000000802b16c                HAL_Delay
 .text.__NVIC_SetPriorityGrouping
                0x000000000802b1b0       0x48 Drivers/STM32F4xx_HAL_Driver/Src/stm32f4xx_hal_cortex.o
 .text.__NVIC_GetPriorityGrouping
                0x000000000802b1f8       0x1c Drivers/STM32F4xx_HAL_Driver/Src/stm32f4xx_hal_cortex.o
 .text.__NVIC_EnableIRQ
                0x000000000802b214       0x3c Drivers/STM32F4xx_HAL_Driver/Src/stm32f4xx_hal_cortex.o
 .text.__NVIC_SetPriority
                0x000000000802b250       0x54 Drivers/STM32F4xx_HAL_Driver/Src/stm32f4xx_hal_cortex.o
 .text.NVIC_EncodePriority
                0x000000000802b2a4       0x66 Drivers/STM32F4xx_HAL_Driver/Src/stm32f4xx_hal_cortex.o
 *fill*         0x000000000802b30a        0x2 
 .text.SysTick_Config
                0x000000000802b30c       0x44 Drivers/STM32F4xx_HAL_Driver/Src/stm32f4xx_hal_cortex.o
 .text.HAL_NVIC_SetPriorityGrouping
                0x000000000802b350       0x16 Drivers/STM32F4xx_HAL_Driver/Src/stm32f4xx_hal_cortex.o
                0x000000000802b350                HAL_NVIC_SetPriorityGrouping
 .text.HAL_NVIC_SetPriority
                0x000000000802b366       0x38 Drivers/STM32F4xx_HAL_Driver/Src/stm32f4xx_hal_cortex.o
                0x000000000802b366                HAL_NVIC_SetPriority
 .text.HAL_NVIC_EnableIRQ
                0x000000000802b39e       0x1c Drivers/STM32F4xx_HAL_Driver/Src/stm32f4xx_hal_cortex.o
                0x000000000802b39e                HAL_NVIC_EnableIRQ
 .text.HAL_SYSTICK_Config
                0x000000000802b3ba       0x18 Drivers/STM32F4xx_HAL_Driver/Src/stm32f4xx_hal_cortex.o
                0x000000000802b3ba                HAL_SYSTICK_Config
 *fill*         0x000000000802b3d2        0x2 
 .text.HAL_DMA_Init
                0x000000000802b3d4      0x15c Drivers/STM32F4xx_HAL_Driver/Src/stm32f4xx_hal_dma.o
                0x000000000802b3d4                HAL_DMA_Init
 .text.HAL_DMA_Start_IT
                0x000000000802b530       0xb0 Drivers/STM32F4xx_HAL_Driver/Src/stm32f4xx_hal_dma.o
                0x000000000802b530                HAL_DMA_Start_IT
 .text.HAL_DMA_Abort_IT
                0x000000000802b5e0       0x44 Drivers/STM32F4xx_HAL_Driver/Src/stm32f4xx_hal_dma.o
                0x000000000802b5e0                HAL_DMA_Abort_IT
 .text.HAL_DMA_IRQHandler
                0x000000000802b624      0x314 Drivers/STM32F4xx_HAL_Driver/Src/stm32f4xx_hal_dma.o
                0x000000000802b624                HAL_DMA_IRQHandler
 .text.DMA_SetConfig
                0x000000000802b938       0x5c Drivers/STM32F4xx_HAL_Driver/Src/stm32f4xx_hal_dma.o
 .text.DMA_CalcBaseAndBitshift
                0x000000000802b994       0x6c Drivers/STM32F4xx_HAL_Driver/Src/stm32f4xx_hal_dma.o
 .text.DMA_CheckFifoParam
                0x000000000802ba00       0xf4 Drivers/STM32F4xx_HAL_Driver/Src/stm32f4xx_hal_dma.o
 .text.HAL_GPIO_Init
                0x000000000802baf4      0x304 Drivers/STM32F4xx_HAL_Driver/Src/stm32f4xx_hal_gpio.o
                0x000000000802baf4                HAL_GPIO_Init
 .text.HAL_GPIO_ReadPin
                0x000000000802bdf8       0x30 Drivers/STM32F4xx_HAL_Driver/Src/stm32f4xx_hal_gpio.o
                0x000000000802bdf8                HAL_GPIO_ReadPin
 .text.HAL_GPIO_WritePin
                0x000000000802be28       0x32 Drivers/STM32F4xx_HAL_Driver/Src/stm32f4xx_hal_gpio.o
                0x000000000802be28                HAL_GPIO_WritePin
 *fill*         0x000000000802be5a        0x2 
 .text.HAL_RCC_OscConfig
                0x000000000802be5c      0x4e0 Drivers/STM32F4xx_HAL_Driver/Src/stm32f4xx_hal_rcc.o
                0x000000000802be5c                HAL_RCC_OscConfig
 .text.HAL_RCC_ClockConfig
                0x000000000802c33c      0x1cc Drivers/STM32F4xx_HAL_Driver/Src/stm32f4xx_hal_rcc.o
                0x000000000802c33c                HAL_RCC_ClockConfig
 .text.HAL_RCC_GetSysClockFreq
                0x000000000802c508      0x1b0 Drivers/STM32F4xx_HAL_Driver/Src/stm32f4xx_hal_rcc.o
                0x000000000802c508                HAL_RCC_GetSysClockFreq
 .text.HAL_RCC_GetHCLKFreq
                0x000000000802c6b8       0x18 Drivers/STM32F4xx_HAL_Driver/Src/stm32f4xx_hal_rcc.o
                0x000000000802c6b8                HAL_RCC_GetHCLKFreq
 .text.HAL_RCC_GetPCLK1Freq
                0x000000000802c6d0       0x28 Drivers/STM32F4xx_HAL_Driver/Src/stm32f4xx_hal_rcc.o
                0x000000000802c6d0                HAL_RCC_GetPCLK1Freq
 .text.HAL_RCC_GetPCLK2Freq
                0x000000000802c6f8       0x28 Drivers/STM32F4xx_HAL_Driver/Src/stm32f4xx_hal_rcc.o
                0x000000000802c6f8                HAL_RCC_GetPCLK2Freq
 .text.HAL_SPI_Init
                0x000000000802c720       0xc8 Drivers/STM32F4xx_HAL_Driver/Src/stm32f4xx_hal_spi.o
                0x000000000802c720                HAL_SPI_Init
 .text.HAL_SPI_Transmit
                0x000000000802c7e8      0x268 Drivers/STM32F4xx_HAL_Driver/Src/stm32f4xx_hal_spi.o
                0x000000000802c7e8                HAL_SPI_Transmit
 .text.HAL_SPI_TransmitReceive
                0x000000000802ca50      0x344 Drivers/STM32F4xx_HAL_Driver/Src/stm32f4xx_hal_spi.o
                0x000000000802ca50                HAL_SPI_TransmitReceive
 .text.HAL_SPI_TransmitReceive_DMA
                0x000000000802cd94      0x204 Drivers/STM32F4xx_HAL_Driver/Src/stm32f4xx_hal_spi.o
                0x000000000802cd94                HAL_SPI_TransmitReceive_DMA
 .text.HAL_SPI_DMAPause
                0x000000000802cf98       0x44 Drivers/STM32F4xx_HAL_Driver/Src/stm32f4xx_hal_spi.o
                0x000000000802cf98                HAL_SPI_DMAPause
 .text.HAL_SPI_DMAResume
                0x000000000802cfdc       0x44 Drivers/STM32F4xx_HAL_Driver/Src/stm32f4xx_hal_spi.o
                0x000000000802cfdc                HAL_SPI_DMAResume
 .text.HAL_SPI_RxCpltCallback
                0x000000000802d020       0x14 Drivers/STM32F4xx_HAL_Driver/Src/stm32f4xx_hal_spi.o
                0x000000000802d020                HAL_SPI_RxCpltCallback
 .text.HAL_SPI_RxHalfCpltCallback
                0x000000000802d034       0x14 Drivers/STM32F4xx_HAL_Driver/Src/stm32f4xx_hal_spi.o
                0x000000000802d034                HAL_SPI_RxHalfCpltCallback
 .text.HAL_SPI_TxRxHalfCpltCallback
                0x000000000802d048       0x14 Drivers/STM32F4xx_HAL_Driver/Src/stm32f4xx_hal_spi.o
                0x000000000802d048                HAL_SPI_TxRxHalfCpltCallback
 .text.HAL_SPI_ErrorCallback
                0x000000000802d05c       0x14 Drivers/STM32F4xx_HAL_Driver/Src/stm32f4xx_hal_spi.o
                0x000000000802d05c                HAL_SPI_ErrorCallback
 .text.SPI_DMAReceiveCplt
                0x000000000802d070       0x84 Drivers/STM32F4xx_HAL_Driver/Src/stm32f4xx_hal_spi.o
 .text.SPI_DMATransmitReceiveCplt
                0x000000000802d0f4       0x90 Drivers/STM32F4xx_HAL_Driver/Src/stm32f4xx_hal_spi.o
 .text.SPI_DMAHalfReceiveCplt
                0x000000000802d184       0x1c Drivers/STM32F4xx_HAL_Driver/Src/stm32f4xx_hal_spi.o
 .text.SPI_DMAHalfTransmitReceiveCplt
                0x000000000802d1a0       0x1c Drivers/STM32F4xx_HAL_Driver/Src/stm32f4xx_hal_spi.o
 .text.SPI_DMAError
                0x000000000802d1bc       0x40 Drivers/STM32F4xx_HAL_Driver/Src/stm32f4xx_hal_spi.o
 .text.SPI_WaitFlagStateUntilTimeout
                0x000000000802d1fc       0xd4 Drivers/STM32F4xx_HAL_Driver/Src/stm32f4xx_hal_spi.o
 .text.SPI_EndRxTransaction
                0x000000000802d2d0       0xca Drivers/STM32F4xx_HAL_Driver/Src/stm32f4xx_hal_spi.o
 *fill*         0x000000000802d39a        0x2 
 .text.SPI_EndRxTxTransaction
                0x000000000802d39c       0x84 Drivers/STM32F4xx_HAL_Driver/Src/stm32f4xx_hal_spi.o
 .text.HAL_TIM_Base_Init
                0x000000000802d420       0x56 Drivers/STM32F4xx_HAL_Driver/Src/stm32f4xx_hal_tim.o
                0x000000000802d420                HAL_TIM_Base_Init
 .text.HAL_TIM_PWM_Init
                0x000000000802d476       0x56 Drivers/STM32F4xx_HAL_Driver/Src/stm32f4xx_hal_tim.o
                0x000000000802d476                HAL_TIM_PWM_Init
 .text.HAL_TIM_PWM_MspInit
                0x000000000802d4cc       0x14 Drivers/STM32F4xx_HAL_Driver/Src/stm32f4xx_hal_tim.o
                0x000000000802d4cc                HAL_TIM_PWM_MspInit
 .text.HAL_TIM_PWM_Start
                0x000000000802d4e0       0x64 Drivers/STM32F4xx_HAL_Driver/Src/stm32f4xx_hal_tim.o
                0x000000000802d4e0                HAL_TIM_PWM_Start
 .text.HAL_TIM_PWM_Stop
                0x000000000802d544       0x98 Drivers/STM32F4xx_HAL_Driver/Src/stm32f4xx_hal_tim.o
                0x000000000802d544                HAL_TIM_PWM_Stop
 .text.HAL_TIM_PWM_ConfigChannel
                0x000000000802d5dc      0x18c Drivers/STM32F4xx_HAL_Driver/Src/stm32f4xx_hal_tim.o
                0x000000000802d5dc                HAL_TIM_PWM_ConfigChannel
 .text.HAL_TIM_ConfigClockSource
                0x000000000802d768      0x16e Drivers/STM32F4xx_HAL_Driver/Src/stm32f4xx_hal_tim.o
                0x000000000802d768                HAL_TIM_ConfigClockSource
 *fill*         0x000000000802d8d6        0x2 
 .text.TIM_Base_SetConfig
                0x000000000802d8d8      0x100 Drivers/STM32F4xx_HAL_Driver/Src/stm32f4xx_hal_tim.o
                0x000000000802d8d8                TIM_Base_SetConfig
 .text.TIM_OC1_SetConfig
                0x000000000802d9d8       0xcc Drivers/STM32F4xx_HAL_Driver/Src/stm32f4xx_hal_tim.o
 .text.TIM_OC2_SetConfig
                0x000000000802daa4       0xd8 Drivers/STM32F4xx_HAL_Driver/Src/stm32f4xx_hal_tim.o
                0x000000000802daa4                TIM_OC2_SetConfig
 .text.TIM_OC3_SetConfig
                0x000000000802db7c       0xd4 Drivers/STM32F4xx_HAL_Driver/Src/stm32f4xx_hal_tim.o
 .text.TIM_OC4_SetConfig
                0x000000000802dc50       0xa0 Drivers/STM32F4xx_HAL_Driver/Src/stm32f4xx_hal_tim.o
 .text.TIM_TI1_ConfigInputStage
                0x000000000802dcf0       0x5e Drivers/STM32F4xx_HAL_Driver/Src/stm32f4xx_hal_tim.o
 .text.TIM_TI2_ConfigInputStage
                0x000000000802dd4e       0x60 Drivers/STM32F4xx_HAL_Driver/Src/stm32f4xx_hal_tim.o
 .text.TIM_ITRx_SetConfig
                0x000000000802ddae       0x36 Drivers/STM32F4xx_HAL_Driver/Src/stm32f4xx_hal_tim.o
 .text.TIM_ETR_SetConfig
                0x000000000802dde4       0x40 Drivers/STM32F4xx_HAL_Driver/Src/stm32f4xx_hal_tim.o
                0x000000000802dde4                TIM_ETR_SetConfig
 .text.TIM_CCxChannelCmd
                0x000000000802de24       0x4a Drivers/STM32F4xx_HAL_Driver/Src/stm32f4xx_hal_tim.o
                0x000000000802de24                TIM_CCxChannelCmd
 *fill*         0x000000000802de6e        0x2 
 .text.HAL_TIMEx_MasterConfigSynchronization
                0x000000000802de70       0xdc Drivers/STM32F4xx_HAL_Driver/Src/stm32f4xx_hal_tim_ex.o
                0x000000000802de70                HAL_TIMEx_MasterConfigSynchronization
 .text.HAL_UART_Init
                0x000000000802df4c       0x9a Drivers/STM32F4xx_HAL_Driver/Src/stm32f4xx_hal_uart.o
                0x000000000802df4c                HAL_UART_Init
 *fill*         0x000000000802dfe6        0x2 
 .text.HAL_UART_Transmit_DMA
                0x000000000802dfe8       0xd8 Drivers/STM32F4xx_HAL_Driver/Src/stm32f4xx_hal_uart.o
                0x000000000802dfe8                HAL_UART_Transmit_DMA
 .text.HAL_UART_DMAPause
                0x000000000802e0c0       0xc8 Drivers/STM32F4xx_HAL_Driver/Src/stm32f4xx_hal_uart.o
                0x000000000802e0c0                HAL_UART_DMAPause
 .text.HAL_UART_DMAResume
                0x000000000802e188       0xa2 Drivers/STM32F4xx_HAL_Driver/Src/stm32f4xx_hal_uart.o
                0x000000000802e188                HAL_UART_DMAResume
 *fill*         0x000000000802e22a        0x2 
 .text.HAL_UART_IRQHandler
                0x000000000802e22c      0x200 Drivers/STM32F4xx_HAL_Driver/Src/stm32f4xx_hal_uart.o
                0x000000000802e22c                HAL_UART_IRQHandler
 .text.HAL_UART_TxHalfCpltCallback
                0x000000000802e42c       0x14 Drivers/STM32F4xx_HAL_Driver/Src/stm32f4xx_hal_uart.o
                0x000000000802e42c                HAL_UART_TxHalfCpltCallback
 .text.HAL_UART_RxCpltCallback
                0x000000000802e440       0x14 Drivers/STM32F4xx_HAL_Driver/Src/stm32f4xx_hal_uart.o
                0x000000000802e440                HAL_UART_RxCpltCallback
 .text.HAL_UART_ErrorCallback
                0x000000000802e454       0x14 Drivers/STM32F4xx_HAL_Driver/Src/stm32f4xx_hal_uart.o
                0x000000000802e454                HAL_UART_ErrorCallback
 .text.UART_DMATransmitCplt
                0x000000000802e468       0x52 Drivers/STM32F4xx_HAL_Driver/Src/stm32f4xx_hal_uart.o
 .text.UART_DMATxHalfCplt
                0x000000000802e4ba       0x1c Drivers/STM32F4xx_HAL_Driver/Src/stm32f4xx_hal_uart.o
 .text.UART_DMAError
                0x000000000802e4d6       0x94 Drivers/STM32F4xx_HAL_Driver/Src/stm32f4xx_hal_uart.o
 .text.UART_EndTxTransfer
                0x000000000802e56a       0x2c Drivers/STM32F4xx_HAL_Driver/Src/stm32f4xx_hal_uart.o
 .text.UART_EndRxTransfer
                0x000000000802e596       0x3c Drivers/STM32F4xx_HAL_Driver/Src/stm32f4xx_hal_uart.o
 .text.UART_DMAAbortOnError
                0x000000000802e5d2       0x28 Drivers/STM32F4xx_HAL_Driver/Src/stm32f4xx_hal_uart.o
 .text.UART_Transmit_IT
                0x000000000802e5fa       0xac Drivers/STM32F4xx_HAL_Driver/Src/stm32f4xx_hal_uart.o
 .text.UART_EndTransmit_IT
                0x000000000802e6a6       0x30 Drivers/STM32F4xx_HAL_Driver/Src/stm32f4xx_hal_uart.o
 .text.UART_Receive_IT
                0x000000000802e6d6      0x102 Drivers/STM32F4xx_HAL_Driver/Src/stm32f4xx_hal_uart.o
 .text.UART_SetConfig
                0x000000000802e7d8      0x6f8 Drivers/STM32F4xx_HAL_Driver/Src/stm32f4xx_hal_uart.o
 .text.abort    0x000000000802eed0        0xe c:/st/stm32cubeide_1.4.0/stm32cubeide/plugins/com.st.stm32cube.ide.mcu.externaltools.gnu-tools-for-stm32.7-2018-q2-update.win32_1.4.0.202007081208/tools/bin/../lib/gcc/arm-none-eabi/7.3.1/../../../../arm-none-eabi/lib/thumb/v7e-m/fpv4-sp/hard\libc_nano.a(lib_a-abort.o)
                0x000000000802eed0                abort
 *fill*         0x000000000802eede        0x2 
 .text.__errno  0x000000000802eee0        0xc c:/st/stm32cubeide_1.4.0/stm32cubeide/plugins/com.st.stm32cube.ide.mcu.externaltools.gnu-tools-for-stm32.7-2018-q2-update.win32_1.4.0.202007081208/tools/bin/../lib/gcc/arm-none-eabi/7.3.1/../../../../arm-none-eabi/lib/thumb/v7e-m/fpv4-sp/hard\libc_nano.a(lib_a-errno.o)
                0x000000000802eee0                __errno
 .text.__sflush_r
                0x000000000802eeec      0x10c c:/st/stm32cubeide_1.4.0/stm32cubeide/plugins/com.st.stm32cube.ide.mcu.externaltools.gnu-tools-for-stm32.7-2018-q2-update.win32_1.4.0.202007081208/tools/bin/../lib/gcc/arm-none-eabi/7.3.1/../../../../arm-none-eabi/lib/thumb/v7e-m/fpv4-sp/hard\libc_nano.a(lib_a-fflush.o)
                0x000000000802eeec                __sflush_r
 .text._fflush_r
                0x000000000802eff8       0x54 c:/st/stm32cubeide_1.4.0/stm32cubeide/plugins/com.st.stm32cube.ide.mcu.externaltools.gnu-tools-for-stm32.7-2018-q2-update.win32_1.4.0.202007081208/tools/bin/../lib/gcc/arm-none-eabi/7.3.1/../../../../arm-none-eabi/lib/thumb/v7e-m/fpv4-sp/hard\libc_nano.a(lib_a-fflush.o)
                0x000000000802eff8                _fflush_r
 .text.fflush   0x000000000802f04c       0x24 c:/st/stm32cubeide_1.4.0/stm32cubeide/plugins/com.st.stm32cube.ide.mcu.externaltools.gnu-tools-for-stm32.7-2018-q2-update.win32_1.4.0.202007081208/tools/bin/../lib/gcc/arm-none-eabi/7.3.1/../../../../arm-none-eabi/lib/thumb/v7e-m/fpv4-sp/hard\libc_nano.a(lib_a-fflush.o)
                0x000000000802f04c                fflush
 .text.std      0x000000000802f070       0x48 c:/st/stm32cubeide_1.4.0/stm32cubeide/plugins/com.st.stm32cube.ide.mcu.externaltools.gnu-tools-for-stm32.7-2018-q2-update.win32_1.4.0.202007081208/tools/bin/../lib/gcc/arm-none-eabi/7.3.1/../../../../arm-none-eabi/lib/thumb/v7e-m/fpv4-sp/hard\libc_nano.a(lib_a-findfp.o)
 .text._cleanup_r
                0x000000000802f0b8        0xc c:/st/stm32cubeide_1.4.0/stm32cubeide/plugins/com.st.stm32cube.ide.mcu.externaltools.gnu-tools-for-stm32.7-2018-q2-update.win32_1.4.0.202007081208/tools/bin/../lib/gcc/arm-none-eabi/7.3.1/../../../../arm-none-eabi/lib/thumb/v7e-m/fpv4-sp/hard\libc_nano.a(lib_a-findfp.o)
                0x000000000802f0b8                _cleanup_r
 .text.__sfmoreglue
                0x000000000802f0c4       0x2c c:/st/stm32cubeide_1.4.0/stm32cubeide/plugins/com.st.stm32cube.ide.mcu.externaltools.gnu-tools-for-stm32.7-2018-q2-update.win32_1.4.0.202007081208/tools/bin/../lib/gcc/arm-none-eabi/7.3.1/../../../../arm-none-eabi/lib/thumb/v7e-m/fpv4-sp/hard\libc_nano.a(lib_a-findfp.o)
                0x000000000802f0c4                __sfmoreglue
 .text.__sinit  0x000000000802f0f0       0x60 c:/st/stm32cubeide_1.4.0/stm32cubeide/plugins/com.st.stm32cube.ide.mcu.externaltools.gnu-tools-for-stm32.7-2018-q2-update.win32_1.4.0.202007081208/tools/bin/../lib/gcc/arm-none-eabi/7.3.1/../../../../arm-none-eabi/lib/thumb/v7e-m/fpv4-sp/hard\libc_nano.a(lib_a-findfp.o)
                0x000000000802f0f0                __sinit
 .text.__sfp    0x000000000802f150       0x78 c:/st/stm32cubeide_1.4.0/stm32cubeide/plugins/com.st.stm32cube.ide.mcu.externaltools.gnu-tools-for-stm32.7-2018-q2-update.win32_1.4.0.202007081208/tools/bin/../lib/gcc/arm-none-eabi/7.3.1/../../../../arm-none-eabi/lib/thumb/v7e-m/fpv4-sp/hard\libc_nano.a(lib_a-findfp.o)
                0x000000000802f150                __sfp
 .text.fprintf  0x000000000802f1c8       0x24 c:/st/stm32cubeide_1.4.0/stm32cubeide/plugins/com.st.stm32cube.ide.mcu.externaltools.gnu-tools-for-stm32.7-2018-q2-update.win32_1.4.0.202007081208/tools/bin/../lib/gcc/arm-none-eabi/7.3.1/../../../../arm-none-eabi/lib/thumb/v7e-m/fpv4-sp/hard\libc_nano.a(lib_a-fprintf.o)
                0x000000000802f1c8                fiprintf
                0x000000000802f1c8                fprintf
 .text._fwalk_reent
                0x000000000802f1ec       0x3c c:/st/stm32cubeide_1.4.0/stm32cubeide/plugins/com.st.stm32cube.ide.mcu.externaltools.gnu-tools-for-stm32.7-2018-q2-update.win32_1.4.0.202007081208/tools/bin/../lib/gcc/arm-none-eabi/7.3.1/../../../../arm-none-eabi/lib/thumb/v7e-m/fpv4-sp/hard\libc_nano.a(lib_a-fwalk.o)
                0x000000000802f1ec                _fwalk_reent
 .text._fwrite_r
                0x000000000802f228       0x9c c:/st/stm32cubeide_1.4.0/stm32cubeide/plugins/com.st.stm32cube.ide.mcu.externaltools.gnu-tools-for-stm32.7-2018-q2-update.win32_1.4.0.202007081208/tools/bin/../lib/gcc/arm-none-eabi/7.3.1/../../../../arm-none-eabi/lib/thumb/v7e-m/fpv4-sp/hard\libc_nano.a(lib_a-fwrite.o)
                0x000000000802f228                _fwrite_r
 .text.fwrite   0x000000000802f2c4       0x1c c:/st/stm32cubeide_1.4.0/stm32cubeide/plugins/com.st.stm32cube.ide.mcu.externaltools.gnu-tools-for-stm32.7-2018-q2-update.win32_1.4.0.202007081208/tools/bin/../lib/gcc/arm-none-eabi/7.3.1/../../../../arm-none-eabi/lib/thumb/v7e-m/fpv4-sp/hard\libc_nano.a(lib_a-fwrite.o)
                0x000000000802f2c4                fwrite
 .text.__libc_init_array
                0x000000000802f2e0       0x48 c:/st/stm32cubeide_1.4.0/stm32cubeide/plugins/com.st.stm32cube.ide.mcu.externaltools.gnu-tools-for-stm32.7-2018-q2-update.win32_1.4.0.202007081208/tools/bin/../lib/gcc/arm-none-eabi/7.3.1/../../../../arm-none-eabi/lib/thumb/v7e-m/fpv4-sp/hard\libc_nano.a(lib_a-init.o)
                0x000000000802f2e0                __libc_init_array
 .text.malloc   0x000000000802f328       0x10 c:/st/stm32cubeide_1.4.0/stm32cubeide/plugins/com.st.stm32cube.ide.mcu.externaltools.gnu-tools-for-stm32.7-2018-q2-update.win32_1.4.0.202007081208/tools/bin/../lib/gcc/arm-none-eabi/7.3.1/../../../../arm-none-eabi/lib/thumb/v7e-m/fpv4-sp/hard\libc_nano.a(lib_a-malloc.o)
                0x000000000802f328                malloc
 .text.free     0x000000000802f338       0x10 c:/st/stm32cubeide_1.4.0/stm32cubeide/plugins/com.st.stm32cube.ide.mcu.externaltools.gnu-tools-for-stm32.7-2018-q2-update.win32_1.4.0.202007081208/tools/bin/../lib/gcc/arm-none-eabi/7.3.1/../../../../arm-none-eabi/lib/thumb/v7e-m/fpv4-sp/hard\libc_nano.a(lib_a-malloc.o)
                0x000000000802f338                free
 .text.memset   0x000000000802f348       0x10 c:/st/stm32cubeide_1.4.0/stm32cubeide/plugins/com.st.stm32cube.ide.mcu.externaltools.gnu-tools-for-stm32.7-2018-q2-update.win32_1.4.0.202007081208/tools/bin/../lib/gcc/arm-none-eabi/7.3.1/../../../../arm-none-eabi/lib/thumb/v7e-m/fpv4-sp/hard\libc_nano.a(lib_a-memset.o)
                0x000000000802f348                memset
 .text._free_r  0x000000000802f358       0x9c c:/st/stm32cubeide_1.4.0/stm32cubeide/plugins/com.st.stm32cube.ide.mcu.externaltools.gnu-tools-for-stm32.7-2018-q2-update.win32_1.4.0.202007081208/tools/bin/../lib/gcc/arm-none-eabi/7.3.1/../../../../arm-none-eabi/lib/thumb/v7e-m/fpv4-sp/hard\libc_nano.a(lib_a-nano-freer.o)
                0x000000000802f358                _free_r
 .text._malloc_r
                0x000000000802f3f4       0xb4 c:/st/stm32cubeide_1.4.0/stm32cubeide/plugins/com.st.stm32cube.ide.mcu.externaltools.gnu-tools-for-stm32.7-2018-q2-update.win32_1.4.0.202007081208/tools/bin/../lib/gcc/arm-none-eabi/7.3.1/../../../../arm-none-eabi/lib/thumb/v7e-m/fpv4-sp/hard\libc_nano.a(lib_a-nano-mallocr.o)
                0x000000000802f3f4                _malloc_r
 .text.__sfputc_r
                0x000000000802f4a8       0x2e c:/st/stm32cubeide_1.4.0/stm32cubeide/plugins/com.st.stm32cube.ide.mcu.externaltools.gnu-tools-for-stm32.7-2018-q2-update.win32_1.4.0.202007081208/tools/bin/../lib/gcc/arm-none-eabi/7.3.1/../../../../arm-none-eabi/lib/thumb/v7e-m/fpv4-sp/hard\libc_nano.a(lib_a-nano-vfprintf.o)
 .text.__sfputs_r
                0x000000000802f4d6       0x24 c:/st/stm32cubeide_1.4.0/stm32cubeide/plugins/com.st.stm32cube.ide.mcu.externaltools.gnu-tools-for-stm32.7-2018-q2-update.win32_1.4.0.202007081208/tools/bin/../lib/gcc/arm-none-eabi/7.3.1/../../../../arm-none-eabi/lib/thumb/v7e-m/fpv4-sp/hard\libc_nano.a(lib_a-nano-vfprintf.o)
                0x000000000802f4d6                __sfputs_r
 *fill*         0x000000000802f4fa        0x2 
 .text._vfprintf_r
                0x000000000802f4fc      0x22c c:/st/stm32cubeide_1.4.0/stm32cubeide/plugins/com.st.stm32cube.ide.mcu.externaltools.gnu-tools-for-stm32.7-2018-q2-update.win32_1.4.0.202007081208/tools/bin/../lib/gcc/arm-none-eabi/7.3.1/../../../../arm-none-eabi/lib/thumb/v7e-m/fpv4-sp/hard\libc_nano.a(lib_a-nano-vfprintf.o)
                0x000000000802f4fc                _vfprintf_r
                0x000000000802f4fc                _vfiprintf_r
 .text.vfprintf
                0x000000000802f728       0x14 c:/st/stm32cubeide_1.4.0/stm32cubeide/plugins/com.st.stm32cube.ide.mcu.externaltools.gnu-tools-for-stm32.7-2018-q2-update.win32_1.4.0.202007081208/tools/bin/../lib/gcc/arm-none-eabi/7.3.1/../../../../arm-none-eabi/lib/thumb/v7e-m/fpv4-sp/hard\libc_nano.a(lib_a-nano-vfprintf.o)
                0x000000000802f728                vfprintf
                0x000000000802f728                vfiprintf
 .text._printf_common